Component: ARM Compiler 5.06 update 7 (build 960) Tool: armlink [4d3601]

==============================================================================

Section Cross References

    system_xl32f0xx.o(i.$Sub$$main) refers to main.o(i.main) for $Super$$main
    system_xl32f0xx.o(i.$Sub$$main) refers to system_xl32f0xx.o(.ARM.__at_0x20000000) for VECT_SRAM_TAB
    system_xl32f0xx.o(i.SystemCoreClockUpdate) refers to uidiv.o(.text) for __aeabi_uidivmod
    system_xl32f0xx.o(i.SystemCoreClockUpdate) refers to system_xl32f0xx.o(.data) for SystemCoreClock
    system_xl32f0xx.o(i.SystemCoreClockUpdate) refers to system_xl32f0xx.o(.constdata) for HSIFreqTable
    startup_xl32f003x6.o(RESET) refers to startup_xl32f003x6.o(STACK) for __initial_sp
    startup_xl32f003x6.o(RESET) refers to startup_xl32f003x6.o(.text) for Reset_Handler
    startup_xl32f003x6.o(RESET) refers to xl32f0xx_it.o(i.NMI_Handler) for NMI_Handler
    startup_xl32f003x6.o(RESET) refers to xl32f0xx_it.o(i.HardFault_Handler) for HardFault_Handler
    startup_xl32f003x6.o(RESET) refers to xl32f0xx_it.o(i.SVC_Handler) for SVC_Handler
    startup_xl32f003x6.o(RESET) refers to xl32f0xx_it.o(i.PendSV_Handler) for PendSV_Handler
    startup_xl32f003x6.o(RESET) refers to xl32f0xx_it.o(i.SysTick_Handler) for SysTick_Handler
    startup_xl32f003x6.o(RESET) refers to bsp_driver.o(i.EXTI4_15_IRQHandler) for EXTI4_15_IRQHandler
    startup_xl32f003x6.o(RESET) refers to bsp_driver.o(i.ADC_COMP_IRQHandler) for ADC_COMP_IRQHandler
    startup_xl32f003x6.o(RESET) refers to bsp_driver.o(i.TIM3_IRQHandler) for TIM3_IRQHandler
    startup_xl32f003x6.o(RESET) refers to bsp_driver.o(i.USART2_IRQHandler) for USART2_IRQHandler
    startup_xl32f003x6.o(.text) refers to system_xl32f0xx.o(i.SystemInit) for SystemInit
    startup_xl32f003x6.o(.text) refers to entry.o(.ARM.Collect$$$$00000000) for __main
    main.o(i.SystemClock_Config) refers to xl32f0xx_ll_utils.o(i.LL_Init1msTick) for LL_Init1msTick
    main.o(i.SystemClock_Config) refers to xl32f0xx_ll_utils.o(i.LL_SetSystemCoreClock) for LL_SetSystemCoreClock
    main.o(i.main) refers to main.o(i.SystemClock_Config) for SystemClock_Config
    main.o(i.main) refers to bsp_driver.o(i.IWDG_Config) for IWDG_Config
    main.o(i.main) refers to flash_driver.o(i.FlashSynCallBellPara) for FlashSynCallBellPara
    main.o(i.main) refers to bsp_driver.o(i.gpio_init) for gpio_init
    main.o(i.main) refers to bsp_driver.o(i.ADC_init) for ADC_init
    main.o(i.main) refers to bsp_driver.o(i.uart2_init) for uart2_init
    main.o(i.main) refers to bsp_driver.o(i.timer1_init) for timer1_init
    main.o(i.main) refers to card_m1.o(i.m1_init) for m1_init
    main.o(i.main) refers to app.o(i.System_Run) for System_Run
    main.o(i.millis) refers to bsp_driver.o(.data) for sys_ms
    main.o(.data) refers to main.o(.conststring) for .conststring
    xl32f0xx_it.o(i.SysTick_Handler) refers to bsp_driver.o(.data) for sys_ms
    xl32f0xx_it.o(i.SysTick_Handler) refers to bsp_driver.o(.bss) for uart_state
    flash_driver.o(.RamFunc) refers to memseta.o(.text) for __aeabi_memset
    flash_driver.o(.RamFunc) refers to flash_driver.o(i.flash_unlock) for flash_unlock
    flash_driver.o(.RamFunc) refers to memcpya.o(.text) for __aeabi_memcpy
    flash_driver.o(.RamFunc) refers to flash_driver.o(i.FLASH_WaitForLastOperation) for FLASH_WaitForLastOperation
    flash_driver.o(.RamFunc) refers to flash_driver.o(i.flash_lock) for flash_lock
    flash_driver.o(i.FLASH_WaitForLastOperation) refers to main.o(i.millis) for millis
    flash_driver.o(i.FlashSaveCallBellPara) refers to flash_driver.o(i.flash_page_erase) for flash_page_erase
    flash_driver.o(i.FlashSaveCallBellPara) refers to memseta.o(.text) for __aeabi_memset
    flash_driver.o(i.FlashSaveCallBellPara) refers to memcpya.o(.text) for __aeabi_memcpy
    flash_driver.o(i.FlashSaveCallBellPara) refers to flash_driver.o(.RamFunc) for flash_write
    flash_driver.o(i.FlashSaveCallBellPara) refers to flash_driver.o(.data) for offset
    flash_driver.o(i.FlashSaveCallBellPara) refers to bsp_driver.o(.data) for bellParams
    flash_driver.o(i.FlashSynCallBellPara) refers to memcpya.o(.text) for __aeabi_memcpy
    flash_driver.o(i.FlashSynCallBellPara) refers to flash_driver.o(.data) for offset
    flash_driver.o(i.FlashSynCallBellPara) refers to bsp_driver.o(.data) for bellParams
    flash_driver.o(i.flash_page_erase) refers to flash_driver.o(i.flash_unlock) for flash_unlock
    flash_driver.o(i.flash_page_erase) refers to flash_driver.o(i.FLASH_WaitForLastOperation) for FLASH_WaitForLastOperation
    flash_driver.o(i.flash_program_bytes) refers to flash_driver.o(i.flash_unlock) for flash_unlock
    flash_driver.o(i.flash_program_bytes) refers to memseta.o(.text) for __aeabi_memset
    flash_driver.o(i.flash_program_bytes) refers to memcpya.o(.text) for __aeabi_memcpy
    flash_driver.o(i.flash_program_bytes) refers to flash_driver.o(.RamFunc) for flash_write_page
[...]
    xl32f0xx_ll_tim.o(i.LL_TIM_OC_Init) refers to xl32f0xx_ll_tim.o(i.OC4Config) for OC4Config
    xl32f0xx_ll_tim.o(i.OC2Config) refers to xl32f0xx_ll_tim.o(i.LL_TIM_OC_SetCompareCH2) for LL_TIM_OC_SetCompareCH2
    xl32f0xx_ll_usart.o(i.LL_USART_ClockInit) refers to xl32f0xx_ll_usart.o(i.LL_USART_IsEnabled) for LL_USART_IsEnabled
    xl32f0xx_ll_usart.o(i.LL_USART_Init) refers to xl32f0xx_ll_usart.o(i.LL_USART_IsEnabled) for LL_USART_IsEnabled
    xl32f0xx_ll_usart.o(i.LL_USART_Init) refers to xl32f0xx_ll_rcc.o(i.LL_RCC_GetSystemClocksFreq) for LL_RCC_GetSystemClocksFreq
    xl32f0xx_ll_usart.o(i.LL_USART_Init) refers to xl32f0xx_ll_usart.o(i.LL_USART_SetBaudRate) for LL_USART_SetBaudRate
    xl32f0xx_ll_usart.o(i.LL_USART_SetBaudRate) refers to uidiv.o(.text) for __aeabi_uidivmod
    xl32f0xx_ll_utils.o(i.LL_Init1msTick) refers to uidiv.o(.text) for __aeabi_uidivmod
    xl32f0xx_ll_utils.o(i.LL_SetSystemCoreClock) refers to system_xl32f0xx.o(.data) for SystemCoreClock
    app.o(i.Check_M1) refers to card_m1.o(i.PCD_DP1322ES_TypeA_GetUID) for PCD_DP1322ES_TypeA_GetUID
    app.o(i.Check_M1) refers to cmd_process.o(i.CmdSend) for CmdSend
    app.o(i.Check_M1) refers to app.o(.data) for res
    app.o(i.Check_M1) refers to bsp_driver.o(.bss) for M1_Card_Info
    app.o(i.System_Run) refers to app.o(i.Task1_idcard_process) for Task1_idcard_process
    app.o(i.System_Run) refers to app.o(i.Task2_uart_process) for Task2_uart_process
    app.o(i.System_Run) refers to app.o(i.Task3_100ms_process) for Task3_100ms_process
    app.o(i.System_Run) refers to app.o(i.Task4_rf433_process) for Task4_rf433_process
    app.o(i.System_Run) refers to app.o(.data) for idcard_pt
    app.o(i.Task1_idcard_process) refers to cmd_process.o(i.CmdSend) for CmdSend
    app.o(i.Task1_idcard_process) refers to memseta.o(.text) for __aeabi_memclr
    app.o(i.Task1_idcard_process) refers to bsp_driver.o(.bss) for ID_Card_Info
    app.o(i.Task1_idcard_process) refers to bsp_driver.o(.data) for sys_ms
    app.o(i.Task1_idcard_process) refers to app.o(.data) for sys_ms_last
    app.o(i.Task2_uart_process) refers to cmd_process.o(i.CmdProcess) for CmdProcess
    app.o(i.Task2_uart_process) refers to app.o(i.ymodem_data_process) for ymodem_data_process
    app.o(i.Task2_uart_process) refers to bsp_driver.o(.bss) for uart_state
    app.o(i.Task3_100ms_process) refers to uidiv.o(.text) for __aeabi_uidivmod
    app.o(i.Task3_100ms_process) refers to app.o(i.ymodem_timeout_process) for ymodem_timeout_process
    app.o(i.Task3_100ms_process) refers to bsp_driver.o(i.ADC_start) for ADC_start
    app.o(i.Task3_100ms_process) refers to dfixui.o(.text) for __aeabi_d2uiz
    app.o(i.Task3_100ms_process) refers to cmd_process.o(i.CmdSend) for CmdSend
    app.o(i.Task3_100ms_process) refers to app.o(i.NVIC_SystemReset) for NVIC_SystemReset
    app.o(i.Task3_100ms_process) refers to app.o(i.Check_M1) for Check_M1
    app.o(i.Task3_100ms_process) refers to main.o(i.millis) for millis
    app.o(i.Task3_100ms_process) refers to app.o(.data) for cnt_100ms
    app.o(i.Task3_100ms_process) refers to bsp_driver.o(.data) for temperature_average
    app.o(i.Task4_rf433_process) refers to cmd_process.o(i.CmdSend) for CmdSend
    app.o(i.Task4_rf433_process) refers to memcpya.o(.text) for __aeabi_memcpy
    app.o(i.Task4_rf433_process) refers to bsp_driver.o(.bss) for RF433_Info
    app.o(i.Task4_rf433_process) refers to app.o(.data) for RF433_last
    app.o(i.Task4_rf433_process) refers to bsp_driver.o(.data) for sys_ms
    app.o(i.ymodem_data_process) refers to ymodem.o(i.ymodem_packet_analysis) for ymodem_packet_analysis
    app.o(i.ymodem_data_process) refers to xl32f0xx_ll_utils.o(i.LL_mDelay) for LL_mDelay
    app.o(i.ymodem_data_process) refers to bsp_driver.o(i.uart_send_data) for uart_send_data
    app.o(i.ymodem_data_process) refers to ymodem.o(.bss) for ymodem_session
    app.o(i.ymodem_data_process) refers to bsp_driver.o(.bss) for uart_state
    app.o(i.ymodem_data_process) refers to app.o(.data) for IAP_Key
    app.o(i.ymodem_timeout_process) refers to bsp_driver.o(i.uart_send_data) for uart_send_data
    app.o(i.ymodem_timeout_process) refers to memseta.o(.text) for __aeabi_memclr4
    app.o(i.ymodem_timeout_process) refers to app.o(i.NVIC_SystemReset) for NVIC_SystemReset
    app.o(i.ymodem_timeout_process) refers to ymodem.o(.bss) for ymodem_session
    app.o(.data) refers to app.o(.conststring) for .conststring
    card_m1.o(i.CalulateCRC) refers to card_m1.o(i.I_DP1322ES_ClearBitMask) for I_DP1322ES_ClearBitMask
    card_m1.o(i.CalulateCRC) refers to card_m1.o(i.I_DP1322ES_IO_Write) for I_DP1322ES_IO_Write
    card_m1.o(i.CalulateCRC) refers to card_m1.o(i.I_DP1322ES_SetBitMask) for I_DP1322ES_SetBitMask
    card_m1.o(i.CalulateCRC) refers to card_m1.o(i.I_DP1322ES_IO_Read) for I_DP1322ES_IO_Read
    card_m1.o(i.I_DP1322ES_ClearBitMask) refers to card_m1.o(i.I_DP1322ES_IO_Read) for I_DP1322ES_IO_Read
    card_m1.o(i.I_DP1322ES_ClearBitMask) refers to card_m1.o(i.I_DP1322ES_IO_Write) for I_DP1322ES_IO_Write
    card_m1.o(i.I_DP1322ES_IO_Read) refers to card_m1.o(i.LL_GPIO_ResetOutputPin) for LL_GPIO_ResetOutputPin
    card_m1.o(i.I_DP1322ES_IO_Read) refers to card_m1.o(i.SPI_RW_Data) for SPI_RW_Data
    card_m1.o(i.I_DP1322ES_IO_Read) refers to card_m1.o(i.LL_GPIO_SetOutputPin) for LL_GPIO_SetOutputPin
    card_m1.o(i.I_DP1322ES_IO_Write) refers to card_m1.o(i.LL_GPIO_SetOutputPin) for LL_GPIO_SetOutputPin
    card_m1.o(i.I_DP1322ES_IO_Write) refers to card_m1.o(i.LL_GPIO_ResetOutputPin) for LL_GPIO_ResetOutputPin
    card_m1.o(i.I_DP1322ES_IO_Write) refers to card_m1.o(i.SPI_RW_Data) for SPI_RW_Data
    card_m1.o(i.I_DP1322ES_SetBitMask) refers to card_m1.o(i.I_DP1322ES_IO_Read) for I_DP1322ES_IO_Read
    card_m1.o(i.I_DP1322ES_SetBitMask) refers to card_m1.o(i.I_DP1322ES_IO_Write) for I_DP1322ES_IO_Write
    card_m1.o(i.PCD_DP1322ES_TypeA_GetUID) refers to card_m1.o(i.PcdRequest) for PcdRequest
    card_m1.o(i.PCD_DP1322ES_TypeA_GetUID) refers to card_m1.o(i.auto_reset) for auto_reset
    card_m1.o(i.PCD_DP1322ES_TypeA_GetUID) refers to card_m1.o(i.PcdAnticoll) for PcdAnticoll
    card_m1.o(i.PCD_DP1322ES_TypeA_GetUID) refers to card_m1.o(i.PcdSelect1) for PcdSelect1
    card_m1.o(i.PCD_DP1322ES_TypeA_GetUID) refers to card_m1.o(i.PcdSelect2) for PcdSelect2
    card_m1.o(i.PCD_DP1322ES_TypeA_GetUID) refers to card_m1.o(i.PcdSelect3) for PcdSelect3
    card_m1.o(i.PCD_DP1322ES_TypeA_GetUID) refers to uidiv.o(.text) for __aeabi_uidivmod
    card_m1.o(i.PCD_DP1322ES_TypeA_GetUID) refers to memcpya.o(.text) for __aeabi_memcpy
    card_m1.o(i.PCD_DP1322ES_TypeA_GetUID) refers to card_m1.o(.data) for errcnt
    card_m1.o(i.PCD_DP1322ES_TypeA_GetUID) refers to bsp_driver.o(.bss) for M1_Card_Info
    card_m1.o(i.PCD_DP1322ES_TypeA_Init) refers to card_m1.o(i.I_DP1322ES_ClearBitMask) for I_DP1322ES_ClearBitMask
    card_m1.o(i.PCD_DP1322ES_TypeA_Init) refers to card_m1.o(i.I_DP1322ES_IO_Write) for I_DP1322ES_IO_Write
    card_m1.o(i.PCD_DP1322ES_TypeA_Init) refers to card_m1.o(i.PcdAntennaOn) for PcdAntennaOn
    card_m1.o(i.PcdAntennaOn) refers to card_m1.o(i.I_DP1322ES_IO_Read) for I_DP1322ES_IO_Read
    card_m1.o(i.PcdAntennaOn) refers to card_m1.o(i.I_DP1322ES_SetBitMask) for I_DP1322ES_SetBitMask
    card_m1.o(i.PcdAnticoll) refers to card_m1.o(i.I_DP1322ES_ClearBitMask) for I_DP1322ES_ClearBitMask
    card_m1.o(i.PcdAnticoll) refers to card_m1.o(i.I_DP1322ES_IO_Write) for I_DP1322ES_IO_Write
    card_m1.o(i.PcdAnticoll) refers to card_m1.o(i.PcdComMF522) for PcdComMF522
    card_m1.o(i.PcdAnticoll) refers to card_m1.o(i.I_DP1322ES_SetBitMask) for I_DP1322ES_SetBitMask
    card_m1.o(i.PcdComMF522) refers to card_m1.o(i.I_DP1322ES_ClearBitMask) for I_DP1322ES_ClearBitMask
    card_m1.o(i.PcdComMF522) refers to card_m1.o(i.I_DP1322ES_IO_Write) for I_DP1322ES_IO_Write
    card_m1.o(i.PcdComMF522) refers to card_m1.o(i.I_DP1322ES_SetBitMask) for I_DP1322ES_SetBitMask
    card_m1.o(i.PcdComMF522) refers to card_m1.o(i.I_DP1322ES_IO_Read) for I_DP1322ES_IO_Read
    card_m1.o(i.PcdComMF522) refers to card_m1.o(.data) for aaa
    card_m1.o(i.PcdRequest) refers to card_m1.o(i.I_DP1322ES_ClearBitMask) for I_DP1322ES_ClearBitMask
    card_m1.o(i.PcdRequest) refers to card_m1.o(i.I_DP1322ES_IO_Write) for I_DP1322ES_IO_Write
    card_m1.o(i.PcdRequest) refers to card_m1.o(i.I_DP1322ES_SetBitMask) for I_DP1322ES_SetBitMask
    card_m1.o(i.PcdRequest) refers to card_m1.o(i.PcdComMF522) for PcdComMF522
    card_m1.o(i.PcdSelect1) refers to card_m1.o(i.CalulateCRC) for CalulateCRC
    card_m1.o(i.PcdSelect1) refers to card_m1.o(i.I_DP1322ES_ClearBitMask) for I_DP1322ES_ClearBitMask
    card_m1.o(i.PcdSelect1) refers to card_m1.o(i.PcdComMF522) for PcdComMF522
    card_m1.o(i.PcdSelect2) refers to card_m1.o(i.CalulateCRC) for CalulateCRC
    card_m1.o(i.PcdSelect2) refers to card_m1.o(i.I_DP1322ES_ClearBitMask) for I_DP1322ES_ClearBitMask
    card_m1.o(i.PcdSelect2) refers to card_m1.o(i.PcdComMF522) for PcdComMF522
    card_m1.o(i.PcdSelect3) refers to card_m1.o(i.CalulateCRC) for CalulateCRC
    card_m1.o(i.PcdSelect3) refers to card_m1.o(i.I_DP1322ES_ClearBitMask) for I_DP1322ES_ClearBitMask
    card_m1.o(i.PcdSelect3) refers to card_m1.o(i.PcdComMF522) for PcdComMF522
    card_m1.o(i.SPI_RW_Data) refers to card_m1.o(i.LL_GPIO_ResetOutputPin) for LL_GPIO_ResetOutputPin
    card_m1.o(i.SPI_RW_Data) refers to card_m1.o(i.LL_GPIO_SetOutputPin) for LL_GPIO_SetOutputPin
    card_m1.o(i.auto_reset) refers to card_m1.o(i.LL_GPIO_ResetOutputPin) for LL_GPIO_ResetOutputPin
    card_m1.o(i.auto_reset) refers to xl32f0xx_ll_utils.o(i.LL_mDelay) for LL_mDelay
    card_m1.o(i.auto_reset) refers to card_m1.o(i.LL_GPIO_SetOutputPin) for LL_GPIO_SetOutputPin
    card_m1.o(i.auto_reset) refers to card_m1.o(i.PCD_DP1322ES_TypeA_Init) for PCD_DP1322ES_TypeA_Init
    card_m1.o(i.m1_init) refers to card_m1.o(i.LL_GPIO_SetOutputPin) for LL_GPIO_SetOutputPin
    card_m1.o(i.m1_init) refers to card_m1.o(i.LL_GPIO_ResetOutputPin) for LL_GPIO_ResetOutputPin
    card_m1.o(i.m1_init) refers to xl32f0xx_ll_utils.o(i.LL_mDelay) for LL_mDelay
    card_m1.o(i.m1_init) refers to card_m1.o(i.PCD_DP1322ES_TypeA_Init) for PCD_DP1322ES_TypeA_Init
    card_m1.o(.data) refers to card_m1.o(.conststring) for .conststring
    entry.o(.ARM.Collect$$$$00000000) refers (Special) to entry10a.o(.ARM.Collect$$$$0000000F) for __rt_final_cpp
    entry.o(.ARM.Collect$$$$00000000) refers (Special) to entry11a.o(.ARM.Collect$$$$00000011) for __rt_final_exit
    entry.o(.ARM.Collect$$$$00000000) refers (Special) to entry12b.o(.ARM.Collect$$$$0000000E) for __rt_lib_shutdown_fini
    entry.o(.ARM.Collect$$$$00000000) refers (Special) to entry7b.o(.ARM.Collect$$$$00000008) for _main_clock
    entry.o(.ARM.Collect$$$$00000000) refers (Special) to entry8b.o(.ARM.Collect$$$$0000000A) for _main_cpp_init
    entry.o(.ARM.Collect$$$$00000000) refers (Special) to entry9a.o(.ARM.Collect$$$$0000000B) for _main_init
    entry.o(.ARM.Collect$$$$00000000) refers (Special) to entry5.o(.ARM.Collect$$$$00000004) for _main_scatterload
    entry.o(.ARM.Collect$$$$00000000) refers (Special) to entry2.o(.ARM.Collect$$$$00000001) for _main_stk
    idiv.o(.text) refers to uidiv.o(.text) for __aeabi_uidivmod
    dadd.o(.text) refers (Special) to iusefp.o(.text) for __I$use$fp
    dadd.o(.text) refers to llshl.o(.text) for __aeabi_llsl
    dadd.o(.text) refers to llsshr.o(.text) for __aeabi_lasr
    dadd.o(.text) refers to depilogue.o(.text) for _double_epilogue
    dmul.o(.text) refers (Special) to iusefp.o(.text) for __I$use$fp
    dmul.o(.text) refers to depilogue.o(.text) for _double_epilogue
    ddiv.o(.text) refers (Special) to iusefp.o(.text) for __I$use$fp
    ddiv.o(.text) refers to depilogue.o(.text) for _double_round
    dflti.o(.text) refers (Special) to iusefp.o(.text) for __I$use$fp
    dflti.o(.text) refers to depilogue.o(.text) for _double_epilogue
    dfltui.o(.text) refers (Special) to iusefp.o(.text) for __I$use$fp
    dfltui.o(.text) refers to depilogue.o(.text) for _double_epilogue
    dfixui.o(.text) refers (Special) to iusefp.o(.text) for __I$use$fp
    dfixui.o(.text) refers to llushr.o(.text) for __aeabi_llsr
    cdrcmple.o(.text) refers (Special) to iusefp.o(.text) for __I$use$fp
    entry2.o(.ARM.Collect$$$$00000001) refers to entry2.o(.ARM.Collect$$$$00002712) for __lit__00000000
    entry2.o(.ARM.Collect$$$$00002712) refers to startup_xl32f003x6.o(STACK) for __initial_sp
    entry2.o(__vectab_stack_and_reset_area) refers to startup_xl32f003x6.o(STACK) for __initial_sp
    entry2.o(__vectab_stack_and_reset_area) refers to entry.o(.ARM.Collect$$$$00000000) for __main
    entry5.o(.ARM.Collect$$$$00000004) refers to init.o(.text) for __scatterload
    entry9a.o(.ARM.Collect$$$$0000000B) refers to system_xl32f0xx.o(i.$Sub$$main) for main
    entry9b.o(.ARM.Collect$$$$0000000C) refers to system_xl32f0xx.o(i.$Sub$$main) for main
    depilogue.o(.text) refers to depilogue.o(i.__ARM_clz) for __ARM_clz
    depilogue.o(.text) refers to llshl.o(.text) for __aeabi_llsl
    depilogue.o(.text) refers to llushr.o(.text) for __aeabi_llsr
    init.o(.text) refers to entry5.o(.ARM.Collect$$$$00000004) for __main_after_scatterload


==============================================================================

Removing Unused input sections from the image.

    Removing system_xl32f0xx.o(.rev16_text), (4 bytes).
    Removing system_xl32f0xx.o(.revsh_text), (4 bytes).
    Removing system_xl32f0xx.o(i.SystemCoreClockUpdate), (140 bytes).
    Removing startup_xl32f003x6.o(HEAP), (0 bytes).
    Removing main.o(.rev16_text), (4 bytes).
    Removing main.o(.revsh_text), (4 bytes).
    Removing main.o(i.Error_Handler), (4 bytes).
    Removing main.o(.bss), (16 bytes).
    Removing main.o(.constdata), (38 bytes).
    Removing main.o(.conststring), (5 bytes).
    Removing main.o(.data), (4 bytes).
    Removing xl32f0xx_it.o(.rev16_text), (4 bytes).
    Removing xl32f0xx_it.o(.revsh_text), (4 bytes).
    Removing xl32f0xx_it.o(.constdata), (38 bytes).
    Removing flash_driver.o(.rev16_text), (4 bytes).
    Removing flash_driver.o(.revsh_text), (4 bytes).
    Removing flash_driver.o(i.JumpToApp), (36 bytes).
    Removing flash_driver.o(i.flashDataSave), (8 bytes).
    Removing flash_driver.o(i.flashDataSyn), (2 bytes).
    Removing flash_driver.o(.constdata), (38 bytes).
    Removing bsp_driver.o(.rev16_text), (4 bytes).
    Removing bsp_driver.o(.revsh_text), (4 bytes).
    Removing ymodem.o(.rev16_text), (4 bytes).
    Removing ymodem.o(.revsh_text), (4 bytes).
    Removing ymodem.o(i.ymodem_init), (24 bytes).
    Removing ymodem.o(.constdata), (38 bytes).
    Removing ymodem.o(.conststring), (7 bytes).
    Removing ymodem.o(.data), (4 bytes).
    Removing cmd_process.o(.rev16_text), (4 bytes).
    Removing cmd_process.o(.revsh_text), (4 bytes).
    Removing cmd_process.o(.constdata), (38 bytes).
    Removing xl32f003xx_ll_start_kit.o(.rev16_text), (4 bytes).
    Removing xl32f003xx_ll_start_kit.o(.revsh_text), (4 bytes).
    Removing xl32f003xx_ll_start_kit.o(i.BSP_GetVersion), (6 bytes).
    Removing xl32f003xx_ll_start_kit.o(i.BSP_LED_DeInit), (48 bytes).
    Removing xl32f003xx_ll_start_kit.o(i.BSP_LED_Init), (60 bytes).
    Removing xl32f003xx_ll_start_kit.o(i.BSP_LED_Off), (32 bytes).
    Removing xl32f003xx_ll_start_kit.o(i.BSP_LED_On), (32 bytes).
    Removing xl32f003xx_ll_start_kit.o(i.BSP_LED_Toggle), (32 bytes).
    Removing xl32f003xx_ll_start_kit.o(i.BSP_PB_DeInit), (60 bytes).
    Removing xl32f003xx_ll_start_kit.o(i.BSP_PB_GetState), (44 bytes).
    Removing xl32f003xx_ll_start_kit.o(i.BSP_PB_Init), (160 bytes).
    Removing xl32f003xx_ll_start_kit.o(i.BSP_USART_Config), (288 bytes).
    Removing xl32f003xx_ll_start_kit.o(i.LL_GPIO_ResetOutputPin), (4 bytes).
    Removing xl32f003xx_ll_start_kit.o(i.LL_GPIO_SetAFPin_0_7), (36 bytes).
    Removing xl32f003xx_ll_start_kit.o(i.LL_GPIO_SetOutputPin), (4 bytes).
    Removing xl32f003xx_ll_start_kit.o(i.LL_GPIO_SetPinMode), (26 bytes).
    Removing xl32f003xx_ll_start_kit.o(i.LL_GPIO_SetPinPull), (26 bytes).
    Removing xl32f003xx_ll_start_kit.o(i.LL_GPIO_SetPinSpeed), (26 bytes).
    Removing xl32f003xx_ll_start_kit.o(i.LL_IOP_GRP1_EnableClock), (28 bytes).
    Removing xl32f003xx_ll_start_kit.o(i.LL_USART_SetBaudRate), (306 bytes).
    Removing xl32f003xx_ll_start_kit.o(i.NVIC_SetPriority), (120 bytes).
    Removing xl32f003xx_ll_start_kit.o(i.fgetc), (36 bytes).
    Removing xl32f003xx_ll_start_kit.o(i.fputc), (44 bytes).
    Removing xl32f003xx_ll_start_kit.o(.constdata), (16 bytes).
    Removing xl32f003xx_ll_start_kit.o(.data), (8 bytes).
    Removing xl32f0xx_ll_exti.o(.rev16_text), (4 bytes).
    Removing xl32f0xx_ll_exti.o(.revsh_text), (4 bytes).
    Removing xl32f0xx_ll_exti.o(i.LL_EXTI_DeInit), (40 bytes).
    Removing xl32f0xx_ll_exti.o(i.LL_EXTI_StructInit), (14 bytes).
    Removing xl32f0xx_ll_gpio.o(.rev16_text), (4 bytes).
    Removing xl32f0xx_ll_gpio.o(.revsh_text), (4 bytes).
    Removing xl32f0xx_ll_gpio.o(i.LL_GPIO_DeInit), (84 bytes).
    Removing xl32f0xx_ll_gpio.o(i.LL_GPIO_StructInit), (24 bytes).
    Removing xl32f0xx_ll_gpio.o(i.LL_IOP_GRP1_ForceReset), (16 bytes).
    Removing xl32f0xx_ll_gpio.o(i.LL_IOP_GRP1_ReleaseReset), (16 bytes).
    Removing xl32f0xx_ll_rcc.o(.rev16_text), (4 bytes).
    Removing xl32f0xx_ll_rcc.o(.revsh_text), (4 bytes).
    Removing xl32f0xx_ll_rcc.o(i.LL_RCC_DeInit), (132 bytes).
    Removing xl32f0xx_ll_rcc.o(i.LL_RCC_GetCOMPClockFreq), (118 bytes).
    Removing xl32f0xx_ll_rcc.o(i.LL_RCC_GetCOMPClockSource), (20 bytes).
    Removing xl32f0xx_ll_rcc.o(i.LL_RCC_GetLPTIMClockFreq), (92 bytes).
    Removing xl32f0xx_ll_rcc.o(i.LL_RCC_GetLSCClockFreq), (6 bytes).
    Removing xl32f0xx_ll_rcc.o(i.LL_RCC_GetMCOClockFreq), (180 bytes).
    Removing xl32f0xx_ll_rcc.o(i.LL_RCC_GetPVDClockFreq), (64 bytes).
    Removing xl32f0xx_ll_rcc.o(i.LL_RCC_GetRTCClockFreq), (88 bytes).
    Removing xl32f0xx_ll_rcc.o(i.LL_RCC_HSE_IsReady), (20 bytes).
    Removing xl32f0xx_ll_rcc.o(i.LL_RCC_LSI_IsReady), (16 bytes).
    Removing xl32f0xx_ll_tim.o(.rev16_text), (4 bytes).
    Removing xl32f0xx_ll_tim.o(.revsh_text), (4 bytes).
    Removing xl32f0xx_ll_tim.o(i.IC1Config), (54 bytes).
    Removing xl32f0xx_ll_tim.o(i.IC2Config), (58 bytes).
    Removing xl32f0xx_ll_tim.o(i.IC3Config), (62 bytes).
    Removing xl32f0xx_ll_tim.o(i.IC4Config), (64 bytes).
    Removing xl32f0xx_ll_tim.o(i.LL_APB1_GRP1_ForceReset), (16 bytes).
    Removing xl32f0xx_ll_tim.o(i.LL_APB1_GRP1_ReleaseReset), (16 bytes).
    Removing xl32f0xx_ll_tim.o(i.LL_APB1_GRP2_ForceReset), (16 bytes).
    Removing xl32f0xx_ll_tim.o(i.LL_APB1_GRP2_ReleaseReset), (16 bytes).
    Removing xl32f0xx_ll_tim.o(i.LL_TIM_BDTR_Init), (114 bytes).
    Removing xl32f0xx_ll_tim.o(i.LL_TIM_BDTR_StructInit), (18 bytes).
    Removing xl32f0xx_ll_tim.o(i.LL_TIM_DeInit), (140 bytes).
    Removing xl32f0xx_ll_tim.o(i.LL_TIM_ENCODER_Init), (110 bytes).
    Removing xl32f0xx_ll_tim.o(i.LL_TIM_ENCODER_StructInit), (36 bytes).
    Removing xl32f0xx_ll_tim.o(i.LL_TIM_HALLSENSOR_Init), (142 bytes).
    Removing xl32f0xx_ll_tim.o(i.LL_TIM_HALLSENSOR_StructInit), (12 bytes).
    Removing xl32f0xx_ll_tim.o(i.LL_TIM_IC_Init), (92 bytes).
    Removing xl32f0xx_ll_tim.o(i.LL_TIM_IC_StructInit), (18 bytes).
    Removing xl32f0xx_ll_tim.o(i.LL_TIM_StructInit), (18 bytes).
    Removing xl32f0xx_ll_tim.o(.constdata), (35 bytes).
    Removing xl32f0xx_ll_usart.o(.rev16_text), (4 bytes).
    Removing xl32f0xx_ll_usart.o(.revsh_text), (4 bytes).
    Removing xl32f0xx_ll_usart.o(i.LL_USART_ClockInit), (74 bytes).
    Removing xl32f0xx_ll_usart.o(i.LL_USART_ClockStructInit), (12 bytes).
    Removing xl32f0xx_ll_usart.o(i.LL_USART_DeInit), (96 bytes).
    Removing xl32f0xx_ll_usart.o(i.LL_USART_StructInit), (26 bytes).
    Removing xl32f0xx_ll_utils.o(.rev16_text), (4 bytes).
    Removing xl32f0xx_ll_utils.o(.revsh_text), (4 bytes).
    Removing xl32f0xx_ll_utils.o(i.LL_SetFlashLatency), (100 bytes).
    Removing app.o(.rev16_text), (4 bytes).
    Removing app.o(.revsh_text), (4 bytes).
    Removing app.o(.constdata), (38 bytes).
    Removing card_m1.o(.rev16_text), (4 bytes).
    Removing card_m1.o(.revsh_text), (4 bytes).
    Removing card_m1.o(.constdata), (38 bytes).

114 unused section(s) (total 4361 bytes) removed from the image.

==============================================================================

Image Symbol Table

    Local Symbols

    Symbol Name                              Value     Ov Type        Size  Object(Section)

    ../clib/../cmprslib/zerorunl.c           0x00000000   Number         0  __dczerorl.o ABSOLUTE
    ../clib/microlib/division.c              0x00000000   Number         0  idiv.o ABSOLUTE
    ../clib/microlib/division.c              0x00000000   Number         0  uidiv.o ABSOLUTE
    ../clib/microlib/init/entry.s            0x00000000   Number         0  entry10a.o ABSOLUTE
    ../clib/microlib/init/entry.s            0x00000000   Number         0  entry10b.o ABSOLUTE
    ../clib/microlib/init/entry.s            0x00000000   Number         0  entry12a.o ABSOLUTE
    ../clib/microlib/init/entry.s            0x00000000   Number         0  entry8b.o ABSOLUTE
    ../clib/microlib/init/entry.s            0x00000000   Number         0  entry2.o ABSOLUTE
    ../clib/microlib/init/entry.s            0x00000000   Number         0  entry9a.o ABSOLUTE
    ../clib/microlib/init/entry.s            0x00000000   Number         0  entry.o ABSOLUTE
    ../clib/microlib/init/entry.s            0x00000000   Number         0  entry11b.o ABSOLUTE
    ../clib/microlib/init/entry.s            0x00000000   Number         0  entry5.o ABSOLUTE
    ../clib/microlib/init/entry.s            0x00000000   Number         0  entry9b.o ABSOLUTE
    ../clib/microlib/init/entry.s            0x00000000   Number         0  entry11a.o ABSOLUTE
    ../clib/microlib/init/entry.s            0x00000000   Number         0  entry7a.o ABSOLUTE
    ../clib/microlib/init/entry.s            0x00000000   Number         0  entry12b.o ABSOLUTE
    ../clib/microlib/init/entry.s            0x00000000   Number         0  entry7b.o ABSOLUTE
    ../clib/microlib/init/entry.s            0x00000000   Number         0  entry8a.o ABSOLUTE
    ../clib/microlib/longlong.c              0x00000000   Number         0  llsshr.o ABSOLUTE
    ../clib/microlib/longlong.c              0x00000000   Number         0  llushr.o ABSOLUTE
    ../clib/microlib/longlong.c              0x00000000   Number         0  llshl.o ABSOLUTE
    ../clib/microlib/string/memcpy.c         0x00000000   Number         0  memcpyb.o ABSOLUTE
    ../clib/microlib/string/memcpy.c         0x00000000   Number         0  memcpya.o ABSOLUTE
    ../clib/microlib/string/memset.c         0x00000000   Number         0  memseta.o ABSOLUTE
    ../clib/microlib/stubs.s                 0x00000000   Number         0  iusefp.o ABSOLUTE
    ../fplib/microlib/fpadd.c                0x00000000   Number         0  dadd.o ABSOLUTE
    ../fplib/microlib/fpdiv.c                0x00000000   Number         0  ddiv.o ABSOLUTE
    ../fplib/microlib/fpepilogue.c           0x00000000   Number         0  depilogue.o ABSOLUTE
    ../fplib/microlib/fpfix.c                0x00000000   Number         0  dfixui.o ABSOLUTE
    ../fplib/microlib/fpflt.c                0x00000000   Number         0  dfltui.o ABSOLUTE
    ../fplib/microlib/fpflt.c                0x00000000   Number         0  dflti.o ABSOLUTE
    ../fplib/microlib/fpmul.c                0x00000000   Number         0  dmul.o ABSOLUTE
    ..\APP\app.c                             0x00000000   Number         0  app.o ABSOLUTE
    ..\APP\bsp_driver.c                      0x00000000   Number         0  bsp_driver.o ABSOLUTE
    ..\APP\card_m1.c                         0x00000000   Number         0  card_m1.o ABSOLUTE
    ..\APP\cmd_process.c                     0x00000000   Number         0  cmd_process.o ABSOLUTE
    ..\APP\flash_driver.c                    0x00000000   Number         0  flash_driver.o ABSOLUTE
    ..\Drivers\BSP\XL32F003xx_Start_Kit\xl32f003xx_ll_Start_Kit.c 0x00000000   Number         0  xl32f003xx_ll_start_kit.o ABSOLUTE
    ..\Drivers\CMSIS\Device\XL32F0xx\Source\arm\startup_xl32f003x6.s 0x00000000   Number         0  startup_xl32f003x6.o ABSOLUTE
    ..\Drivers\CMSIS\Device\XL32F0xx\Source\system_xl32f0xx.c 0x00000000   Number         0  system_xl32f0xx.o ABSOLUTE
    ..\Drivers\XL32F0xx_HAL_Driver\Src\xl32f0xx_ll_exti.c 0x00000000   Number         0  xl32f0xx_ll_exti.o ABSOLUTE
    ..\Drivers\XL32F0xx_HAL_Driver\Src\xl32f0xx_ll_gpio.c 0x00000000   Number         0  xl32f0xx_ll_gpio.o ABSOLUTE
    ..\Drivers\XL32F0xx_HAL_Driver\Src\xl32f0xx_ll_rcc.c 0x00000000   Number         0  xl32f0xx_ll_rcc.o ABSOLUTE
    ..\Drivers\XL32F0xx_HAL_Driver\Src\xl32f0xx_ll_tim.c 0x00000000   Number         0  xl32f0xx_ll_tim.o ABSOLUTE
    ..\Drivers\XL32F0xx_HAL_Driver\Src\xl32f0xx_ll_usart.c 0x00000000   Number         0  xl32f0xx_ll_usart.o ABSOLUTE
    ..\Drivers\XL32F0xx_HAL_Driver\Src\xl32f0xx_ll_utils.c 0x00000000   Number         0  xl32f0xx_ll_utils.o ABSOLUTE
    ..\Src\main.c                            0x00000000   Number         0  main.o ABSOLUTE
    ..\Src\xl32f0xx_it.c                     0x00000000   Number         0  xl32f0xx_it.o ABSOLUTE
    ..\\APP\\app.c                           0x00000000   Number         0  app.o ABSOLUTE
    ..\\APP\\bsp_driver.c                    0x00000000   Number         0  bsp_driver.o ABSOLUTE
    ..\\APP\\card_m1.c                       0x00000000   Number         0  card_m1.o ABSOLUTE
    ..\\APP\\cmd_process.c                   0x00000000   Number         0  cmd_process.o ABSOLUTE
    ..\\APP\\flash_driver.c                  0x00000000   Number         0  flash_driver.o ABSOLUTE
    ..\\Drivers\\BSP\\XL32F003xx_Start_Kit\\xl32f003xx_ll_Start_Kit.c 0x00000000   Number         0  xl32f003xx_ll_start_kit.o ABSOLUTE
    ..\\Drivers\\CMSIS\\Device\\XL32F0xx\\Source\\system_xl32f0xx.c 0x00000000   Number         0  system_xl32f0xx.o ABSOLUTE
    ..\\Drivers\\XL32F0xx_HAL_Driver\\Src\\xl32f0xx_ll_exti.c 0x00000000   Number         0  xl32f0xx_ll_exti.o ABSOLUTE
    ..\\Drivers\\XL32F0xx_HAL_Driver\\Src\\xl32f0xx_ll_gpio.c 0x00000000   Number         0  xl32f0xx_ll_gpio.o ABSOLUTE
    ..\\Drivers\\XL32F0xx_HAL_Driver\\Src\\xl32f0xx_ll_rcc.c 0x00000000   Number         0  xl32f0xx_ll_rcc.o ABSOLUTE
    ..\\Drivers\\XL32F0xx_HAL_Driver\\Src\\xl32f0xx_ll_tim.c 0x00000000   Number         0  xl32f0xx_ll_tim.o ABSOLUTE
    ..\\Drivers\\XL32F0xx_HAL_Driver\\Src\\xl32f0xx_ll_usart.c 0x00000000   Number         0  xl32f0xx_ll_usart.o ABSOLUTE
    ..\\Drivers\\XL32F0xx_HAL_Driver\\Src\\xl32f0xx_ll_utils.c 0x00000000   Number         0  xl32f0xx_ll_utils.o ABSOLUTE
    ..\\Src\\main.c                          0x00000000   Number         0  main.o ABSOLUTE
    ..\\Src\\xl32f0xx_it.c                   0x00000000   Number         0  xl32f0xx_it.o ABSOLUTE
    ..\\ymodem\\ymodem.c                     0x00000000   Number         0  ymodem.o ABSOLUTE
    ..\modbus\Modbus_CRC.c                   0x00000000   Number         0  modbus_crc.o ABSOLUTE
    ..\ymodem\ymodem.c                       0x00000000   Number         0  ymodem.o ABSOLUTE
    cdrcmple.s                               0x00000000   Number         0  cdrcmple.o ABSOLUTE
    dc.s                                     0x00000000   Number         0  dc.o ABSOLUTE
    handlers.s                               0x00000000   Number         0  handlers.o ABSOLUTE
    init.s                                   0x00000000   Number         0  init.o ABSOLUTE
    RESET                                    0x08000000   Section      192  startup_xl32f003x6.o(RESET)
    .ARM.Collect$$$$00000000                 0x080000c0   Section        0  entry.o(.ARM.Collect$$$$00000000)
    .ARM.Collect$$$$00000001                 0x080000c0   Section        4  entry2.o(.ARM.Collect$$$$00000001)
    .ARM.Collect$$$$00000004                 0x080000c4   Section        4  entry5.o(.ARM.Collect$$$$00000004)
    .ARM.Collect$$$$00000008                 0x080000c8   Section        0  entry7b.o(.ARM.Collect$$$$00000008)
    .ARM.Collect$$$$0000000A                 0x080000c8   Section        0  entry8b.o(.ARM.Collect$$$$0000000A)
    .ARM.Collect$$$$0000000B                 0x080000c8   Section        8  entry9a.o(.ARM.Collect$$$$0000000B)
    .ARM.Collect$$$$0000000E                 0x080000d0   Section        4  entry12b.o(.ARM.Collect$$$$0000000E)
    .ARM.Collect$$$$0000000F                 0x080000d4   Section        0  entry10a.o(.ARM.Collect$$$$0000000F)
    .ARM.Collect$$$$00000011                 0x080000d4   Section        0  entry11a.o(.ARM.Collect$$$$00000011)
    .ARM.Collect$$$$00002712                 0x080000d4   Section        4  entry2.o(.ARM.Collect$$$$00002712)
    __lit__00000000                          0x080000d4   Data           4  entry2.o(.ARM.Collect$$$$00002712)
    .RamFunc                                 0x080000d8   Section        0  flash_driver.o(.RamFunc)
    .text                                    0x080001f8   Section       28  startup_xl32f003x6.o(.text)
    .text                                    0x08000214   Section        0  uidiv.o(.text)
    .text                                    0x08000240   Section        0  idiv.o(.text)
    .text                                    0x08000268   Section        0  memcpya.o(.text)
    .text                                    0x0800028c   Section        0  memseta.o(.text)
    .text                                    0x080002b0   Section        0  dadd.o(.text)
    .text                                    0x08000418   Section        0  dmul.o(.text)
    .text                                    0x080004e8   Section        0  ddiv.o(.text)
    .text                                    0x080005d8   Section        0  dflti.o(.text)
    .text                                    0x08000600   Section        0  dfltui.o(.text)
    .text                                    0x0800061c   Section        0  dfixui.o(.text)
    .text                                    0x08000658   Section       40  cdrcmple.o(.text)
    .text                                    0x08000680   Section        0  llshl.o(.text)
    .text                                    0x080006a0   Section        0  llushr.o(.text)
    .text                                    0x080006c2   Section        0  llsshr.o(.text)
    .text                                    0x080006e8   Section        0  depilogue.o(.text)
    .text                                    0x080006e8   Section        0  iusefp.o(.text)
    .text                                    0x080007a8   Section       36  init.o(.text)
    .text                                    0x080007cc   Section        0  __dczerorl.o(.text)
    i.$Sub$$main                             0x08000808   Section        0  system_xl32f0xx.o(i.$Sub$$main)
    i.ADC_COMP_IRQHandler                    0x0800083c   Section        0  bsp_driver.o(i.ADC_COMP_IRQHandler)
    i.ADC_init                               0x08000864   Section        0  bsp_driver.o(i.ADC_init)
    i.ADC_start                              0x080009a0   Section        0  bsp_driver.o(i.ADC_start)
    i.APP_AdcGrpRegularUnitaryConvCompleteCallback 0x08000a14   Section        0  bsp_driver.o(i.APP_AdcGrpRegularUnitaryConvCompleteCallback)
    i.CalulateCRC                            0x08000b8c   Section        0  card_m1.o(i.CalulateCRC)
    i.Check_M1                               0x08000bf8   Section        0  app.o(i.Check_M1)
    Check_M1                                 0x08000bf9   Thumb Code    52  app.o(i.Check_M1)
    i.CmdProcess                             0x08000c38   Section        0  cmd_process.o(i.CmdProcess)
    i.CmdSend                                0x08000d04   Section        0  cmd_process.o(i.CmdSend)
    i.EXTI4_15_IRQHandler                    0x08000d48   Section        0  bsp_driver.o(i.EXTI4_15_IRQHandler)
    i.FLASH_WaitForLastOperation             0x08000d80   Section        0  flash_driver.o(i.FLASH_WaitForLastOperation)
    i.FlashSaveCallBellPara                  0x08000db8   Section        0  flash_driver.o(i.FlashSaveCallBellPara)
    i.FlashSynCallBellPara                   0x08000e60   Section        0  flash_driver.o(i.FlashSynCallBellPara)
    i.HardFault_Handler                      0x08000ec0   Section        0  xl32f0xx_it.o(i.HardFault_Handler)
    i.IWDG_Config                            0x08000ec4   Section        0  bsp_driver.o(i.IWDG_Config)
    i.I_DP1322ES_ClearBitMask                0x08000f44   Section        0  card_m1.o(i.I_DP1322ES_ClearBitMask)
    i.I_DP1322ES_IO_Read                     0x08000f64   Section        0  card_m1.o(i.I_DP1322ES_IO_Read)
    i.I_DP1322ES_IO_Write                    0x08000f98   Section        0  card_m1.o(i.I_DP1322ES_IO_Write)
    i.I_DP1322ES_SetBitMask                  0x08000fcc   Section        0  card_m1.o(i.I_DP1322ES_SetBitMask)
    i.LL_ADC_IsEnabled                       0x08000fea   Section        0  bsp_driver.o(i.LL_ADC_IsEnabled)
    LL_ADC_IsEnabled                         0x08000feb   Thumb Code    16  bsp_driver.o(i.LL_ADC_IsEnabled)
    i.LL_ADC_SetResolution                   0x08000ffa   Section        0  bsp_driver.o(i.LL_ADC_SetResolution)
    LL_ADC_SetResolution                     0x08000ffb   Thumb Code    12  bsp_driver.o(i.LL_ADC_SetResolution)
    i.LL_APB1_GRP1_EnableClock               0x08001008   Section        0  bsp_driver.o(i.LL_APB1_GRP1_EnableClock)
    LL_APB1_GRP1_EnableClock                 0x08001009   Thumb Code    24  bsp_driver.o(i.LL_APB1_GRP1_EnableClock)
    i.LL_APB1_GRP2_EnableClock               0x08001024   Section        0  bsp_driver.o(i.LL_APB1_GRP2_EnableClock)
    LL_APB1_GRP2_EnableClock                 0x08001025   Thumb Code    24  bsp_driver.o(i.LL_APB1_GRP2_EnableClock)
    i.LL_EXTI_ClearFlag                      0x08001040   Section        0  bsp_driver.o(i.LL_EXTI_ClearFlag)
    LL_EXTI_ClearFlag                        0x08001041   Thumb Code     6  bsp_driver.o(i.LL_EXTI_ClearFlag)
    i.LL_EXTI_DisableEvent                   0x0800104c   Section        0  xl32f0xx_ll_exti.o(i.LL_EXTI_DisableEvent)
    LL_EXTI_DisableEvent                     0x0800104d   Thumb Code    12  xl32f0xx_ll_exti.o(i.LL_EXTI_DisableEvent)
    i.LL_EXTI_DisableIT                      0x0800105c   Section        0  xl32f0xx_ll_exti.o(i.LL_EXTI_DisableIT)
    LL_EXTI_DisableIT                        0x0800105d   Thumb Code    12  xl32f0xx_ll_exti.o(i.LL_EXTI_DisableIT)
    i.LL_EXTI_EnableEvent                    0x0800106c   Section        0  xl32f0xx_ll_exti.o(i.LL_EXTI_EnableEvent)
    LL_EXTI_EnableEvent                      0x0800106d   Thumb Code    12  xl32f0xx_ll_exti.o(i.LL_EXTI_EnableEvent)
    i.LL_EXTI_EnableFallingTrig              0x0800107c   Section        0  xl32f0xx_ll_exti.o(i.LL_EXTI_EnableFallingTrig)
    LL_EXTI_EnableFallingTrig                0x0800107d   Thumb Code    12  xl32f0xx_ll_exti.o(i.LL_EXTI_EnableFallingTrig)
    i.LL_EXTI_EnableIT                       0x0800108c   Section        0  xl32f0xx_ll_exti.o(i.LL_EXTI_EnableIT)
    LL_EXTI_EnableIT                         0x0800108d   Thumb Code    12  xl32f0xx_ll_exti.o(i.LL_EXTI_EnableIT)
    i.LL_EXTI_EnableRisingTrig               0x0800109c   Section        0  xl32f0xx_ll_exti.o(i.LL_EXTI_EnableRisingTrig)
    LL_EXTI_EnableRisingTrig                 0x0800109d   Thumb Code    12  xl32f0xx_ll_exti.o(i.LL_EXTI_EnableRisingTrig)
    i.LL_EXTI_Init                           0x080010ac   Section        0  xl32f0xx_ll_exti.o(i.LL_EXTI_Init)
    i.LL_EXTI_ReadFlag                       0x0800116c   Section        0  bsp_driver.o(i.LL_EXTI_ReadFlag)
    LL_EXTI_ReadFlag                         0x0800116d   Thumb Code    10  bsp_driver.o(i.LL_EXTI_ReadFlag)
    i.LL_GPIO_Init                           0x0800117c   Section        0  xl32f0xx_ll_gpio.o(i.LL_GPIO_Init)
    i.LL_GPIO_ResetOutputPin                 0x08001276   Section        0  card_m1.o(i.LL_GPIO_ResetOutputPin)
    LL_GPIO_ResetOutputPin                   0x08001277   Thumb Code     4  card_m1.o(i.LL_GPIO_ResetOutputPin)
    i.LL_GPIO_SetOutputPin                   0x0800127a   Section        0  bsp_driver.o(i.LL_GPIO_SetOutputPin)
    LL_GPIO_SetOutputPin                     0x0800127b   Thumb Code     4  bsp_driver.o(i.LL_GPIO_SetOutputPin)
    i.LL_GPIO_SetOutputPin                   0x0800127e   Section        0  card_m1.o(i.LL_GPIO_SetOutputPin)
    LL_GPIO_SetOutputPin                     0x0800127f   Thumb Code     4  card_m1.o(i.LL_GPIO_SetOutputPin)
    i.LL_GPIO_SetPinMode                     0x08001282   Section        0  bsp_driver.o(i.LL_GPIO_SetPinMode)
    LL_GPIO_SetPinMode                       0x08001283   Thumb Code    26  bsp_driver.o(i.LL_GPIO_SetPinMode)
    i.LL_GPIO_SetPinOutputType               0x0800129c   Section        0  bsp_driver.o(i.LL_GPIO_SetPinOutputType)
    LL_GPIO_SetPinOutputType                 0x0800129d   Thumb Code    16  bsp_driver.o(i.LL_GPIO_SetPinOutputType)
    i.LL_GPIO_SetPinPull                     0x080012ac   Section        0  bsp_driver.o(i.LL_GPIO_SetPinPull)
    LL_GPIO_SetPinPull                       0x080012ad   Thumb Code    26  bsp_driver.o(i.LL_GPIO_SetPinPull)
    i.LL_GPIO_SetPinSpeed                    0x080012c6   Section        0  bsp_driver.o(i.LL_GPIO_SetPinSpeed)
    LL_GPIO_SetPinSpeed                      0x080012c7   Thumb Code    26  bsp_driver.o(i.LL_GPIO_SetPinSpeed)
    i.LL_IOP_GRP1_EnableClock                0x080012e0   Section        0  bsp_driver.o(i.LL_IOP_GRP1_EnableClock)
    LL_IOP_GRP1_EnableClock                  0x080012e1   Thumb Code    24  bsp_driver.o(i.LL_IOP_GRP1_EnableClock)
    i.LL_Init1msTick                         0x080012fc   Section        0  xl32f0xx_ll_utils.o(i.LL_Init1msTick)
    i.LL_RCC_GetSysClkSource                 0x08001324   Section        0  xl32f0xx_ll_rcc.o(i.LL_RCC_GetSysClkSource)
    LL_RCC_GetSysClkSource                   0x08001325   Thumb Code    10  xl32f0xx_ll_rcc.o(i.LL_RCC_GetSysClkSource)
    i.LL_RCC_GetSystemClocksFreq             0x08001334   Section        0  xl32f0xx_ll_rcc.o(i.LL_RCC_GetSystemClocksFreq)
    i.LL_SetSystemCoreClock                  0x08001350   Section        0  xl32f0xx_ll_utils.o(i.LL_SetSystemCoreClock)
    i.LL_TIM_EnableCounter                   0x0800135c   Section        0  bsp_driver.o(i.LL_TIM_EnableCounter)
    LL_TIM_EnableCounter                     0x0800135d   Thumb Code    10  bsp_driver.o(i.LL_TIM_EnableCounter)
    i.LL_TIM_Init                            0x08001368   Section        0  xl32f0xx_ll_tim.o(i.LL_TIM_Init)
    i.LL_TIM_OC_Init                         0x08001400   Section        0  xl32f0xx_ll_tim.o(i.LL_TIM_OC_Init)
    i.LL_TIM_OC_SetCompareCH2                0x0800145c   Section        0  xl32f0xx_ll_tim.o(i.LL_TIM_OC_SetCompareCH2)
    LL_TIM_OC_SetCompareCH2                  0x0800145d   Thumb Code     4  xl32f0xx_ll_tim.o(i.LL_TIM_OC_SetCompareCH2)
    i.LL_TIM_OC_StructInit                   0x08001460   Section        0  xl32f0xx_ll_tim.o(i.LL_TIM_OC_StructInit)
    i.LL_USART_Init                          0x08001474   Section        0  xl32f0xx_ll_usart.o(i.LL_USART_Init)
    i.LL_USART_IsEnabled                     0x080014f4   Section        0  xl32f0xx_ll_usart.o(i.LL_USART_IsEnabled)
    LL_USART_IsEnabled                       0x080014f5   Thumb Code    14  xl32f0xx_ll_usart.o(i.LL_USART_IsEnabled)
    i.LL_USART_SetBaudRate                   0x08001502   Section        0  xl32f0xx_ll_usart.o(i.LL_USART_SetBaudRate)
    LL_USART_SetBaudRate                     0x08001503   Thumb Code   306  xl32f0xx_ll_usart.o(i.LL_USART_SetBaudRate)
    i.LL_mDelay                              0x08001634   Section        0  xl32f0xx_ll_utils.o(i.LL_mDelay)
    i.NMI_Handler                            0x08001668   Section        0  xl32f0xx_it.o(i.NMI_Handler)
    i.NVIC_EnableIRQ                         0x0800166c   Section        0  bsp_driver.o(i.NVIC_EnableIRQ)
    NVIC_EnableIRQ                           0x0800166d   Thumb Code    14  bsp_driver.o(i.NVIC_EnableIRQ)
    i.NVIC_SetPriority                       0x08001680   Section        0  bsp_driver.o(i.NVIC_SetPriority)
    NVIC_SetPriority                         0x08001681   Thumb Code   110  bsp_driver.o(i.NVIC_SetPriority)
    i.NVIC_SystemReset                       0x080016f8   Section        0  app.o(i.NVIC_SystemReset)
    NVIC_SystemReset                         0x080016f9   Thumb Code    44  app.o(i.NVIC_SystemReset)
    i.OC1Config                              0x0800172c   Section        0  xl32f0xx_ll_tim.o(i.OC1Config)
    OC1Config                                0x0800172d   Thumb Code   148  xl32f0xx_ll_tim.o(i.OC1Config)
    i.OC2Config                              0x080017cc   Section        0  xl32f0xx_ll_tim.o(i.OC2Config)
    OC2Config                                0x080017cd   Thumb Code   174  xl32f0xx_ll_tim.o(i.OC2Config)
    i.OC3Config                              0x08001888   Section        0  xl32f0xx_ll_tim.o(i.OC3Config)
    OC3Config                                0x08001889   Thumb Code   166  xl32f0xx_ll_tim.o(i.OC3Config)
    i.OC4Config                              0x0800193c   Section        0  xl32f0xx_ll_tim.o(i.OC4Config)
    OC4Config                                0x0800193d   Thumb Code   128  xl32f0xx_ll_tim.o(i.OC4Config)
    i.PCD_DP1322ES_TypeA_GetUID              0x080019c8   Section        0  card_m1.o(i.PCD_DP1322ES_TypeA_GetUID)
    i.PCD_DP1322ES_TypeA_Init                0x08001bc8   Section        0  card_m1.o(i.PCD_DP1322ES_TypeA_Init)
    i.PcdAntennaOn                           0x08001c30   Section        0  card_m1.o(i.PcdAntennaOn)
    i.PcdAnticoll                            0x08001c4c   Section        0  card_m1.o(i.PcdAnticoll)
    i.PcdComMF522                            0x08001cc0   Section        0  card_m1.o(i.PcdComMF522)
    i.PcdRequest                             0x08001dfc   Section        0  card_m1.o(i.PcdRequest)
    i.PcdSelect1                             0x08001e52   Section        0  card_m1.o(i.PcdSelect1)
    i.PcdSelect2                             0x08001ec8   Section        0  card_m1.o(i.PcdSelect2)
    i.PcdSelect3                             0x08001f3e   Section        0  card_m1.o(i.PcdSelect3)
    i.PendSV_Handler                         0x08001fb4   Section        0  xl32f0xx_it.o(i.PendSV_Handler)
    i.RCC_GetHCLKClockFreq                   0x08001fb8   Section        0  xl32f0xx_ll_rcc.o(i.RCC_GetHCLKClockFreq)
    i.RCC_GetPCLK1ClockFreq                  0x08001fe4   Section        0  xl32f0xx_ll_rcc.o(i.RCC_GetPCLK1ClockFreq)
    i.RCC_GetSystemClockFreq                 0x0800200c   Section        0  xl32f0xx_ll_rcc.o(i.RCC_GetSystemClockFreq)
    i.RT1587_decode                          0x08002078   Section        0  bsp_driver.o(i.RT1587_decode)
    i.SPI_RW_Data                            0x08002260   Section        0  card_m1.o(i.SPI_RW_Data)
    i.SVC_Handler                            0x080022ca   Section        0  xl32f0xx_it.o(i.SVC_Handler)
    i.SysTick_Handler                        0x080022cc   Section        0  xl32f0xx_it.o(i.SysTick_Handler)
    i.SystemClock_Config                     0x08002304   Section        0  main.o(i.SystemClock_Config)
    SystemClock_Config                       0x08002305   Thumb Code   162  main.o(i.SystemClock_Config)
    i.SystemInit                             0x080023b8   Section        0  system_xl32f0xx.o(i.SystemInit)
    i.System_Run                             0x080023e4   Section        0  app.o(i.System_Run)
    i.TIM3_IRQHandler                        0x08002424   Section        0  bsp_driver.o(i.TIM3_IRQHandler)
    i.Task1_idcard_process                   0x0800244c   Section        0  app.o(i.Task1_idcard_process)
    Task1_idcard_process                     0x0800244d   Thumb Code    98  app.o(i.Task1_idcard_process)
    i.Task2_uart_process                     0x080024bc   Section        0  app.o(i.Task2_uart_process)
    Task2_uart_process                       0x080024bd   Thumb Code    74  app.o(i.Task2_uart_process)
    i.Task3_100ms_process                    0x08002510   Section        0  app.o(i.Task3_100ms_process)
    Task3_100ms_process                      0x08002511   Thumb Code   212  app.o(i.Task3_100ms_process)
    i.Task4_rf433_process                    0x080025fc   Section        0  app.o(i.Task4_rf433_process)
    Task4_rf433_process                      0x080025fd   Thumb Code   186  app.o(i.Task4_rf433_process)
    i.USART2_IRQHandler                      0x080026cc   Section        0  bsp_driver.o(i.USART2_IRQHandler)
    i.UpdateCRC16                            0x08002704   Section        0  ymodem.o(i.UpdateCRC16)
    UpdateCRC16                              0x08002705   Thumb Code    58  ymodem.o(i.UpdateCRC16)
    i.YmodemCRC                              0x08002744   Section        0  ymodem.o(i.YmodemCRC)
    YmodemCRC                                0x08002745   Thumb Code    52  ymodem.o(i.YmodemCRC)
    i.__ARM_clz                              0x08002778   Section        0  depilogue.o(i.__ARM_clz)
    i.__ARM_common_switch8                   0x080027a6   Section        0  ymodem.o(i.__ARM_common_switch8)
    i.__scatterload_copy                     0x080027c2   Section       14  handlers.o(i.__scatterload_copy)
    i.__scatterload_null                     0x080027d0   Section        2  handlers.o(i.__scatterload_null)
    i.__scatterload_zeroinit                 0x080027d2   Section       14  handlers.o(i.__scatterload_zeroinit)
    i.auto_reset                             0x080027e0   Section        0  card_m1.o(i.auto_reset)
    i.checkCardData                          0x08002808   Section        0  bsp_driver.o(i.checkCardData)
    i.flash_lock                             0x08002a04   Section        0  flash_driver.o(i.flash_lock)
    flash_lock                               0x08002a05   Thumb Code    34  flash_driver.o(i.flash_lock)
    i.flash_page_erase                       0x08002a2c   Section        0  flash_driver.o(i.flash_page_erase)
    i.flash_program_bytes                    0x08002ab8   Section        0  flash_driver.o(i.flash_program_bytes)
    i.flash_unlock                           0x08002b3c   Section        0  flash_driver.o(i.flash_unlock)
    flash_unlock                             0x08002b3d   Thumb Code    42  flash_driver.o(i.flash_unlock)
    i.get_id_io_state                        0x08002b74   Section        0  bsp_driver.o(i.get_id_io_state)
    i.gpio_init                              0x08002b8c   Section        0  bsp_driver.o(i.gpio_init)
    i.id_card_decode                         0x08002d60   Section        0  bsp_driver.o(i.id_card_decode)
    i.m1_init                                0x08002f28   Section        0  card_m1.o(i.m1_init)
    i.main                                   0x08002f7c   Section        0  main.o(i.main)
    i.mb_crc16                               0x08002fa8   Section        0  modbus_crc.o(i.mb_crc16)
    i.millis                                 0x08002fe0   Section        0  main.o(i.millis)
    i.timer1_init                            0x08002fec   Section        0  bsp_driver.o(i.timer1_init)
    i.uart2_init                             0x080030b0   Section        0  bsp_driver.o(i.uart2_init)
    i.uart_send_data                         0x0800316c   Section        0  bsp_driver.o(i.uart_send_data)
    i.ymodem_data_process                    0x080031a4   Section        0  app.o(i.ymodem_data_process)
    ymodem_data_process                      0x080031a5   Thumb Code    96  app.o(i.ymodem_data_process)
    i.ymodem_packet_analysis                 0x08003210   Section        0  ymodem.o(i.ymodem_packet_analysis)
    i.ymodem_timeout_process                 0x08003464   Section        0  app.o(i.ymodem_timeout_process)
    ymodem_timeout_process                   0x08003465   Thumb Code    88  app.o(i.ymodem_timeout_process)
    .constdata                               0x080034c0   Section      128  system_xl32f0xx.o(.constdata)
    .constdata                               0x08003540   Section      120  bsp_driver.o(.constdata)
    CHANNEL_OFFSET_TAB                       0x08003540   Data           3  bsp_driver.o(.constdata)
    OFFSET_TAB_CCMRx                         0x08003543   Data           7  bsp_driver.o(.constdata)
    SHIFT_TAB_OCxx                           0x0800354a   Data           7  bsp_driver.o(.constdata)
    SHIFT_TAB_ICxx                           0x08003551   Data           7  bsp_driver.o(.constdata)
    SHIFT_TAB_CCxP                           0x08003558   Data           7  bsp_driver.o(.constdata)
    SHIFT_TAB_OISx                           0x0800355f   Data           7  bsp_driver.o(.constdata)
    .constdata                               0x080035b8   Section      512  modbus_crc.o(.constdata)
    .conststring                             0x080037b8   Section       13  flash_driver.o(.conststring)
    .conststring                             0x080037c8   Section        4  app.o(.conststring)
    .conststring                             0x080037cc   Section        8  card_m1.o(.conststring)
    .ARM.__at_0x20000000                     0x20000000   Section      192  system_xl32f0xx.o(.ARM.__at_0x20000000)
    .data                                    0x200000c0   Section        4  system_xl32f0xx.o(.data)
    .data                                    0x200000c4   Section       12  flash_driver.o(.data)
    TAG                                      0x200000c4   Data           4  flash_driver.o(.data)
    .data                                    0x200000d0   Section      135  bsp_driver.o(.data)
    IsFirst                                  0x20000156   Data           1  bsp_driver.o(.data)
    .data                                    0x20000158   Section       71  app.o(.data)
    idcard_pt                                0x20000158   Data           8  app.o(.data)
    rf433_pt                                 0x20000160   Data           8  app.o(.data)
    uart_pt                                  0x20000168   Data           8  app.o(.data)
    pt100ms                                  0x20000170   Data           8  app.o(.data)
    TAG                                      0x20000178   Data           4  app.o(.data)
    sys_ms_last                              0x20000180   Data           4  app.o(.data)
    cnt_100ms                                0x20000184   Data           4  app.o(.data)
    sys_ms_last                              0x20000188   Data           4  app.o(.data)
    RF433_last                               0x2000018c   Data           8  app.o(.data)
    RF433_len_last                           0x20000194   Data           1  app.o(.data)
    IAP_Key                                  0x20000195   Data           8  app.o(.data)
    res_last                                 0x2000019d   Data           1  app.o(.data)
    res                                      0x2000019e   Data           1  app.o(.data)
    .data                                    0x200001a0   Section       16  card_m1.o(.data)
    TAG                                      0x200001a0   Data           4  card_m1.o(.data)
    Find_NewM1Card                           0x200001ae   Data           1  card_m1.o(.data)
    OverCntM1                                0x200001af   Data           1  card_m1.o(.data)
    .bss                                     0x200001b0   Section      128  flash_driver.o(.bss)
    .bss                                     0x20000230   Section     1162  bsp_driver.o(.bss)
    .bss                                     0x200006bc   Section       60  ymodem.o(.bss)
    STACK                                    0x200006f8   Section     1024  startup_xl32f003x6.o(STACK)

    Global Symbols

    Symbol Name                              Value     Ov Type        Size  Object(Section)

    BuildAttributes$$THM_ISAv3M$S$PE$A:L22$X:L11$S22$IEEE1$IW$USESV6$~STKCKD$USESV7$~SHL$OSPACE$ROPI$EBA8$MICROLIB$REQ8$PRES8$EABIv2 0x00000000   Number         0  anon$$obj.o ABSOLUTE
    __ARM_use_no_argv                        0x00000000   Number         0  main.o ABSOLUTE
    __arm_fini_                               - Undefined Weak Reference
    __cpp_initialize__aeabi_                  - Undefined Weak Reference
    __cxa_finalize                            - Undefined Weak Reference
    _clock_init                               - Undefined Weak Reference
    _microlib_exit                            - Undefined Weak Reference
    __Vectors_Size                           0x000000c0   Number         0  startup_xl32f003x6.o ABSOLUTE
    __Vectors                                0x08000000   Data           4  startup_xl32f003x6.o(RESET)
    __Vectors_End                            0x080000c0   Data           0  startup_xl32f003x6.o(RESET)
    __main                                   0x080000c1   Thumb Code     0  entry.o(.ARM.Collect$$$$00000000)
    _main_stk                                0x080000c1   Thumb Code     0  entry2.o(.ARM.Collect$$$$00000001)
    _main_scatterload                        0x080000c5   Thumb Code     0  entry5.o(.ARM.Collect$$$$00000004)
    __main_after_scatterload                 0x080000c9   Thumb Code     0  entry5.o(.ARM.Collect$$$$00000004)
    _main_clock                              0x080000c9   Thumb Code     0  entry7b.o(.ARM.Collect$$$$00000008)
    _main_cpp_init                           0x080000c9   Thumb Code     0  entry8b.o(.ARM.Collect$$$$0000000A)
    _main_init                               0x080000c9   Thumb Code     0  entry9a.o(.ARM.Collect$$$$0000000B)
    __rt_lib_shutdown_fini                   0x080000d1   Thumb Code     0  entry12b.o(.ARM.Collect$$$$0000000E)
    __rt_final_cpp                           0x080000d5   Thumb Code     0  entry10a.o(.ARM.Collect$$$$0000000F)
    __rt_final_exit                          0x080000d5   Thumb Code     0  entry11a.o(.ARM.Collect$$$$00000011)
    flash_write                              0x080000d9   Thumb Code   182  flash_driver.o(.RamFunc)
    flash_write_page                         0x0800018f   Thumb Code   102  flash_driver.o(.RamFunc)
    Reset_Handler                            0x080001f9   Thumb Code     8  startup_xl32f003x6.o(.text)
    DMA1_Channel1_IRQHandler                 0x0800020b   Thumb Code     0  startup_xl32f003x6.o(.text)
    DMA1_Channel2_3_IRQHandler               0x0800020b   Thumb Code     0  startup_xl32f003x6.o(.text)
    EXTI0_1_IRQHandler                       0x0800020b   Thumb Code     0  startup_xl32f003x6.o(.text)
    EXTI2_3_IRQHandler                       0x0800020b   Thumb Code     0  startup_xl32f003x6.o(.text)
    FLASH_IRQHandler                         0x0800020b   Thumb Code     0  startup_xl32f003x6.o(.text)
    I2C1_IRQHandler                          0x0800020b   Thumb Code     0  startup_xl32f003x6.o(.text)
    LPTIM1_IRQHandler                        0x0800020b   Thumb Code     0  startup_xl32f003x6.o(.text)
    PVD_IRQHandler                           0x0800020b   Thumb Code     0  startup_xl32f003x6.o(.text)
    RCC_IRQHandler                           0x0800020b   Thumb Code     0  startup_xl32f003x6.o(.text)
    RTC_IRQHandler                           0x0800020b   Thumb Code     0  startup_xl32f003x6.o(.text)
    SPI1_IRQHandler                          0x0800020b   Thumb Code     0  startup_xl32f003x6.o(.text)
    TIM14_IRQHandler                         0x0800020b   Thumb Code     0  startup_xl32f003x6.o(.text)
    TIM16_IRQHandler                         0x0800020b   Thumb Code     0  startup_xl32f003x6.o(.text)
    TIM17_IRQHandler                         0x0800020b   Thumb Code     0  startup_xl32f003x6.o(.text)
    TIM1_BRK_UP_TRG_COM_IRQHandler           0x0800020b   Thumb Code     0  startup_xl32f003x6.o(.text)
    TIM1_CC_IRQHandler                       0x0800020b   Thumb Code     0  startup_xl32f003x6.o(.text)
    USART1_IRQHandler                        0x0800020b   Thumb Code     0  startup_xl32f003x6.o(.text)
    WWDG_IRQHandler                          0x0800020b   Thumb Code     0  startup_xl32f003x6.o(.text)
    __aeabi_uidiv                            0x08000215   Thumb Code     0  uidiv.o(.text)
    __aeabi_uidivmod                         0x08000215   Thumb Code    44  uidiv.o(.text)
    __aeabi_idiv                             0x08000241   Thumb Code     0  idiv.o(.text)
    __aeabi_idivmod                          0x08000241   Thumb Code    40  idiv.o(.text)
    __aeabi_memcpy                           0x08000269   Thumb Code    36  memcpya.o(.text)
    __aeabi_memcpy4                          0x08000269   Thumb Code     0  memcpya.o(.text)
    __aeabi_memcpy8                          0x08000269   Thumb Code     0  memcpya.o(.text)
    __aeabi_memset                           0x0800028d   Thumb Code    14  memseta.o(.text)
    __aeabi_memset4                          0x0800028d   Thumb Code     0  memseta.o(.text)
    __aeabi_memset8                          0x0800028d   Thumb Code     0  memseta.o(.text)
    __aeabi_memclr                           0x0800029b   Thumb Code     4  memseta.o(.text)
    __aeabi_memclr4                          0x0800029b   Thumb Code     0  memseta.o(.text)
    __aeabi_memclr8                          0x0800029b   Thumb Code     0  memseta.o(.text)
    _memset$wrapper                          0x0800029f   Thumb Code    18  memseta.o(.text)
    __aeabi_dadd                             0x080002b1   Thumb Code   330  dadd.o(.text)
    __aeabi_dsub                             0x080003fb   Thumb Code    12  dadd.o(.text)
    __aeabi_drsub                            0x08000407   Thumb Code    12  dadd.o(.text)
    __aeabi_dmul                             0x08000419   Thumb Code   202  dmul.o(.text)
    __aeabi_ddiv                             0x080004e9   Thumb Code   234  ddiv.o(.text)
    __aeabi_i2d                              0x080005d9   Thumb Code    34  dflti.o(.text)
    __aeabi_ui2d                             0x08000601   Thumb Code    24  dfltui.o(.text)
    __aeabi_d2uiz                            0x0800061d   Thumb Code    50  dfixui.o(.text)
    __aeabi_cdrcmple                         0x08000659   Thumb Code    38  cdrcmple.o(.text)
    __aeabi_llsl                             0x08000681   Thumb Code    32  llshl.o(.text)
    _ll_shift_l                              0x08000681   Thumb Code     0  llshl.o(.text)
    __aeabi_llsr                             0x080006a1   Thumb Code    34  llushr.o(.text)
    _ll_ushift_r                             0x080006a1   Thumb Code     0  llushr.o(.text)
    __aeabi_lasr                             0x080006c3   Thumb Code    38  llsshr.o(.text)
    _ll_sshift_r                             0x080006c3   Thumb Code     0  llsshr.o(.text)
    __I$use$fp                               0x080006e9   Thumb Code     0  iusefp.o(.text)
    _double_round                            0x080006e9   Thumb Code    26  depilogue.o(.text)
    _double_epilogue                         0x08000703   Thumb Code   164  depilogue.o(.text)
    __scatterload                            0x080007a9   Thumb Code    28  init.o(.text)
    __scatterload_rt2                        0x080007a9   Thumb Code     0  init.o(.text)
    __decompress                             0x080007cd   Thumb Code     0  __dczerorl.o(.text)
    __decompress0                            0x080007cd   Thumb Code    58  __dczerorl.o(.text)
    main                                     0x08000809   Thumb Code    44  system_xl32f0xx.o(i.$Sub$$main)
    ADC_COMP_IRQHandler                      0x0800083d   Thumb Code    34  bsp_driver.o(i.ADC_COMP_IRQHandler)
    ADC_init                                 0x08000865   Thumb Code   298  bsp_driver.o(i.ADC_init)
    ADC_start                                0x080009a1   Thumb Code   108  bsp_driver.o(i.ADC_start)
    APP_AdcGrpRegularUnitaryConvCompleteCallback 0x08000a15   Thumb Code   326  bsp_driver.o(i.APP_AdcGrpRegularUnitaryConvCompleteCallback)
    CalulateCRC                              0x08000b8d   Thumb Code   106  card_m1.o(i.CalulateCRC)
    CmdProcess                               0x08000c39   Thumb Code   194  cmd_process.o(i.CmdProcess)
    CmdSend                                  0x08000d05   Thumb Code    68  cmd_process.o(i.CmdSend)
    EXTI4_15_IRQHandler                      0x08000d49   Thumb Code    50  bsp_driver.o(i.EXTI4_15_IRQHandler)
    FLASH_WaitForLastOperation               0x08000d81   Thumb Code    48  flash_driver.o(i.FLASH_WaitForLastOperation)
    FlashSaveCallBellPara                    0x08000db9   Thumb Code   152  flash_driver.o(i.FlashSaveCallBellPara)
    FlashSynCallBellPara                     0x08000e61   Thumb Code    82  flash_driver.o(i.FlashSynCallBellPara)
    HardFault_Handler                        0x08000ec1   Thumb Code     4  xl32f0xx_it.o(i.HardFault_Handler)
    IWDG_Config                              0x08000ec5   Thumb Code   102  bsp_driver.o(i.IWDG_Config)
    I_DP1322ES_ClearBitMask                  0x08000f45   Thumb Code    30  card_m1.o(i.I_DP1322ES_ClearBitMask)
    I_DP1322ES_IO_Read                       0x08000f65   Thumb Code    48  card_m1.o(i.I_DP1322ES_IO_Read)
    I_DP1322ES_IO_Write                      0x08000f99   Thumb Code    48  card_m1.o(i.I_DP1322ES_IO_Write)
    I_DP1322ES_SetBitMask                    0x08000fcd   Thumb Code    30  card_m1.o(i.I_DP1322ES_SetBitMask)
    LL_EXTI_Init                             0x080010ad   Thumb Code   186  xl32f0xx_ll_exti.o(i.LL_EXTI_Init)
    LL_GPIO_Init                             0x0800117d   Thumb Code   250  xl32f0xx_ll_gpio.o(i.LL_GPIO_Init)
    LL_Init1msTick                           0x080012fd   Thumb Code    34  xl32f0xx_ll_utils.o(i.LL_Init1msTick)
    LL_RCC_GetSystemClocksFreq               0x08001335   Thumb Code    28  xl32f0xx_ll_rcc.o(i.LL_RCC_GetSystemClocksFreq)
    LL_SetSystemCoreClock                    0x08001351   Thumb Code     6  xl32f0xx_ll_utils.o(i.LL_SetSystemCoreClock)
    LL_TIM_Init                              0x08001369   Thumb Code   130  xl32f0xx_ll_tim.o(i.LL_TIM_Init)
    LL_TIM_OC_Init                           0x08001401   Thumb Code    92  xl32f0xx_ll_tim.o(i.LL_TIM_OC_Init)
    LL_TIM_OC_StructInit                     0x08001461   Thumb Code    20  xl32f0xx_ll_tim.o(i.LL_TIM_OC_StructInit)
    LL_USART_Init                            0x08001475   Thumb Code   124  xl32f0xx_ll_usart.o(i.LL_USART_Init)
    LL_mDelay                                0x08001635   Thumb Code    46  xl32f0xx_ll_utils.o(i.LL_mDelay)
    NMI_Handler                              0x08001669   Thumb Code     2  xl32f0xx_it.o(i.NMI_Handler)
    PCD_DP1322ES_TypeA_GetUID                0x080019c9   Thumb Code   490  card_m1.o(i.PCD_DP1322ES_TypeA_GetUID)
    PCD_DP1322ES_TypeA_Init                  0x08001bc9   Thumb Code   104  card_m1.o(i.PCD_DP1322ES_TypeA_Init)
    PcdAntennaOn                             0x08001c31   Thumb Code    28  card_m1.o(i.PcdAntennaOn)
    PcdAnticoll                              0x08001c4d   Thumb Code   116  card_m1.o(i.PcdAnticoll)
    PcdComMF522                              0x08001cc1   Thumb Code   310  card_m1.o(i.PcdComMF522)
    PcdRequest                               0x08001dfd   Thumb Code    86  card_m1.o(i.PcdRequest)
    PcdSelect1                               0x08001e53   Thumb Code   118  card_m1.o(i.PcdSelect1)
    PcdSelect2                               0x08001ec9   Thumb Code   118  card_m1.o(i.PcdSelect2)
    PcdSelect3                               0x08001f3f   Thumb Code   118  card_m1.o(i.PcdSelect3)
    PendSV_Handler                           0x08001fb5   Thumb Code     2  xl32f0xx_it.o(i.PendSV_Handler)
    RCC_GetHCLKClockFreq                     0x08001fb9   Thumb Code    34  xl32f0xx_ll_rcc.o(i.RCC_GetHCLKClockFreq)
    RCC_GetPCLK1ClockFreq                    0x08001fe5   Thumb Code    32  xl32f0xx_ll_rcc.o(i.RCC_GetPCLK1ClockFreq)
    RCC_GetSystemClockFreq                   0x0800200d   Thumb Code    96  xl32f0xx_ll_rcc.o(i.RCC_GetSystemClockFreq)
    RT1587_decode                            0x08002079   Thumb Code   472  bsp_driver.o(i.RT1587_decode)
    SPI_RW_Data                              0x08002261   Thumb Code   106  card_m1.o(i.SPI_RW_Data)
    SVC_Handler                              0x080022cb   Thumb Code     2  xl32f0xx_it.o(i.SVC_Handler)
    SysTick_Handler                          0x080022cd   Thumb Code    46  xl32f0xx_it.o(i.SysTick_Handler)
    SystemInit                               0x080023b9   Thumb Code    32  system_xl32f0xx.o(i.SystemInit)
    System_Run                               0x080023e5   Thumb Code    46  app.o(i.System_Run)
    TIM3_IRQHandler                          0x08002425   Thumb Code    30  bsp_driver.o(i.TIM3_IRQHandler)
    USART2_IRQHandler                        0x080026cd   Thumb Code    44  bsp_driver.o(i.USART2_IRQHandler)
    __ARM_clz                                0x08002779   Thumb Code    46  depilogue.o(i.__ARM_clz)
    __ARM_common_switch8                     0x080027a7   Thumb Code    28  ymodem.o(i.__ARM_common_switch8)
    __scatterload_copy                       0x080027c3   Thumb Code    14  handlers.o(i.__scatterload_copy)
    __scatterload_null                       0x080027d1   Thumb Code     2  handlers.o(i.__scatterload_null)
    __scatterload_zeroinit                   0x080027d3   Thumb Code    14  handlers.o(i.__scatterload_zeroinit)
    auto_reset                               0x080027e1   Thumb Code    36  card_m1.o(i.auto_reset)
    checkCardData                            0x08002809   Thumb Code   502  bsp_driver.o(i.checkCardData)
    flash_page_erase                         0x08002a2d   Thumb Code   124  flash_driver.o(i.flash_page_erase)
    flash_program_bytes                      0x08002ab9   Thumb Code   118  flash_driver.o(i.flash_program_bytes)
    get_id_io_state                          0x08002b75   Thumb Code    22  bsp_driver.o(i.get_id_io_state)
    gpio_init                                0x08002b8d   Thumb Code   462  bsp_driver.o(i.gpio_init)
    id_card_decode                           0x08002d61   Thumb Code   438  bsp_driver.o(i.id_card_decode)
    m1_init                                  0x08002f29   Thumb Code    78  card_m1.o(i.m1_init)
    $Super$$main                             0x08002f7d   Thumb Code    42  main.o(i.main)
    mb_crc16                                 0x08002fa9   Thumb Code    46  modbus_crc.o(i.mb_crc16)
    millis                                   0x08002fe1   Thumb Code     6  main.o(i.millis)
    timer1_init                              0x08002fed   Thumb Code   186  bsp_driver.o(i.timer1_init)
    uart2_init                               0x080030b1   Thumb Code   182  bsp_driver.o(i.uart2_init)
    uart_send_data                           0x0800316d   Thumb Code    52  bsp_driver.o(i.uart_send_data)
    ymodem_packet_analysis                   0x08003211   Thumb Code   588  ymodem.o(i.ymodem_packet_analysis)
    AHBPrescTable                            0x080034c0   Data          64  system_xl32f0xx.o(.constdata)
    APBPrescTable                            0x08003500   Data          32  system_xl32f0xx.o(.constdata)
    HSIFreqTable                             0x08003520   Data          32  system_xl32f0xx.o(.constdata)
    TAB_WENDU_10K                            0x08003566   Data          82  bsp_driver.o(.constdata)
    TblCRCHi                                 0x080035b8   Data         256  modbus_crc.o(.constdata)
    TblCRCLo                                 0x080036b8   Data         256  modbus_crc.o(.constdata)
    Region$$Table$$Base                      0x080037d4   Number         0  anon$$obj.o(Region$$Table)
    Region$$Table$$Limit                     0x080037f4   Number         0  anon$$obj.o(Region$$Table)
    VECT_SRAM_TAB                            0x20000000   Data         192  system_xl32f0xx.o(.ARM.__at_0x20000000)
    SystemCoreClock                          0x200000c0   Data           4  system_xl32f0xx.o(.data)
    offset1                                  0x200000c8   Data           2  flash_driver.o(.data)
    offset                                   0x200000cc   Data           4  flash_driver.o(.data)
    sys_ms                                   0x200000d0   Data           4  bsp_driver.o(.data)
    sys_50us_id                              0x200000d4   Data           4  bsp_driver.o(.data)
    sys_50us_433                             0x200000d8   Data           4  bsp_driver.o(.data)
    bellParams                               0x200000dc   Data         100  bsp_driver.o(.data)
    temperature                              0x20000140   Data           8  bsp_driver.o(.data)
    temperature_average                      0x20000148   Data           8  bsp_driver.o(.data)
    uhADCxConvertedData                      0x20000150   Data           2  bsp_driver.o(.data)
    uhADCxConvertedData_Voltage_mVolt        0x20000152   Data           2  bsp_driver.o(.data)
    adc_data                                 0x20000154   Data           2  bsp_driver.o(.data)
    timeoutCount                             0x2000017c   Data           4  app.o(.data)
    errcnt                                   0x200001a4   Data           4  card_m1.o(.data)
    aaa                                      0x200001a8   Data           1  card_m1.o(.data)
    SysM1_Val                                0x200001a9   Data           5  card_m1.o(.data)
    flash_write_buf                          0x200001b0   Data         128  flash_driver.o(.bss)
    uart_state                               0x20000230   Data         260  bsp_driver.o(.bss)
    RF433                                    0x20000334   Data         528  bsp_driver.o(.bss)
    RF433_Info                               0x20000544   Data          11  bsp_driver.o(.bss)
    ID_Card                                  0x20000550   Data         312  bsp_driver.o(.bss)
    ID_Card_Info                             0x20000688   Data          25  bsp_driver.o(.bss)
    M1_Card_Info                             0x200006a1   Data          25  bsp_driver.o(.bss)
    ymodem_session                           0x200006bc   Data          60  ymodem.o(.bss)
    __initial_sp                             0x20000af8   Data           0  startup_xl32f003x6.o(STACK)



==============================================================================

Memory Map of the image

  Image Entry point : 0x080000c1

  Load Region LR_IROM1 (Base: 0x08000000, Size: 0x000039a4, Max: 0x00010000, ABSOLUTE, COMPRESSED[0x00003838])

    Execution Region ER_IROM1 (Exec base: 0x08000000, Load base: 0x08000000, Size: 0x000037f4, Max: 0x00010000, ABSOLUTE)

    Exec Addr    Load Addr    Size         Type   Attr      Idx    E Section Name        Object

    0x08000000   0x08000000   0x000000c0   Data   RO           67    RESET               startup_xl32f003x6.o
    0x080000c0   0x080000c0   0x00000000   Code   RO         1509  * .ARM.Collect$$$$00000000  mc_p.l(entry.o)
    0x080000c0   0x080000c0   0x00000004   Code   RO         1536    .ARM.Collect$$$$00000001  mc_p.l(entry2.o)
    0x080000c4   0x080000c4   0x00000004   Code   RO         1539    .ARM.Collect$$$$00000004  mc_p.l(entry5.o)
    0x080000c8   0x080000c8   0x00000000   Code   RO         1541    .ARM.Collect$$$$00000008  mc_p.l(entry7b.o)
    0x080000c8   0x080000c8   0x00000000   Code   RO         1543    .ARM.Collect$$$$0000000A  mc_p.l(entry8b.o)
    0x080000c8   0x080000c8   0x00000008   Code   RO         1544    .ARM.Collect$$$$0000000B  mc_p.l(entry9a.o)
    0x080000d0   0x080000d0   0x00000004   Code   RO         1551    .ARM.Collect$$$$0000000E  mc_p.l(entry12b.o)
    0x080000d4   0x080000d4   0x00000000   Code   RO         1546    .ARM.Collect$$$$0000000F  mc_p.l(entry10a.o)
    0x080000d4   0x080000d4   0x00000000   Code   RO         1548    .ARM.Collect$$$$00000011  mc_p.l(entry11a.o)
    0x080000d4   0x080000d4   0x00000004   Code   RO         1537    .ARM.Collect$$$$00002712  mc_p.l(entry2.o)
    0x080000d8   0x080000d8   0x00000120   Code   RO          271    .RamFunc            flash_driver.o
    0x080001f8   0x080001f8   0x0000001c   Code   RO           68    .text               startup_xl32f003x6.o
    0x08000214   0x08000214   0x0000002c   Code   RO         1512    .text               mc_p.l(uidiv.o)
    0x08000240   0x08000240   0x00000028   Code   RO         1514    .text               mc_p.l(idiv.o)
    0x08000268   0x08000268   0x00000024   Code   RO         1516    .text               mc_p.l(memcpya.o)
    0x0800028c   0x0800028c   0x00000024   Code   RO         1518    .text               mc_p.l(memseta.o)
    0x080002b0   0x080002b0   0x00000168   Code   RO         1522    .text               mf_p.l(dadd.o)
    0x08000418   0x08000418   0x000000d0   Code   RO         1524    .text               mf_p.l(dmul.o)
    0x080004e8   0x080004e8   0x000000f0   Code   RO         1526    .text               mf_p.l(ddiv.o)
    0x080005d8   0x080005d8   0x00000028   Code   RO         1528    .text               mf_p.l(dflti.o)
    0x08000600   0x08000600   0x0000001c   Code   RO         1530    .text               mf_p.l(dfltui.o)
    0x0800061c   0x0800061c   0x0000003c   Code   RO         1532    .text               mf_p.l(dfixui.o)
    0x08000658   0x08000658   0x00000028   Code   RO         1534    .text               mf_p.l(cdrcmple.o)
    0x08000680   0x08000680   0x00000020   Code   RO         1552    .text               mc_p.l(llshl.o)
    0x080006a0   0x080006a0   0x00000022   Code   RO         1554    .text               mc_p.l(llushr.o)
    0x080006c2   0x080006c2   0x00000026   Code   RO         1556    .text               mc_p.l(llsshr.o)
    0x080006e8   0x080006e8   0x00000000   Code   RO         1558    .text               mc_p.l(iusefp.o)
    0x080006e8   0x080006e8   0x000000be   Code   RO         1559    .text               mf_p.l(depilogue.o)
    0x080007a6   0x080007a6   0x00000002   PAD
    0x080007a8   0x080007a8   0x00000024   Code   RO         1563    .text               mc_p.l(init.o)
    0x080007cc   0x080007cc   0x0000003a   Code   RO         1573    .text               mc_p.l(__dczerorl.o)
    0x08000806   0x08000806   0x00000002   PAD
    0x08000808   0x08000808   0x00000034   Code   RO            3    i.$Sub$$main        system_xl32f0xx.o
    0x0800083c   0x0800083c   0x00000028   Code   RO          358    i.ADC_COMP_IRQHandler  bsp_driver.o
    0x08000864   0x08000864   0x0000013c   Code   RO          359    i.ADC_init          bsp_driver.o
    0x080009a0   0x080009a0   0x00000074   Code   RO          360    i.ADC_start         bsp_driver.o
    0x08000a14   0x08000a14   0x00000178   Code   RO          361    i.APP_AdcGrpRegularUnitaryConvCompleteCallback  bsp_driver.o
    0x08000b8c   0x08000b8c   0x0000006a   Code   RO         1377    i.CalulateCRC       card_m1.o
    0x08000bf6   0x08000bf6   0x00000002   PAD
    0x08000bf8   0x08000bf8   0x00000040   Code   RO         1305    i.Check_M1          app.o
    0x08000c38   0x08000c38   0x000000cc   Code   RO          640    i.CmdProcess        cmd_process.o
    0x08000d04   0x08000d04   0x00000044   Code   RO          641    i.CmdSend           cmd_process.o
    0x08000d48   0x08000d48   0x00000038   Code   RO          362    i.EXTI4_15_IRQHandler  bsp_driver.o
    0x08000d80   0x08000d80   0x00000038   Code   RO          272    i.FLASH_WaitForLastOperation  flash_driver.o
    0x08000db8   0x08000db8   0x000000a8   Code   RO          273    i.FlashSaveCallBellPara  flash_driver.o
    0x08000e60   0x08000e60   0x00000060   Code   RO          274    i.FlashSynCallBellPara  flash_driver.o
    0x08000ec0   0x08000ec0   0x00000004   Code   RO          218    i.HardFault_Handler  xl32f0xx_it.o
    0x08000ec4   0x08000ec4   0x00000080   Code   RO          363    i.IWDG_Config       bsp_driver.o
    0x08000f44   0x08000f44   0x0000001e   Code   RO         1378    i.I_DP1322ES_ClearBitMask  card_m1.o
    0x08000f62   0x08000f62   0x00000002   PAD
    0x08000f64   0x08000f64   0x00000034   Code   RO         1379    i.I_DP1322ES_IO_Read  card_m1.o
    0x08000f98   0x08000f98   0x00000034   Code   RO         1380    i.I_DP1322ES_IO_Write  card_m1.o
    0x08000fcc   0x08000fcc   0x0000001e   Code   RO         1381    i.I_DP1322ES_SetBitMask  card_m1.o
    0x08000fea   0x08000fea   0x00000010   Code   RO          364    i.LL_ADC_IsEnabled  bsp_driver.o
    0x08000ffa   0x08000ffa   0x0000000c   Code   RO          365    i.LL_ADC_SetResolution  bsp_driver.o
    0x08001006   0x08001006   0x00000002   PAD
    0x08001008   0x08001008   0x0000001c   Code   RO          366    i.LL_APB1_GRP1_EnableClock  bsp_driver.o
    0x08001024   0x08001024   0x0000001c   Code   RO          367    i.LL_APB1_GRP2_EnableClock  bsp_driver.o
    0x08001040   0x08001040   0x0000000c   Code   RO          368    i.LL_EXTI_ClearFlag  bsp_driver.o
    0x0800104c   0x0800104c   0x00000010   Code   RO          824    i.LL_EXTI_DisableEvent  xl32f0xx_ll_exti.o
    0x0800105c   0x0800105c   0x00000010   Code   RO          825    i.LL_EXTI_DisableIT  xl32f0xx_ll_exti.o
    0x0800106c   0x0800106c   0x00000010   Code   RO          826    i.LL_EXTI_EnableEvent  xl32f0xx_ll_exti.o
    0x0800107c   0x0800107c   0x00000010   Code   RO          827    i.LL_EXTI_EnableFallingTrig  xl32f0xx_ll_exti.o
    0x0800108c   0x0800108c   0x00000010   Code   RO          828    i.LL_EXTI_EnableIT  xl32f0xx_ll_exti.o
    0x0800109c   0x0800109c   0x00000010   Code   RO          829    i.LL_EXTI_EnableRisingTrig  xl32f0xx_ll_exti.o
    0x080010ac   0x080010ac   0x000000c0   Code   RO          830    i.LL_EXTI_Init      xl32f0xx_ll_exti.o
    0x0800116c   0x0800116c   0x00000010   Code   RO          369    i.LL_EXTI_ReadFlag  bsp_driver.o
    0x0800117c   0x0800117c   0x000000fa   Code   RO          889    i.LL_GPIO_Init      xl32f0xx_ll_gpio.o
    0x08001276   0x08001276   0x00000004   Code   RO         1382    i.LL_GPIO_ResetOutputPin  card_m1.o
    0x0800127a   0x0800127a   0x00000004   Code   RO          370    i.LL_GPIO_SetOutputPin  bsp_driver.o
    0x0800127e   0x0800127e   0x00000004   Code   RO         1383    i.LL_GPIO_SetOutputPin  card_m1.o
    0x08001282   0x08001282   0x0000001a   Code   RO          371    i.LL_GPIO_SetPinMode  bsp_driver.o
    0x0800129c   0x0800129c   0x00000010   Code   RO          372    i.LL_GPIO_SetPinOutputType  bsp_driver.o
    0x080012ac   0x080012ac   0x0000001a   Code   RO          373    i.LL_GPIO_SetPinPull  bsp_driver.o
    0x080012c6   0x080012c6   0x0000001a   Code   RO          374    i.LL_GPIO_SetPinSpeed  bsp_driver.o
    0x080012e0   0x080012e0   0x0000001c   Code   RO          375    i.LL_IOP_GRP1_EnableClock  bsp_driver.o
    0x080012fc   0x080012fc   0x00000028   Code   RO         1261    i.LL_Init1msTick    xl32f0xx_ll_utils.o
    0x08001324   0x08001324   0x00000010   Code   RO          944    i.LL_RCC_GetSysClkSource  xl32f0xx_ll_rcc.o
    0x08001334   0x08001334   0x0000001c   Code   RO          945    i.LL_RCC_GetSystemClocksFreq  xl32f0xx_ll_rcc.o
    0x08001350   0x08001350   0x0000000c   Code   RO         1263    i.LL_SetSystemCoreClock  xl32f0xx_ll_utils.o
    0x0800135c   0x0800135c   0x0000000a   Code   RO          376    i.LL_TIM_EnableCounter  bsp_driver.o
    0x08001366   0x08001366   0x00000002   PAD
    0x08001368   0x08001368   0x00000098   Code   RO         1056    i.LL_TIM_Init       xl32f0xx_ll_tim.o
    0x08001400   0x08001400   0x0000005c   Code   RO         1057    i.LL_TIM_OC_Init    xl32f0xx_ll_tim.o
    0x0800145c   0x0800145c   0x00000004   Code   RO         1058    i.LL_TIM_OC_SetCompareCH2  xl32f0xx_ll_tim.o
    0x08001460   0x08001460   0x00000014   Code   RO         1059    i.LL_TIM_OC_StructInit  xl32f0xx_ll_tim.o
    0x08001474   0x08001474   0x00000080   Code   RO         1207    i.LL_USART_Init     xl32f0xx_ll_usart.o
    0x080014f4   0x080014f4   0x0000000e   Code   RO         1208    i.LL_USART_IsEnabled  xl32f0xx_ll_usart.o
    0x08001502   0x08001502   0x00000132   Code   RO         1209    i.LL_USART_SetBaudRate  xl32f0xx_ll_usart.o
    0x08001634   0x08001634   0x00000034   Code   RO         1264    i.LL_mDelay         xl32f0xx_ll_utils.o
    0x08001668   0x08001668   0x00000002   Code   RO          219    i.NMI_Handler       xl32f0xx_it.o
    0x0800166a   0x0800166a   0x00000002   PAD
    0x0800166c   0x0800166c   0x00000014   Code   RO          377    i.NVIC_EnableIRQ    bsp_driver.o
    0x08001680   0x08001680   0x00000078   Code   RO          378    i.NVIC_SetPriority  bsp_driver.o
    0x080016f8   0x080016f8   0x00000034   Code   RO         1306    i.NVIC_SystemReset  app.o
    0x0800172c   0x0800172c   0x000000a0   Code   RO         1061    i.OC1Config         xl32f0xx_ll_tim.o
    0x080017cc   0x080017cc   0x000000bc   Code   RO         1062    i.OC2Config         xl32f0xx_ll_tim.o
    0x08001888   0x08001888   0x000000b4   Code   RO         1063    i.OC3Config         xl32f0xx_ll_tim.o
    0x0800193c   0x0800193c   0x0000008c   Code   RO         1064    i.OC4Config         xl32f0xx_ll_tim.o
    0x080019c8   0x080019c8   0x00000200   Code   RO         1384    i.PCD_DP1322ES_TypeA_GetUID  card_m1.o
    0x08001bc8   0x08001bc8   0x00000068   Code   RO         1385    i.PCD_DP1322ES_TypeA_Init  card_m1.o
    0x08001c30   0x08001c30   0x0000001c   Code   RO         1386    i.PcdAntennaOn      card_m1.o
    0x08001c4c   0x08001c4c   0x00000074   Code   RO         1387    i.PcdAnticoll       card_m1.o
    0x08001cc0   0x08001cc0   0x0000013c   Code   RO         1388    i.PcdComMF522       card_m1.o
    0x08001dfc   0x08001dfc   0x00000056   Code   RO         1389    i.PcdRequest        card_m1.o
    0x08001e52   0x08001e52   0x00000076   Code   RO         1390    i.PcdSelect1        card_m1.o
    0x08001ec8   0x08001ec8   0x00000076   Code   RO         1391    i.PcdSelect2        card_m1.o
    0x08001f3e   0x08001f3e   0x00000076   Code   RO         1392    i.PcdSelect3        card_m1.o
    0x08001fb4   0x08001fb4   0x00000002   Code   RO          220    i.PendSV_Handler    xl32f0xx_it.o
    0x08001fb6   0x08001fb6   0x00000002   PAD
    0x08001fb8   0x08001fb8   0x0000002c   Code   RO          948    i.RCC_GetHCLKClockFreq  xl32f0xx_ll_rcc.o
    0x08001fe4   0x08001fe4   0x00000028   Code   RO          949    i.RCC_GetPCLK1ClockFreq  xl32f0xx_ll_rcc.o
    0x0800200c   0x0800200c   0x0000006c   Code   RO          950    i.RCC_GetSystemClockFreq  xl32f0xx_ll_rcc.o
    0x08002078   0x08002078   0x000001e8   Code   RO          379    i.RT1587_decode     bsp_driver.o
    0x08002260   0x08002260   0x0000006a   Code   RO         1393    i.SPI_RW_Data       card_m1.o
    0x080022ca   0x080022ca   0x00000002   Code   RO          221    i.SVC_Handler       xl32f0xx_it.o
    0x080022cc   0x080022cc   0x00000038   Code   RO          222    i.SysTick_Handler   xl32f0xx_it.o
    0x08002304   0x08002304   0x000000b4   Code   RO           75    i.SystemClock_Config  main.o
    0x080023b8   0x080023b8   0x0000002c   Code   RO            5    i.SystemInit        system_xl32f0xx.o
    0x080023e4   0x080023e4   0x00000040   Code   RO         1307    i.System_Run        app.o
    0x08002424   0x08002424   0x00000028   Code   RO          380    i.TIM3_IRQHandler   bsp_driver.o
    0x0800244c   0x0800244c   0x00000070   Code   RO         1308    i.Task1_idcard_process  app.o
    0x080024bc   0x080024bc   0x00000054   Code   RO         1309    i.Task2_uart_process  app.o
    0x08002510   0x08002510   0x000000ec   Code   RO         1310    i.Task3_100ms_process  app.o
    0x080025fc   0x080025fc   0x000000d0   Code   RO         1311    i.Task4_rf433_process  app.o
    0x080026cc   0x080026cc   0x00000038   Code   RO          381    i.USART2_IRQHandler  bsp_driver.o
    0x08002704   0x08002704   0x00000040   Code   RO          578    i.UpdateCRC16       ymodem.o
    0x08002744   0x08002744   0x00000034   Code   RO          579    i.YmodemCRC         ymodem.o
    0x08002778   0x08002778   0x0000002e   Code   RO         1561    i.__ARM_clz         mf_p.l(depilogue.o)
    0x080027a6   0x080027a6   0x0000001c   Code   RO          615    i.__ARM_common_switch8  ymodem.o
    0x080027c2   0x080027c2   0x0000000e   Code   RO         1567    i.__scatterload_copy  mc_p.l(handlers.o)
    0x080027d0   0x080027d0   0x00000002   Code   RO         1568    i.__scatterload_null  mc_p.l(handlers.o)
    0x080027d2   0x080027d2   0x0000000e   Code   RO         1569    i.__scatterload_zeroinit  mc_p.l(handlers.o)
    0x080027e0   0x080027e0   0x00000028   Code   RO         1394    i.auto_reset        card_m1.o
    0x08002808   0x08002808   0x000001fc   Code   RO          382    i.checkCardData     bsp_driver.o
    0x08002a04   0x08002a04   0x00000028   Code   RO          278    i.flash_lock        flash_driver.o
    0x08002a2c   0x08002a2c   0x0000008c   Code   RO          279    i.flash_page_erase  flash_driver.o
    0x08002ab8   0x08002ab8   0x00000084   Code   RO          280    i.flash_program_bytes  flash_driver.o
    0x08002b3c   0x08002b3c   0x00000038   Code   RO          281    i.flash_unlock      flash_driver.o
    0x08002b74   0x08002b74   0x00000016   Code   RO          383    i.get_id_io_state   bsp_driver.o
    0x08002b8a   0x08002b8a   0x00000002   PAD
    0x08002b8c   0x08002b8c   0x000001d4   Code   RO          384    i.gpio_init         bsp_driver.o
    0x08002d60   0x08002d60   0x000001c8   Code   RO          385    i.id_card_decode    bsp_driver.o
    0x08002f28   0x08002f28   0x00000054   Code   RO         1395    i.m1_init           card_m1.o
    0x08002f7c   0x08002f7c   0x0000002a   Code   RO           76    i.main              main.o
    0x08002fa6   0x08002fa6   0x00000002   PAD
    0x08002fa8   0x08002fa8   0x00000038   Code   RO          623    i.mb_crc16          modbus_crc.o
    0x08002fe0   0x08002fe0   0x0000000c   Code   RO           77    i.millis            main.o
    0x08002fec   0x08002fec   0x000000c4   Code   RO          386    i.timer1_init       bsp_driver.o
    0x080030b0   0x080030b0   0x000000bc   Code   RO          387    i.uart2_init        bsp_driver.o
    0x0800316c   0x0800316c   0x00000038   Code   RO          388    i.uart_send_data    bsp_driver.o
    0x080031a4   0x080031a4   0x0000006c   Code   RO         1312    i.ymodem_data_process  app.o
    0x08003210   0x08003210   0x00000254   Code   RO          581    i.ymodem_packet_analysis  ymodem.o
    0x08003464   0x08003464   0x0000005c   Code   RO         1313    i.ymodem_timeout_process  app.o
    0x080034c0   0x080034c0   0x00000080   Data   RO            7    .constdata          system_xl32f0xx.o
    0x08003540   0x08003540   0x00000078   Data   RO          390    .constdata          bsp_driver.o
    0x080035b8   0x080035b8   0x00000200   Data   RO          624    .constdata          modbus_crc.o
    0x080037b8   0x080037b8   0x0000000d   Data   RO          284    .conststring        flash_driver.o
    0x080037c5   0x080037c5   0x00000003   PAD
    0x080037c8   0x080037c8   0x00000004   Data   RO         1315    .conststring        app.o
    0x080037cc   0x080037cc   0x00000008   Data   RO         1397    .conststring        card_m1.o
    0x080037d4   0x080037d4   0x00000020   Data   RO         1565    Region$$Table       anon$$obj.o


    Execution Region RW_IRAM1 (Exec base: 0x20000000, Load base: 0x080037f4, Size: 0x00000af8, Max: 0x00002000, ABSOLUTE, COMPRESSED[0x00000044])

    Exec Addr    Load Addr    Size         Type   Attr      Idx    E Section Name        Object

    0x20000000   COMPRESSED   0x000000c0   Data   RW            6    .ARM.__at_0x20000000  system_xl32f0xx.o
    0x200000c0   COMPRESSED   0x00000004   Data   RW            8    .data               system_xl32f0xx.o
    0x200000c4   COMPRESSED   0x0000000c   Data   RW          285    .data               flash_driver.o
    0x200000d0   COMPRESSED   0x00000087   Data   RW          391    .data               bsp_driver.o
    0x20000157   COMPRESSED   0x00000001   PAD
    0x20000158   COMPRESSED   0x00000047   Data   RW         1316    .data               app.o
    0x2000019f   COMPRESSED   0x00000001   PAD
    0x200001a0   COMPRESSED   0x00000010   Data   RW         1398    .data               card_m1.o
    0x200001b0        -       0x00000080   Zero   RW          282    .bss                flash_driver.o
    0x20000230        -       0x0000048a   Zero   RW          389    .bss                bsp_driver.o
    0x200006ba   COMPRESSED   0x00000002   PAD
    0x200006bc        -       0x0000003c   Zero   RW          582    .bss                ymodem.o
    0x200006f8        -       0x00000400   Zero   RW           65    STACK               startup_xl32f003x6.o


==============================================================================

Image component sizes


      Code (inc. data)   RO Data    RW Data    ZI Data      Debug   Object Name

      1020        124          4         71          0       7346   app.o
      3898        242        120        135       1162     108129   bsp_driver.o
      2024         46          8         16          0      21040   card_m1.o
       272         10          0          0          0       1782   cmd_process.o
       976         92         13         12        128       7937   flash_driver.o
       234         24          0          0          0      46104   main.o
        56         10        512          0          0       1227   modbus_crc.o
        28          8        192          0       1024        664   startup_xl32f003x6.o
        96         20        128        196          0     162187   system_xl32f0xx.o
        66         10          0          0          0      12019   xl32f0xx_it.o
       288         30          0          0          0       8807   xl32f0xx_ll_exti.o
       250          0          0          0          0       8851   xl32f0xx_ll_gpio.o
       236         36          0          0          0      13713   xl32f0xx_ll_rcc.o
       936         74          0          0          0      34078   xl32f0xx_ll_tim.o
       448          4          0          0          0      14340   xl32f0xx_ll_usart.o
       104         18          0          0          0       4433   xl32f0xx_ll_utils.o
       740         24          0          0         60       3862   ymodem.o

    ----------------------------------------------------------------------
     11688        772       1012        432       2376     456519   Object Totals
         0          0         32          0          0          0   (incl. Generated)
        16          0          3          2          2          0   (incl. Padding)

    ----------------------------------------------------------------------

      Code (inc. data)   RO Data    RW Data    ZI Data      Debug   Library Member Name

        58          0          0          0          0          0   __dczerorl.o
         0          0          0          0          0          0   entry.o
         0          0          0          0          0          0   entry10a.o
         0          0          0          0          0          0   entry11a.o
         4          0          0          0          0          0   entry12b.o
         8          4          0          0          0          0   entry2.o
         4          0          0          0          0          0   entry5.o
         0          0          0          0          0          0   entry7b.o
         0          0          0          0          0          0   entry8b.o
         8          4          0          0          0          0   entry9a.o
        30          0          0          0          0          0   handlers.o
        40          0          0          0          0         72   idiv.o
        36          8          0          0          0         68   init.o
         0          0          0          0          0          0   iusefp.o
        32          0          0          0          0         68   llshl.o
        38          0          0          0          0         68   llsshr.o
        34          0          0          0          0         68   llushr.o
        36          0          0          0          0         60   memcpya.o
        36          0          0          0          0        100   memseta.o
        44          0          0          0          0         72   uidiv.o
        40          2          0          0          0         68   cdrcmple.o
       360          6          0          0          0        140   dadd.o
       240          6          0          0          0         84   ddiv.o
       236          0          0          0          0        216   depilogue.o
        60         10          0          0          0         68   dfixui.o
        40          6          0          0          0         68   dflti.o
        28          4          0          0          0         68   dfltui.o
       208          6          0          0          0         88   dmul.o

    ----------------------------------------------------------------------
      1624         56          0          0          0       1376   Library Totals
         4          0          0          0          0          0   (incl. Padding)

    ----------------------------------------------------------------------

      Code (inc. data)   RO Data    RW Data    ZI Data      Debug   Library Name

       408         16          0          0          0        576   mc_p.l
      1212         40          0          0          0        800   mf_p.l

    ----------------------------------------------------------------------
      1624         56          0          0          0       1376   Library Totals

    ----------------------------------------------------------------------

==============================================================================


      Code (inc. data)   RO Data    RW Data    ZI Data      Debug   

     13312        828       1012        432       2376     452743   Grand Totals
     13312        828       1012         68       2376     452743   ELF Image Totals (compressed)
     13312        828       1012         68          0          0   ROM Totals

==============================================================================

    Total RO  Size (Code + RO Data)                14324 (  13.99kB)
    Total RW  Size (RW Data + ZI Data)              2808 (   2.74kB)
    Total ROM Size (Code + RO Data + RW Data)      14392 (  14.05kB)

==============================================================================

