Component: ARM Compiler 5.06 update 7 (build 960) Tool: armlink [4d3601]

==============================================================================

Section Cross References

    system_xl32f0xx.o(i.$Sub$$main) refers to main.o(i.main) for $Super$$main
    system_xl32f0xx.o(i.$Sub$$main) refers to system_xl32f0xx.o(.ARM.__at_0x20000000) for VECT_SRAM_TAB
    system_xl32f0xx.o(i.SystemCoreClockUpdate) refers to uidiv.o(.text) for __aeabi_uidivmod
    system_xl32f0xx.o(i.SystemCoreClockUpdate) refers to system_xl32f0xx.o(.data) for SystemCoreClock
    system_xl32f0xx.o(i.SystemCoreClockUpdate) refers to system_xl32f0xx.o(.constdata) for HSIFreqTable
    startup_xl32f003x6.o(RESET) refers to startup_xl32f003x6.o(STACK) for __initial_sp
    startup_xl32f003x6.o(RESET) refers to startup_xl32f003x6.o(.text) for Reset_Handler
    startup_xl32f003x6.o(RESET) refers to xl32f0xx_it.o(i.NMI_Handler) for NMI_Handler
    startup_xl32f003x6.o(RESET) refers to xl32f0xx_it.o(i.HardFault_Handler) for HardFault_Handler
    startup_xl32f003x6.o(RESET) refers to xl32f0xx_it.o(i.SVC_Handler) for SVC_Handler
    startup_xl32f003x6.o(RESET) refers to xl32f0xx_it.o(i.PendSV_Handler) for PendSV_Handler
    startup_xl32f003x6.o(RESET) refers to xl32f0xx_it.o(i.SysTick_Handler) for SysTick_Handler
    startup_xl32f003x6.o(RESET) refers to bsp_driver.o(i.EXTI0_1_IRQHandler) for EXTI0_1_IRQHandler
    startup_xl32f003x6.o(RESET) refers to bsp_driver.o(i.EXTI4_15_IRQHandler) for EXTI4_15_IRQHandler
    startup_xl32f003x6.o(RESET) refers to bsp_driver.o(i.TIM3_IRQHandler) for TIM3_IRQHandler
    startup_xl32f003x6.o(RESET) refers to bsp_driver.o(i.USART2_IRQHandler) for USART2_IRQHandler
    startup_xl32f003x6.o(.text) refers to system_xl32f0xx.o(i.SystemInit) for SystemInit
    startup_xl32f003x6.o(.text) refers to entry.o(.ARM.Collect$$$$00000000) for __main
    main.o(i.SystemClock_Config) refers to xl32f0xx_ll_utils.o(i.LL_Init1msTick) for LL_Init1msTick
    main.o(i.SystemClock_Config) refers to xl32f0xx_ll_utils.o(i.LL_SetSystemCoreClock) for LL_SetSystemCoreClock
    main.o(i.main) refers to main.o(i.SystemClock_Config) for SystemClock_Config
    main.o(i.main) refers to bsp_driver.o(i.IWDG_Config) for IWDG_Config
    main.o(i.main) refers to bsp_driver.o(i.gpio_init) for gpio_init
    main.o(i.main) refers to bsp_driver.o(i.uart2_init) for uart2_init
    main.o(i.main) refers to bsp_driver.o(i.timer1_init) for timer1_init
    main.o(i.main) refers to card_m1.o(i.m1_init) for m1_init
    main.o(i.main) refers to main.o(i.tick_printf) for tick_printf
    main.o(i.main) refers to app.o(i.System_Run) for System_Run
    main.o(i.millis) refers to bsp_driver.o(.data) for sys_ms
    main.o(i.tick_printf) refers to main.o(i.millis) for millis
    main.o(i.tick_printf) refers to printfa.o(i.__0printf) for __2printf
    main.o(i.tick_printf) refers to printfa.o(i.__0vprintf) for vprintf
    xl32f0xx_it.o(i.SysTick_Handler) refers to bsp_driver.o(.data) for sys_ms
    xl32f0xx_it.o(i.SysTick_Handler) refers to bsp_driver.o(.bss) for uart_state
    flash_driver.o(.RamFunc) refers to flash_driver.o(i.FLASH_WaitForLastOperation) for FLASH_WaitForLastOperation
    flash_driver.o(i.FLASH_WaitForLastOperation) refers to main.o(i.millis) for millis
    flash_driver.o(i.flash_lock) refers to main.o(i.tick_printf) for tick_printf
    flash_driver.o(i.flash_lock) refers to flash_driver.o(.constdata) for __func__
    flash_driver.o(i.flash_page_erase) refers to flash_driver.o(i.flash_unlock) for flash_unlock
    flash_driver.o(i.flash_page_erase) refers to flash_driver.o(i.FLASH_WaitForLastOperation) for FLASH_WaitForLastOperation
    flash_driver.o(i.flash_program_bytes) refers to flash_driver.o(i.flash_unlock) for flash_unlock
    flash_driver.o(i.flash_program_bytes) refers to memseta.o(.text) for __aeabi_memclr4
    flash_driver.o(i.flash_program_bytes) refers to memcpya.o(.text) for __aeabi_memcpy
    flash_driver.o(i.flash_program_bytes) refers to flash_driver.o(.RamFunc) for FLASH_Program_Page
    flash_driver.o(i.flash_program_bytes) refers to flash_driver.o(i.flash_lock) for flash_lock
    flash_driver.o(i.flash_program_bytes) refers to flash_driver.o(.bss) for flash_write_buf
    flash_driver.o(i.flash_unlock) refers to main.o(i.tick_printf) for tick_printf
    flash_driver.o(i.flash_unlock) refers to flash_driver.o(.constdata) for __func__
    bsp_driver.o(i.EXTI0_1_IRQHandler) refers to bsp_driver.o(i.LL_EXTI_ReadFlag) for LL_EXTI_ReadFlag
    bsp_driver.o(i.EXTI0_1_IRQHandler) refers to bsp_driver.o(i.LL_EXTI_ClearFlag) for LL_EXTI_ClearFlag
    bsp_driver.o(i.EXTI0_1_IRQHandler) refers to bsp_driver.o(.bss) for RF433
    bsp_driver.o(i.EXTI4_15_IRQHandler) refers to bsp_driver.o(i.LL_EXTI_ReadFlag) for LL_EXTI_ReadFlag
    bsp_driver.o(i.EXTI4_15_IRQHandler) refers to bsp_driver.o(i.LL_EXTI_ClearFlag) for LL_EXTI_ClearFlag
    bsp_driver.o(i.EXTI4_15_IRQHandler) refers to bsp_driver.o(i.id_card_decode) for id_card_decode
[...]
    printf4.o(i.__0vprintf$4) refers to stdout.o(.data) for __stdout
    printf4.o(i.__0vsnprintf$4) refers to printf4.o(i._printf_core) for _printf_core
    printf4.o(i.__0vsnprintf$4) refers to printf4.o(i._snputc) for _snputc
    printf4.o(i.__0vsprintf$4) refers to printf4.o(i._printf_core) for _printf_core
    printf4.o(i.__0vsprintf$4) refers to printf4.o(i._sputc) for _sputc
    printf4.o(i._printf_core) refers to uldiv.o(.text) for __aeabi_uldivmod
    printf5.o(i.__0fprintf$5) refers to printf5.o(i._printf_core) for _printf_core
    printf5.o(i.__0fprintf$5) refers to xl32f003xx_ll_start_kit.o(i.fputc) for fputc
    printf5.o(i.__0printf$5) refers to printf5.o(i._printf_core) for _printf_core
    printf5.o(i.__0printf$5) refers to xl32f003xx_ll_start_kit.o(i.fputc) for fputc
    printf5.o(i.__0printf$5) refers to stdout.o(.data) for __stdout
    printf5.o(i.__0snprintf$5) refers to printf5.o(i._printf_core) for _printf_core
    printf5.o(i.__0snprintf$5) refers to printf5.o(i._snputc) for _snputc
    printf5.o(i.__0sprintf$5) refers to printf5.o(i._printf_core) for _printf_core
    printf5.o(i.__0sprintf$5) refers to printf5.o(i._sputc) for _sputc
    printf5.o(i.__0vfprintf$5) refers to printf5.o(i._printf_core) for _printf_core
    printf5.o(i.__0vfprintf$5) refers to xl32f003xx_ll_start_kit.o(i.fputc) for fputc
    printf5.o(i.__0vprintf$5) refers to printf5.o(i._printf_core) for _printf_core
    printf5.o(i.__0vprintf$5) refers to xl32f003xx_ll_start_kit.o(i.fputc) for fputc
    printf5.o(i.__0vprintf$5) refers to stdout.o(.data) for __stdout
    printf5.o(i.__0vsnprintf$5) refers to printf5.o(i._printf_core) for _printf_core
    printf5.o(i.__0vsnprintf$5) refers to printf5.o(i._snputc) for _snputc
    printf5.o(i.__0vsprintf$5) refers to printf5.o(i._printf_core) for _printf_core
    printf5.o(i.__0vsprintf$5) refers to printf5.o(i._sputc) for _sputc
    printf5.o(i._printf_core) refers to uldiv.o(.text) for __aeabi_uldivmod
    printf6.o(i.__0fprintf$6) refers to printf6.o(i._printf_core) for _printf_core
    printf6.o(i.__0fprintf$6) refers to xl32f003xx_ll_start_kit.o(i.fputc) for fputc
    printf6.o(i.__0printf$6) refers to printf6.o(i._printf_core) for _printf_core
    printf6.o(i.__0printf$6) refers to xl32f003xx_ll_start_kit.o(i.fputc) for fputc
    printf6.o(i.__0printf$6) refers to stdout.o(.data) for __stdout
    printf6.o(i.__0snprintf$6) refers to printf6.o(i._printf_core) for _printf_core
    printf6.o(i.__0snprintf$6) refers to printf6.o(i._snputc) for _snputc
    printf6.o(i.__0sprintf$6) refers to printf6.o(i._printf_core) for _printf_core
    printf6.o(i.__0sprintf$6) refers to printf6.o(i._sputc) for _sputc
    printf6.o(i.__0vfprintf$6) refers to printf6.o(i._printf_core) for _printf_core
    printf6.o(i.__0vfprintf$6) refers to xl32f003xx_ll_start_kit.o(i.fputc) for fputc
    printf6.o(i.__0vprintf$6) refers to printf6.o(i._printf_core) for _printf_core
    printf6.o(i.__0vprintf$6) refers to xl32f003xx_ll_start_kit.o(i.fputc) for fputc
    printf6.o(i.__0vprintf$6) refers to stdout.o(.data) for __stdout
    printf6.o(i.__0vsnprintf$6) refers to printf6.o(i._printf_core) for _printf_core
    printf6.o(i.__0vsnprintf$6) refers to printf6.o(i._snputc) for _snputc
    printf6.o(i.__0vsprintf$6) refers to printf6.o(i._printf_core) for _printf_core
    printf6.o(i.__0vsprintf$6) refers to printf6.o(i._sputc) for _sputc
    printf6.o(i._printf_core) refers to printf6.o(i._printf_pre_padding) for _printf_pre_padding
    printf6.o(i._printf_core) refers to printf6.o(i._printf_post_padding) for _printf_post_padding
    printf6.o(i._printf_core) refers to uidiv.o(.text) for __aeabi_uidivmod
    printf7.o(i.__0fprintf$7) refers to printf7.o(i._printf_core) for _printf_core
    printf7.o(i.__0fprintf$7) refers to xl32f003xx_ll_start_kit.o(i.fputc) for fputc
    printf7.o(i.__0printf$7) refers to printf7.o(i._printf_core) for _printf_core
    printf7.o(i.__0printf$7) refers to xl32f003xx_ll_start_kit.o(i.fputc) for fputc
    printf7.o(i.__0printf$7) refers to stdout.o(.data) for __stdout
    printf7.o(i.__0snprintf$7) refers to printf7.o(i._printf_core) for _printf_core
    printf7.o(i.__0snprintf$7) refers to printf7.o(i._snputc) for _snputc
    printf7.o(i.__0sprintf$7) refers to printf7.o(i._printf_core) for _printf_core
    printf7.o(i.__0sprintf$7) refers to printf7.o(i._sputc) for _sputc
    printf7.o(i.__0vfprintf$7) refers to printf7.o(i._printf_core) for _printf_core
    printf7.o(i.__0vfprintf$7) refers to xl32f003xx_ll_start_kit.o(i.fputc) for fputc
    printf7.o(i.__0vprintf$7) refers to printf7.o(i._printf_core) for _printf_core
    printf7.o(i.__0vprintf$7) refers to xl32f003xx_ll_start_kit.o(i.fputc) for fputc
    printf7.o(i.__0vprintf$7) refers to stdout.o(.data) for __stdout
    printf7.o(i.__0vsnprintf$7) refers to printf7.o(i._printf_core) for _printf_core
    printf7.o(i.__0vsnprintf$7) refers to printf7.o(i._snputc) for _snputc
    printf7.o(i.__0vsprintf$7) refers to printf7.o(i._printf_core) for _printf_core
    printf7.o(i.__0vsprintf$7) refers to printf7.o(i._sputc) for _sputc
    printf7.o(i._printf_core) refers to printf7.o(i._printf_pre_padding) for _printf_pre_padding
    printf7.o(i._printf_core) refers to printf7.o(i._printf_post_padding) for _printf_post_padding
    printf7.o(i._printf_core) refers to uldiv.o(.text) for __aeabi_uldivmod
    printf8.o(i.__0fprintf$8) refers to printf8.o(i._printf_core) for _printf_core
    printf8.o(i.__0fprintf$8) refers to xl32f003xx_ll_start_kit.o(i.fputc) for fputc
    printf8.o(i.__0printf$8) refers to printf8.o(i._printf_core) for _printf_core
    printf8.o(i.__0printf$8) refers to xl32f003xx_ll_start_kit.o(i.fputc) for fputc
    printf8.o(i.__0printf$8) refers to stdout.o(.data) for __stdout
    printf8.o(i.__0snprintf$8) refers to printf8.o(i._printf_core) for _printf_core
    printf8.o(i.__0snprintf$8) refers to printf8.o(i._snputc) for _snputc
    printf8.o(i.__0sprintf$8) refers to printf8.o(i._printf_core) for _printf_core
    printf8.o(i.__0sprintf$8) refers to printf8.o(i._sputc) for _sputc
    printf8.o(i.__0vfprintf$8) refers to printf8.o(i._printf_core) for _printf_core
    printf8.o(i.__0vfprintf$8) refers to xl32f003xx_ll_start_kit.o(i.fputc) for fputc
    printf8.o(i.__0vprintf$8) refers to printf8.o(i._printf_core) for _printf_core
    printf8.o(i.__0vprintf$8) refers to xl32f003xx_ll_start_kit.o(i.fputc) for fputc
    printf8.o(i.__0vprintf$8) refers to stdout.o(.data) for __stdout
    printf8.o(i.__0vsnprintf$8) refers to printf8.o(i._printf_core) for _printf_core
    printf8.o(i.__0vsnprintf$8) refers to printf8.o(i._snputc) for _snputc
    printf8.o(i.__0vsprintf$8) refers to printf8.o(i._printf_core) for _printf_core
    printf8.o(i.__0vsprintf$8) refers to printf8.o(i._sputc) for _sputc
    printf8.o(i._printf_core) refers to printf8.o(i._printf_pre_padding) for _printf_pre_padding
    printf8.o(i._printf_core) refers to printf8.o(i._printf_post_padding) for _printf_post_padding
    printf8.o(i._printf_core) refers to uldiv.o(.text) for __aeabi_uldivmod
    printfa.o(i.__0fprintf) refers (Special) to iusefp.o(.text) for __I$use$fp
    printfa.o(i.__0fprintf) refers to printfa.o(i._printf_core) for _printf_core
    printfa.o(i.__0fprintf) refers to xl32f003xx_ll_start_kit.o(i.fputc) for fputc
    printfa.o(i.__0printf) refers (Special) to iusefp.o(.text) for __I$use$fp
    printfa.o(i.__0printf) refers to printfa.o(i._printf_core) for _printf_core
    printfa.o(i.__0printf) refers to xl32f003xx_ll_start_kit.o(i.fputc) for fputc
    printfa.o(i.__0printf) refers to stdout.o(.data) for __stdout
    printfa.o(i.__0snprintf) refers (Special) to iusefp.o(.text) for __I$use$fp
    printfa.o(i.__0snprintf) refers to printfa.o(i._printf_core) for _printf_core
    printfa.o(i.__0snprintf) refers to printfa.o(i._snputc) for _snputc
    printfa.o(i.__0sprintf) refers (Special) to iusefp.o(.text) for __I$use$fp
    printfa.o(i.__0sprintf) refers to printfa.o(i._printf_core) for _printf_core
    printfa.o(i.__0sprintf) refers to printfa.o(i._sputc) for _sputc
    printfa.o(i.__0vfprintf) refers (Special) to iusefp.o(.text) for __I$use$fp
    printfa.o(i.__0vfprintf) refers to printfa.o(i._printf_core) for _printf_core
    printfa.o(i.__0vfprintf) refers to xl32f003xx_ll_start_kit.o(i.fputc) for fputc
    printfa.o(i.__0vprintf) refers (Special) to iusefp.o(.text) for __I$use$fp
    printfa.o(i.__0vprintf) refers to printfa.o(i._printf_core) for _printf_core
    printfa.o(i.__0vprintf) refers to xl32f003xx_ll_start_kit.o(i.fputc) for fputc
    printfa.o(i.__0vprintf) refers to stdout.o(.data) for __stdout
    printfa.o(i.__0vsnprintf) refers (Special) to iusefp.o(.text) for __I$use$fp
    printfa.o(i.__0vsnprintf) refers to printfa.o(i._printf_core) for _printf_core
    printfa.o(i.__0vsnprintf) refers to printfa.o(i._snputc) for _snputc
    printfa.o(i.__0vsprintf) refers (Special) to iusefp.o(.text) for __I$use$fp
    printfa.o(i.__0vsprintf) refers to printfa.o(i._printf_core) for _printf_core
    printfa.o(i.__0vsprintf) refers to printfa.o(i._sputc) for _sputc
    printfa.o(i._fp_digits) refers (Special) to iusefp.o(.text) for __I$use$fp
    printfa.o(i._fp_digits) refers to dmul.o(.text) for __aeabi_dmul
    printfa.o(i._fp_digits) refers to ddiv.o(.text) for __aeabi_ddiv
    printfa.o(i._fp_digits) refers to cdrcmple.o(.text) for __aeabi_cdrcmple
    printfa.o(i._fp_digits) refers to dadd.o(.text) for __aeabi_dadd
    printfa.o(i._fp_digits) refers to dfixul.o(.text) for __aeabi_d2ulz
    printfa.o(i._fp_digits) refers to uldiv.o(.text) for __aeabi_uldivmod
    printfa.o(i._printf_core) refers (Special) to iusefp.o(.text) for __I$use$fp
    printfa.o(i._printf_core) refers to printfa.o(i._printf_pre_padding) for _printf_pre_padding
    printfa.o(i._printf_core) refers to uldiv.o(.text) for __aeabi_uldivmod
    printfa.o(i._printf_core) refers to printfa.o(i._printf_post_padding) for _printf_post_padding
    printfa.o(i._printf_core) refers to printfa.o(i._fp_digits) for _fp_digits
    printfa.o(i._printf_core) refers to uidiv.o(.text) for __aeabi_uidivmod
    printfa.o(i._printf_post_padding) refers (Special) to iusefp.o(.text) for __I$use$fp
    printfa.o(i._printf_pre_padding) refers (Special) to iusefp.o(.text) for __I$use$fp
    printfa.o(i._snputc) refers (Special) to iusefp.o(.text) for __I$use$fp
    printfa.o(i._sputc) refers (Special) to iusefp.o(.text) for __I$use$fp
    entry2.o(.ARM.Collect$$$$00000001) refers to entry2.o(.ARM.Collect$$$$00002712) for __lit__00000000
    entry2.o(.ARM.Collect$$$$00002712) refers to startup_xl32f003x6.o(STACK) for __initial_sp
    entry2.o(__vectab_stack_and_reset_area) refers to startup_xl32f003x6.o(STACK) for __initial_sp
    entry2.o(__vectab_stack_and_reset_area) refers to entry.o(.ARM.Collect$$$$00000000) for __main
    entry5.o(.ARM.Collect$$$$00000004) refers to init.o(.text) for __scatterload
    entry9a.o(.ARM.Collect$$$$0000000B) refers to system_xl32f0xx.o(i.$Sub$$main) for main
    entry9b.o(.ARM.Collect$$$$0000000C) refers to system_xl32f0xx.o(i.$Sub$$main) for main
    uldiv.o(.text) refers to llushr.o(.text) for __aeabi_llsr
    uldiv.o(.text) refers to llshl.o(.text) for __aeabi_llsl
    dadd.o(.text) refers to llshl.o(.text) for __aeabi_llsl
    dadd.o(.text) refers to llsshr.o(.text) for __aeabi_lasr
    dadd.o(.text) refers to depilogue.o(.text) for _double_epilogue
    dmul.o(.text) refers to depilogue.o(.text) for _double_epilogue
    ddiv.o(.text) refers to depilogue.o(.text) for _double_round
    dfixul.o(.text) refers to llushr.o(.text) for __aeabi_llsr
    dfixul.o(.text) refers to llshl.o(.text) for __aeabi_llsl
    init.o(.text) refers to entry5.o(.ARM.Collect$$$$00000004) for __main_after_scatterload
    depilogue.o(.text) refers to depilogue.o(i.__ARM_clz) for __ARM_clz
    depilogue.o(.text) refers to llshl.o(.text) for __aeabi_llsl
    depilogue.o(.text) refers to llushr.o(.text) for __aeabi_llsr


==============================================================================

Removing Unused input sections from the image.

    Removing system_xl32f0xx.o(.rev16_text), (4 bytes).
    Removing system_xl32f0xx.o(.revsh_text), (4 bytes).
    Removing system_xl32f0xx.o(i.SystemCoreClockUpdate), (140 bytes).
    Removing startup_xl32f003x6.o(HEAP), (0 bytes).
    Removing main.o(.rev16_text), (4 bytes).
    Removing main.o(.revsh_text), (4 bytes).
    Removing main.o(i.Error_Handler), (4 bytes).
    Removing main.o(.bss), (128 bytes).
    Removing main.o(.constdata), (38 bytes).
    Removing xl32f0xx_it.o(.rev16_text), (4 bytes).
    Removing xl32f0xx_it.o(.revsh_text), (4 bytes).
    Removing xl32f0xx_it.o(.constdata), (38 bytes).
    Removing flash_driver.o(.rev16_text), (4 bytes).
    Removing flash_driver.o(.revsh_text), (4 bytes).
    Removing flash_driver.o(i.JumpToApp), (36 bytes).
    Removing flash_driver.o(i.flashDataSave), (8 bytes).
    Removing flash_driver.o(i.flashDataSyn), (2 bytes).
    Removing flash_driver.o(i.flash_page_erase), (140 bytes).
    Removing flash_driver.o(.data), (2 bytes).
    Removing bsp_driver.o(.rev16_text), (4 bytes).
    Removing bsp_driver.o(.revsh_text), (4 bytes).
    Removing bsp_driver.o(.constdata), (38 bytes).
    Removing ymodem.o(.rev16_text), (4 bytes).
    Removing ymodem.o(.revsh_text), (4 bytes).
    Removing ymodem.o(i.ymodem_init), (24 bytes).
    Removing xl32f003xx_ll_start_kit.o(.rev16_text), (4 bytes).
    Removing xl32f003xx_ll_start_kit.o(.revsh_text), (4 bytes).
    Removing xl32f003xx_ll_start_kit.o(i.BSP_GetVersion), (6 bytes).
    Removing xl32f003xx_ll_start_kit.o(i.BSP_LED_DeInit), (48 bytes).
    Removing xl32f003xx_ll_start_kit.o(i.BSP_LED_Init), (60 bytes).
    Removing xl32f003xx_ll_start_kit.o(i.BSP_LED_Off), (32 bytes).
    Removing xl32f003xx_ll_start_kit.o(i.BSP_LED_On), (32 bytes).
    Removing xl32f003xx_ll_start_kit.o(i.BSP_LED_Toggle), (32 bytes).
    Removing xl32f003xx_ll_start_kit.o(i.BSP_PB_DeInit), (60 bytes).
    Removing xl32f003xx_ll_start_kit.o(i.BSP_PB_GetState), (44 bytes).
    Removing xl32f003xx_ll_start_kit.o(i.BSP_PB_Init), (160 bytes).
    Removing xl32f003xx_ll_start_kit.o(i.BSP_USART_Config), (288 bytes).
    Removing xl32f003xx_ll_start_kit.o(i.LL_GPIO_ResetOutputPin), (4 bytes).
    Removing xl32f003xx_ll_start_kit.o(i.LL_GPIO_SetAFPin_0_7), (36 bytes).
    Removing xl32f003xx_ll_start_kit.o(i.LL_GPIO_SetOutputPin), (4 bytes).
    Removing xl32f003xx_ll_start_kit.o(i.LL_GPIO_SetPinMode), (26 bytes).
    Removing xl32f003xx_ll_start_kit.o(i.LL_GPIO_SetPinPull), (26 bytes).
    Removing xl32f003xx_ll_start_kit.o(i.LL_GPIO_SetPinSpeed), (26 bytes).
    Removing xl32f003xx_ll_start_kit.o(i.LL_IOP_GRP1_EnableClock), (28 bytes).
    Removing xl32f003xx_ll_start_kit.o(i.LL_USART_SetBaudRate), (306 bytes).
    Removing xl32f003xx_ll_start_kit.o(i.NVIC_SetPriority), (120 bytes).
    Removing xl32f003xx_ll_start_kit.o(i.fgetc), (36 bytes).
    Removing xl32f003xx_ll_start_kit.o(.constdata), (16 bytes).
    Removing xl32f003xx_ll_start_kit.o(.data), (8 bytes).
    Removing xl32f0xx_ll_exti.o(.rev16_text), (4 bytes).
    Removing xl32f0xx_ll_exti.o(.revsh_text), (4 bytes).
    Removing xl32f0xx_ll_exti.o(i.LL_EXTI_DeInit), (40 bytes).
    Removing xl32f0xx_ll_exti.o(i.LL_EXTI_StructInit), (14 bytes).
    Removing xl32f0xx_ll_gpio.o(.rev16_text), (4 bytes).
    Removing xl32f0xx_ll_gpio.o(.revsh_text), (4 bytes).
    Removing xl32f0xx_ll_gpio.o(i.LL_GPIO_DeInit), (84 bytes).
    Removing xl32f0xx_ll_gpio.o(i.LL_GPIO_StructInit), (24 bytes).
    Removing xl32f0xx_ll_gpio.o(i.LL_IOP_GRP1_ForceReset), (16 bytes).
    Removing xl32f0xx_ll_gpio.o(i.LL_IOP_GRP1_ReleaseReset), (16 bytes).
    Removing xl32f0xx_ll_rcc.o(.rev16_text), (4 bytes).
    Removing xl32f0xx_ll_rcc.o(.revsh_text), (4 bytes).
    Removing xl32f0xx_ll_rcc.o(i.LL_RCC_DeInit), (132 bytes).
    Removing xl32f0xx_ll_rcc.o(i.LL_RCC_GetCOMPClockFreq), (118 bytes).
    Removing xl32f0xx_ll_rcc.o(i.LL_RCC_GetCOMPClockSource), (20 bytes).
    Removing xl32f0xx_ll_rcc.o(i.LL_RCC_GetLPTIMClockFreq), (92 bytes).
    Removing xl32f0xx_ll_rcc.o(i.LL_RCC_GetLSCClockFreq), (6 bytes).
    Removing xl32f0xx_ll_rcc.o(i.LL_RCC_GetMCOClockFreq), (180 bytes).
    Removing xl32f0xx_ll_rcc.o(i.LL_RCC_GetPVDClockFreq), (64 bytes).
    Removing xl32f0xx_ll_rcc.o(i.LL_RCC_GetRTCClockFreq), (88 bytes).
    Removing xl32f0xx_ll_rcc.o(i.LL_RCC_HSE_IsReady), (20 bytes).
    Removing xl32f0xx_ll_rcc.o(i.LL_RCC_LSI_IsReady), (16 bytes).
    Removing xl32f0xx_ll_tim.o(.rev16_text), (4 bytes).
    Removing xl32f0xx_ll_tim.o(.revsh_text), (4 bytes).
    Removing xl32f0xx_ll_tim.o(i.IC1Config), (54 bytes).
    Removing xl32f0xx_ll_tim.o(i.IC2Config), (58 bytes).
    Removing xl32f0xx_ll_tim.o(i.IC3Config), (62 bytes).
    Removing xl32f0xx_ll_tim.o(i.IC4Config), (64 bytes).
    Removing xl32f0xx_ll_tim.o(i.LL_APB1_GRP1_ForceReset), (16 bytes).
    Removing xl32f0xx_ll_tim.o(i.LL_APB1_GRP1_ReleaseReset), (16 bytes).
    Removing xl32f0xx_ll_tim.o(i.LL_APB1_GRP2_ForceReset), (16 bytes).
    Removing xl32f0xx_ll_tim.o(i.LL_APB1_GRP2_ReleaseReset), (16 bytes).
    Removing xl32f0xx_ll_tim.o(i.LL_TIM_BDTR_Init), (114 bytes).
    Removing xl32f0xx_ll_tim.o(i.LL_TIM_BDTR_StructInit), (18 bytes).
    Removing xl32f0xx_ll_tim.o(i.LL_TIM_DeInit), (140 bytes).
    Removing xl32f0xx_ll_tim.o(i.LL_TIM_ENCODER_Init), (110 bytes).
    Removing xl32f0xx_ll_tim.o(i.LL_TIM_ENCODER_StructInit), (36 bytes).
    Removing xl32f0xx_ll_tim.o(i.LL_TIM_HALLSENSOR_Init), (142 bytes).
    Removing xl32f0xx_ll_tim.o(i.LL_TIM_HALLSENSOR_StructInit), (12 bytes).
    Removing xl32f0xx_ll_tim.o(i.LL_TIM_IC_Init), (92 bytes).
    Removing xl32f0xx_ll_tim.o(i.LL_TIM_IC_StructInit), (18 bytes).
    Removing xl32f0xx_ll_tim.o(i.LL_TIM_StructInit), (18 bytes).
    Removing xl32f0xx_ll_tim.o(.constdata), (35 bytes).
    Removing xl32f0xx_ll_usart.o(.rev16_text), (4 bytes).
    Removing xl32f0xx_ll_usart.o(.revsh_text), (4 bytes).
    Removing xl32f0xx_ll_usart.o(i.LL_USART_ClockInit), (74 bytes).
    Removing xl32f0xx_ll_usart.o(i.LL_USART_ClockStructInit), (12 bytes).
    Removing xl32f0xx_ll_usart.o(i.LL_USART_DeInit), (96 bytes).
    Removing xl32f0xx_ll_usart.o(i.LL_USART_StructInit), (26 bytes).
    Removing xl32f0xx_ll_utils.o(.rev16_text), (4 bytes).
    Removing xl32f0xx_ll_utils.o(.revsh_text), (4 bytes).
    Removing xl32f0xx_ll_utils.o(i.LL_SetFlashLatency), (100 bytes).
    Removing app.o(.rev16_text), (4 bytes).
    Removing app.o(.revsh_text), (4 bytes).
    Removing app.o(.constdata), (38 bytes).
    Removing card_m1.o(.rev16_text), (4 bytes).
    Removing card_m1.o(.revsh_text), (4 bytes).
    Removing card_m1.o(.constdata), (38 bytes).

107 unused section(s) (total 4467 bytes) removed from the image.

==============================================================================

Image Symbol Table

    Local Symbols

    Symbol Name                              Value     Ov Type        Size  Object(Section)

    ../clib/microlib/division.c              0x00000000   Number         0  uldiv.o ABSOLUTE
    ../clib/microlib/division.c              0x00000000   Number         0  uidiv.o ABSOLUTE
    ../clib/microlib/init/entry.s            0x00000000   Number         0  entry8b.o ABSOLUTE
    ../clib/microlib/init/entry.s            0x00000000   Number         0  entry9b.o ABSOLUTE
    ../clib/microlib/init/entry.s            0x00000000   Number         0  entry10a.o ABSOLUTE
    ../clib/microlib/init/entry.s            0x00000000   Number         0  entry12b.o ABSOLUTE
    ../clib/microlib/init/entry.s            0x00000000   Number         0  entry11a.o ABSOLUTE
    ../clib/microlib/init/entry.s            0x00000000   Number         0  entry11b.o ABSOLUTE
    ../clib/microlib/init/entry.s            0x00000000   Number         0  entry9a.o ABSOLUTE
    ../clib/microlib/init/entry.s            0x00000000   Number         0  entry12a.o ABSOLUTE
    ../clib/microlib/init/entry.s            0x00000000   Number         0  entry10b.o ABSOLUTE
    ../clib/microlib/init/entry.s            0x00000000   Number         0  entry.o ABSOLUTE
    ../clib/microlib/init/entry.s            0x00000000   Number         0  entry8a.o ABSOLUTE
    ../clib/microlib/init/entry.s            0x00000000   Number         0  entry7b.o ABSOLUTE
    ../clib/microlib/init/entry.s            0x00000000   Number         0  entry7a.o ABSOLUTE
    ../clib/microlib/init/entry.s            0x00000000   Number         0  entry5.o ABSOLUTE
    ../clib/microlib/init/entry.s            0x00000000   Number         0  entry2.o ABSOLUTE
    ../clib/microlib/longlong.c              0x00000000   Number         0  llshl.o ABSOLUTE
    ../clib/microlib/longlong.c              0x00000000   Number         0  llushr.o ABSOLUTE
    ../clib/microlib/longlong.c              0x00000000   Number         0  llsshr.o ABSOLUTE
    ../clib/microlib/printf/printf.c         0x00000000   Number         0  printfb.o ABSOLUTE
    ../clib/microlib/printf/printf.c         0x00000000   Number         0  printf8.o ABSOLUTE
    ../clib/microlib/printf/printf.c         0x00000000   Number         0  printf1.o ABSOLUTE
    ../clib/microlib/printf/printf.c         0x00000000   Number         0  printfa.o ABSOLUTE
    ../clib/microlib/printf/printf.c         0x00000000   Number         0  printf6.o ABSOLUTE
    ../clib/microlib/printf/printf.c         0x00000000   Number         0  printf5.o ABSOLUTE
    ../clib/microlib/printf/printf.c         0x00000000   Number         0  printf4.o ABSOLUTE
    ../clib/microlib/printf/printf.c         0x00000000   Number         0  printf3.o ABSOLUTE
    ../clib/microlib/printf/printf.c         0x00000000   Number         0  printf2.o ABSOLUTE
    ../clib/microlib/printf/printf.c         0x00000000   Number         0  printf0.o ABSOLUTE
    ../clib/microlib/printf/printf.c         0x00000000   Number         0  printf7.o ABSOLUTE
    ../clib/microlib/printf/stubs.s          0x00000000   Number         0  stubs.o ABSOLUTE
    ../clib/microlib/stdio/streams.c         0x00000000   Number         0  stdout.o ABSOLUTE
    ../clib/microlib/string/memcpy.c         0x00000000   Number         0  memcpyb.o ABSOLUTE
    ../clib/microlib/string/memcpy.c         0x00000000   Number         0  memcpya.o ABSOLUTE
    ../clib/microlib/string/memset.c         0x00000000   Number         0  memseta.o ABSOLUTE
    ../clib/microlib/stubs.s                 0x00000000   Number         0  iusefp.o ABSOLUTE
    ../fplib/microlib/fpadd.c                0x00000000   Number         0  dadd.o ABSOLUTE
    ../fplib/microlib/fpdiv.c                0x00000000   Number         0  ddiv.o ABSOLUTE
    ../fplib/microlib/fpepilogue.c           0x00000000   Number         0  depilogue.o ABSOLUTE
    ../fplib/microlib/fpfix.c                0x00000000   Number         0  dfixul.o ABSOLUTE
    ../fplib/microlib/fpmul.c                0x00000000   Number         0  dmul.o ABSOLUTE
    ..\APP\app.c                             0x00000000   Number         0  app.o ABSOLUTE
    ..\APP\bsp_driver.c                      0x00000000   Number         0  bsp_driver.o ABSOLUTE
    ..\APP\card_m1.c                         0x00000000   Number         0  card_m1.o ABSOLUTE
    ..\APP\flash_driver.c                    0x00000000   Number         0  flash_driver.o ABSOLUTE
    ..\Drivers\BSP\XL32F003xx_Start_Kit\xl32f003xx_ll_Start_Kit.c 0x00000000   Number         0  xl32f003xx_ll_start_kit.o ABSOLUTE
    ..\Drivers\CMSIS\Device\XL32F0xx\Source\arm\startup_xl32f003x6.s 0x00000000   Number         0  startup_xl32f003x6.o ABSOLUTE
    ..\Drivers\CMSIS\Device\XL32F0xx\Source\system_xl32f0xx.c 0x00000000   Number         0  system_xl32f0xx.o ABSOLUTE
    ..\Drivers\XL32F0xx_HAL_Driver\Src\xl32f0xx_ll_exti.c 0x00000000   Number         0  xl32f0xx_ll_exti.o ABSOLUTE
    ..\Drivers\XL32F0xx_HAL_Driver\Src\xl32f0xx_ll_gpio.c 0x00000000   Number         0  xl32f0xx_ll_gpio.o ABSOLUTE
    ..\Drivers\XL32F0xx_HAL_Driver\Src\xl32f0xx_ll_rcc.c 0x00000000   Number         0  xl32f0xx_ll_rcc.o ABSOLUTE
    ..\Drivers\XL32F0xx_HAL_Driver\Src\xl32f0xx_ll_tim.c 0x00000000   Number         0  xl32f0xx_ll_tim.o ABSOLUTE
    ..\Drivers\XL32F0xx_HAL_Driver\Src\xl32f0xx_ll_usart.c 0x00000000   Number         0  xl32f0xx_ll_usart.o ABSOLUTE
    ..\Drivers\XL32F0xx_HAL_Driver\Src\xl32f0xx_ll_utils.c 0x00000000   Number         0  xl32f0xx_ll_utils.o ABSOLUTE
    ..\Src\main.c                            0x00000000   Number         0  main.o ABSOLUTE
    ..\Src\xl32f0xx_it.c                     0x00000000   Number         0  xl32f0xx_it.o ABSOLUTE
    ..\\APP\\app.c                           0x00000000   Number         0  app.o ABSOLUTE
    ..\\APP\\bsp_driver.c                    0x00000000   Number         0  bsp_driver.o ABSOLUTE
    ..\\APP\\card_m1.c                       0x00000000   Number         0  card_m1.o ABSOLUTE
    ..\\APP\\flash_driver.c                  0x00000000   Number         0  flash_driver.o ABSOLUTE
    ..\\Drivers\\BSP\\XL32F003xx_Start_Kit\\xl32f003xx_ll_Start_Kit.c 0x00000000   Number         0  xl32f003xx_ll_start_kit.o ABSOLUTE
    ..\\Drivers\\CMSIS\\Device\\XL32F0xx\\Source\\system_xl32f0xx.c 0x00000000   Number         0  system_xl32f0xx.o ABSOLUTE
    ..\\Drivers\\XL32F0xx_HAL_Driver\\Src\\xl32f0xx_ll_exti.c 0x00000000   Number         0  xl32f0xx_ll_exti.o ABSOLUTE
    ..\\Drivers\\XL32F0xx_HAL_Driver\\Src\\xl32f0xx_ll_gpio.c 0x00000000   Number         0  xl32f0xx_ll_gpio.o ABSOLUTE
    ..\\Drivers\\XL32F0xx_HAL_Driver\\Src\\xl32f0xx_ll_rcc.c 0x00000000   Number         0  xl32f0xx_ll_rcc.o ABSOLUTE
    ..\\Drivers\\XL32F0xx_HAL_Driver\\Src\\xl32f0xx_ll_tim.c 0x00000000   Number         0  xl32f0xx_ll_tim.o ABSOLUTE
    ..\\Drivers\\XL32F0xx_HAL_Driver\\Src\\xl32f0xx_ll_usart.c 0x00000000   Number         0  xl32f0xx_ll_usart.o ABSOLUTE
    ..\\Drivers\\XL32F0xx_HAL_Driver\\Src\\xl32f0xx_ll_utils.c 0x00000000   Number         0  xl32f0xx_ll_utils.o ABSOLUTE
    ..\\Src\\main.c                          0x00000000   Number         0  main.o ABSOLUTE
    ..\\Src\\xl32f0xx_it.c                   0x00000000   Number         0  xl32f0xx_it.o ABSOLUTE
    ..\\ymodem\\ymodem.c                     0x00000000   Number         0  ymodem.o ABSOLUTE
    ..\modbus\Modbus_CRC.c                   0x00000000   Number         0  modbus_crc.o ABSOLUTE
    ..\ymodem\ymodem.c                       0x00000000   Number         0  ymodem.o ABSOLUTE
    cdrcmple.s                               0x00000000   Number         0  cdrcmple.o ABSOLUTE
    dc.s                                     0x00000000   Number         0  dc.o ABSOLUTE
    handlers.s                               0x00000000   Number         0  handlers.o ABSOLUTE
    init.s                                   0x00000000   Number         0  init.o ABSOLUTE
    RESET                                    0x08000000   Section      192  startup_xl32f003x6.o(RESET)
    .ARM.Collect$$$$00000000                 0x080000c0   Section        0  entry.o(.ARM.Collect$$$$00000000)
    .ARM.Collect$$$$00000001                 0x080000c0   Section        4  entry2.o(.ARM.Collect$$$$00000001)
    .ARM.Collect$$$$00000004                 0x080000c4   Section        4  entry5.o(.ARM.Collect$$$$00000004)
    .ARM.Collect$$$$00000008                 0x080000c8   Section        0  entry7b.o(.ARM.Collect$$$$00000008)
    .ARM.Collect$$$$0000000A                 0x080000c8   Section        0  entry8b.o(.ARM.Collect$$$$0000000A)
    .ARM.Collect$$$$0000000B                 0x080000c8   Section        8  entry9a.o(.ARM.Collect$$$$0000000B)
    .ARM.Collect$$$$0000000E                 0x080000d0   Section        4  entry12b.o(.ARM.Collect$$$$0000000E)
    .ARM.Collect$$$$0000000F                 0x080000d4   Section        0  entry10a.o(.ARM.Collect$$$$0000000F)
    .ARM.Collect$$$$00000011                 0x080000d4   Section        0  entry11a.o(.ARM.Collect$$$$00000011)
    .ARM.Collect$$$$00002712                 0x080000d4   Section        4  entry2.o(.ARM.Collect$$$$00002712)
    __lit__00000000                          0x080000d4   Data           4  entry2.o(.ARM.Collect$$$$00002712)
    .RamFunc                                 0x080000d8   Section        0  flash_driver.o(.RamFunc)
    FLASH_Program_Page                       0x080000d9   Thumb Code   102  flash_driver.o(.RamFunc)
    .text                                    0x08000144   Section       28  startup_xl32f003x6.o(.text)
    .text                                    0x08000160   Section        0  uidiv.o(.text)
    .text                                    0x0800018c   Section        0  memcpya.o(.text)
    .text                                    0x080001b0   Section        0  memseta.o(.text)
    .text                                    0x080001d4   Section        0  uldiv.o(.text)
    .text                                    0x08000234   Section        0  iusefp.o(.text)
    .text                                    0x08000234   Section        0  dadd.o(.text)
    .text                                    0x0800039c   Section        0  dmul.o(.text)
    .text                                    0x0800046c   Section        0  ddiv.o(.text)
    .text                                    0x0800055c   Section        0  dfixul.o(.text)
    .text                                    0x0800059c   Section       40  cdrcmple.o(.text)
    .text                                    0x080005c4   Section       36  init.o(.text)
    .text                                    0x080005e8   Section        0  llshl.o(.text)
    .text                                    0x08000608   Section        0  llushr.o(.text)
    .text                                    0x0800062a   Section        0  llsshr.o(.text)
    .text                                    0x08000650   Section        0  depilogue.o(.text)
    i.$Sub$$main                             0x08000710   Section        0  system_xl32f0xx.o(i.$Sub$$main)
    i.CalulateCRC                            0x08000744   Section        0  card_m1.o(i.CalulateCRC)
    i.Check_M1                               0x080007b0   Section        0  app.o(i.Check_M1)
    Check_M1                                 0x080007b1   Thumb Code   130  app.o(i.Check_M1)
    i.EXTI0_1_IRQHandler                     0x0800085c   Section        0  bsp_driver.o(i.EXTI0_1_IRQHandler)
    i.EXTI4_15_IRQHandler                    0x0800087c   Section        0  bsp_driver.o(i.EXTI4_15_IRQHandler)
    i.FLASH_WaitForLastOperation             0x08000894   Section        0  flash_driver.o(i.FLASH_WaitForLastOperation)
    i.HardFault_Handler                      0x080008cc   Section        0  xl32f0xx_it.o(i.HardFault_Handler)
    i.IWDG_Config                            0x080008d0   Section        0  bsp_driver.o(i.IWDG_Config)
    i.I_DP1322ES_ClearBitMask                0x08000950   Section        0  card_m1.o(i.I_DP1322ES_ClearBitMask)
    i.I_DP1322ES_IO_Read                     0x08000970   Section        0  card_m1.o(i.I_DP1322ES_IO_Read)
    i.I_DP1322ES_IO_Write                    0x080009a4   Section        0  card_m1.o(i.I_DP1322ES_IO_Write)
    i.I_DP1322ES_SetBitMask                  0x080009d8   Section        0  card_m1.o(i.I_DP1322ES_SetBitMask)
    i.LL_APB1_GRP1_EnableClock               0x080009f8   Section        0  bsp_driver.o(i.LL_APB1_GRP1_EnableClock)
    LL_APB1_GRP1_EnableClock                 0x080009f9   Thumb Code    24  bsp_driver.o(i.LL_APB1_GRP1_EnableClock)
    i.LL_EXTI_ClearFlag                      0x08000a14   Section        0  bsp_driver.o(i.LL_EXTI_ClearFlag)
    LL_EXTI_ClearFlag                        0x08000a15   Thumb Code     6  bsp_driver.o(i.LL_EXTI_ClearFlag)
    i.LL_EXTI_DisableEvent                   0x08000a20   Section        0  xl32f0xx_ll_exti.o(i.LL_EXTI_DisableEvent)
    LL_EXTI_DisableEvent                     0x08000a21   Thumb Code    12  xl32f0xx_ll_exti.o(i.LL_EXTI_DisableEvent)
    i.LL_EXTI_DisableIT                      0x08000a30   Section        0  xl32f0xx_ll_exti.o(i.LL_EXTI_DisableIT)
    LL_EXTI_DisableIT                        0x08000a31   Thumb Code    12  xl32f0xx_ll_exti.o(i.LL_EXTI_DisableIT)
    i.LL_EXTI_EnableEvent                    0x08000a40   Section        0  xl32f0xx_ll_exti.o(i.LL_EXTI_EnableEvent)
    LL_EXTI_EnableEvent                      0x08000a41   Thumb Code    12  xl32f0xx_ll_exti.o(i.LL_EXTI_EnableEvent)
    i.LL_EXTI_EnableFallingTrig              0x08000a50   Section        0  xl32f0xx_ll_exti.o(i.LL_EXTI_EnableFallingTrig)
    LL_EXTI_EnableFallingTrig                0x08000a51   Thumb Code    12  xl32f0xx_ll_exti.o(i.LL_EXTI_EnableFallingTrig)
    i.LL_EXTI_EnableIT                       0x08000a60   Section        0  xl32f0xx_ll_exti.o(i.LL_EXTI_EnableIT)
    LL_EXTI_EnableIT                         0x08000a61   Thumb Code    12  xl32f0xx_ll_exti.o(i.LL_EXTI_EnableIT)
    i.LL_EXTI_EnableRisingTrig               0x08000a70   Section        0  xl32f0xx_ll_exti.o(i.LL_EXTI_EnableRisingTrig)
    LL_EXTI_EnableRisingTrig                 0x08000a71   Thumb Code    12  xl32f0xx_ll_exti.o(i.LL_EXTI_EnableRisingTrig)
    i.LL_EXTI_Init                           0x08000a80   Section        0  xl32f0xx_ll_exti.o(i.LL_EXTI_Init)
    i.LL_EXTI_ReadFlag                       0x08000b40   Section        0  bsp_driver.o(i.LL_EXTI_ReadFlag)
    LL_EXTI_ReadFlag                         0x08000b41   Thumb Code    10  bsp_driver.o(i.LL_EXTI_ReadFlag)
    i.LL_GPIO_Init                           0x08000b50   Section        0  xl32f0xx_ll_gpio.o(i.LL_GPIO_Init)
    i.LL_GPIO_ResetOutputPin                 0x08000c4a   Section        0  card_m1.o(i.LL_GPIO_ResetOutputPin)
    LL_GPIO_ResetOutputPin                   0x08000c4b   Thumb Code     4  card_m1.o(i.LL_GPIO_ResetOutputPin)
    i.LL_GPIO_SetOutputPin                   0x08000c4e   Section        0  bsp_driver.o(i.LL_GPIO_SetOutputPin)
    LL_GPIO_SetOutputPin                     0x08000c4f   Thumb Code     4  bsp_driver.o(i.LL_GPIO_SetOutputPin)
    i.LL_GPIO_SetOutputPin                   0x08000c52   Section        0  card_m1.o(i.LL_GPIO_SetOutputPin)
    LL_GPIO_SetOutputPin                     0x08000c53   Thumb Code     4  card_m1.o(i.LL_GPIO_SetOutputPin)
    i.LL_GPIO_SetPinMode                     0x08000c56   Section        0  bsp_driver.o(i.LL_GPIO_SetPinMode)
    LL_GPIO_SetPinMode                       0x08000c57   Thumb Code    26  bsp_driver.o(i.LL_GPIO_SetPinMode)
    i.LL_GPIO_SetPinOutputType               0x08000c70   Section        0  bsp_driver.o(i.LL_GPIO_SetPinOutputType)
    LL_GPIO_SetPinOutputType                 0x08000c71   Thumb Code    16  bsp_driver.o(i.LL_GPIO_SetPinOutputType)
    i.LL_GPIO_SetPinPull                     0x08000c80   Section        0  bsp_driver.o(i.LL_GPIO_SetPinPull)
    LL_GPIO_SetPinPull                       0x08000c81   Thumb Code    26  bsp_driver.o(i.LL_GPIO_SetPinPull)
    i.LL_GPIO_SetPinSpeed                    0x08000c9a   Section        0  bsp_driver.o(i.LL_GPIO_SetPinSpeed)
    LL_GPIO_SetPinSpeed                      0x08000c9b   Thumb Code    26  bsp_driver.o(i.LL_GPIO_SetPinSpeed)
    i.LL_IOP_GRP1_EnableClock                0x08000cb4   Section        0  bsp_driver.o(i.LL_IOP_GRP1_EnableClock)
    LL_IOP_GRP1_EnableClock                  0x08000cb5   Thumb Code    24  bsp_driver.o(i.LL_IOP_GRP1_EnableClock)
    i.LL_Init1msTick                         0x08000cd0   Section        0  xl32f0xx_ll_utils.o(i.LL_Init1msTick)
    i.LL_RCC_GetSysClkSource                 0x08000cf8   Section        0  xl32f0xx_ll_rcc.o(i.LL_RCC_GetSysClkSource)
    LL_RCC_GetSysClkSource                   0x08000cf9   Thumb Code    10  xl32f0xx_ll_rcc.o(i.LL_RCC_GetSysClkSource)
    i.LL_RCC_GetSystemClocksFreq             0x08000d08   Section        0  xl32f0xx_ll_rcc.o(i.LL_RCC_GetSystemClocksFreq)
    i.LL_SetSystemCoreClock                  0x08000d24   Section        0  xl32f0xx_ll_utils.o(i.LL_SetSystemCoreClock)
    i.LL_TIM_EnableCounter                   0x08000d30   Section        0  bsp_driver.o(i.LL_TIM_EnableCounter)
    LL_TIM_EnableCounter                     0x08000d31   Thumb Code    10  bsp_driver.o(i.LL_TIM_EnableCounter)
    i.LL_TIM_Init                            0x08000d3c   Section        0  xl32f0xx_ll_tim.o(i.LL_TIM_Init)
    i.LL_TIM_OC_Init                         0x08000dd4   Section        0  xl32f0xx_ll_tim.o(i.LL_TIM_OC_Init)
    i.LL_TIM_OC_SetCompareCH2                0x08000e30   Section        0  xl32f0xx_ll_tim.o(i.LL_TIM_OC_SetCompareCH2)
    LL_TIM_OC_SetCompareCH2                  0x08000e31   Thumb Code     4  xl32f0xx_ll_tim.o(i.LL_TIM_OC_SetCompareCH2)
    i.LL_TIM_OC_StructInit                   0x08000e34   Section        0  xl32f0xx_ll_tim.o(i.LL_TIM_OC_StructInit)
    i.LL_USART_Init                          0x08000e48   Section        0  xl32f0xx_ll_usart.o(i.LL_USART_Init)
    i.LL_USART_IsEnabled                     0x08000ec8   Section        0  xl32f0xx_ll_usart.o(i.LL_USART_IsEnabled)
    LL_USART_IsEnabled                       0x08000ec9   Thumb Code    14  xl32f0xx_ll_usart.o(i.LL_USART_IsEnabled)
    i.LL_USART_SetBaudRate                   0x08000ed6   Section        0  xl32f0xx_ll_usart.o(i.LL_USART_SetBaudRate)
    LL_USART_SetBaudRate                     0x08000ed7   Thumb Code   306  xl32f0xx_ll_usart.o(i.LL_USART_SetBaudRate)
    i.LL_mDelay                              0x08001008   Section        0  xl32f0xx_ll_utils.o(i.LL_mDelay)
    i.NMI_Handler                            0x0800103c   Section        0  xl32f0xx_it.o(i.NMI_Handler)
    i.NVIC_EnableIRQ                         0x08001040   Section        0  bsp_driver.o(i.NVIC_EnableIRQ)
    NVIC_EnableIRQ                           0x08001041   Thumb Code    14  bsp_driver.o(i.NVIC_EnableIRQ)
    i.NVIC_SetPriority                       0x08001054   Section        0  bsp_driver.o(i.NVIC_SetPriority)
    NVIC_SetPriority                         0x08001055   Thumb Code   110  bsp_driver.o(i.NVIC_SetPriority)
    i.OC1Config                              0x080010cc   Section        0  xl32f0xx_ll_tim.o(i.OC1Config)
    OC1Config                                0x080010cd   Thumb Code   148  xl32f0xx_ll_tim.o(i.OC1Config)
    i.OC2Config                              0x0800116c   Section        0  xl32f0xx_ll_tim.o(i.OC2Config)
    OC2Config                                0x0800116d   Thumb Code   174  xl32f0xx_ll_tim.o(i.OC2Config)
    i.OC3Config                              0x08001228   Section        0  xl32f0xx_ll_tim.o(i.OC3Config)
    OC3Config                                0x08001229   Thumb Code   166  xl32f0xx_ll_tim.o(i.OC3Config)
    i.OC4Config                              0x080012dc   Section        0  xl32f0xx_ll_tim.o(i.OC4Config)
    OC4Config                                0x080012dd   Thumb Code   128  xl32f0xx_ll_tim.o(i.OC4Config)
    i.PCD_DP1322ES_TypeA_GetUID              0x08001368   Section        0  card_m1.o(i.PCD_DP1322ES_TypeA_GetUID)
    i.PCD_DP1322ES_TypeA_Init                0x08001738   Section        0  card_m1.o(i.PCD_DP1322ES_TypeA_Init)
    i.PcdAntennaOn                           0x080017a0   Section        0  card_m1.o(i.PcdAntennaOn)
    i.PcdAnticoll                            0x080017bc   Section        0  card_m1.o(i.PcdAnticoll)
    i.PcdComMF522                            0x08001830   Section        0  card_m1.o(i.PcdComMF522)
    i.PcdRequest                             0x0800196c   Section        0  card_m1.o(i.PcdRequest)
    i.PcdSelect1                             0x080019c2   Section        0  card_m1.o(i.PcdSelect1)
    i.PcdSelect2                             0x08001a38   Section        0  card_m1.o(i.PcdSelect2)
    i.PcdSelect3                             0x08001aae   Section        0  card_m1.o(i.PcdSelect3)
    i.PendSV_Handler                         0x08001b24   Section        0  xl32f0xx_it.o(i.PendSV_Handler)
    i.RCC_GetHCLKClockFreq                   0x08001b28   Section        0  xl32f0xx_ll_rcc.o(i.RCC_GetHCLKClockFreq)
    i.RCC_GetPCLK1ClockFreq                  0x08001b54   Section        0  xl32f0xx_ll_rcc.o(i.RCC_GetPCLK1ClockFreq)
    i.RCC_GetSystemClockFreq                 0x08001b7c   Section        0  xl32f0xx_ll_rcc.o(i.RCC_GetSystemClockFreq)
    i.RT1587_decode                          0x08001be8   Section        0  bsp_driver.o(i.RT1587_decode)
    i.SPI_RW_Data                            0x08001d3c   Section        0  card_m1.o(i.SPI_RW_Data)
    i.SVC_Handler                            0x08001da6   Section        0  xl32f0xx_it.o(i.SVC_Handler)
    i.SysTick_Handler                        0x08001da8   Section        0  xl32f0xx_it.o(i.SysTick_Handler)
    i.SystemClock_Config                     0x08001de0   Section        0  main.o(i.SystemClock_Config)
    SystemClock_Config                       0x08001de1   Thumb Code   162  main.o(i.SystemClock_Config)
    i.SystemInit                             0x08001e94   Section        0  system_xl32f0xx.o(i.SystemInit)
    i.System_Run                             0x08001ec0   Section        0  app.o(i.System_Run)
    i.TIM3_IRQHandler                        0x08001f00   Section        0  bsp_driver.o(i.TIM3_IRQHandler)
    i.Task1_idcard_process                   0x08001f28   Section        0  app.o(i.Task1_idcard_process)
    Task1_idcard_process                     0x08001f29   Thumb Code   162  app.o(i.Task1_idcard_process)
    i.Task2_uart_process                     0x08001ff4   Section        0  app.o(i.Task2_uart_process)
    Task2_uart_process                       0x08001ff5   Thumb Code    64  app.o(i.Task2_uart_process)
    i.Task3_100ms_process                    0x0800203c   Section        0  app.o(i.Task3_100ms_process)
    Task3_100ms_process                      0x0800203d   Thumb Code   116  app.o(i.Task3_100ms_process)
    i.Task4_rf433_process                    0x080020bc   Section        0  app.o(i.Task4_rf433_process)
    Task4_rf433_process                      0x080020bd   Thumb Code   122  app.o(i.Task4_rf433_process)
    i.USART2_IRQHandler                      0x08002158   Section        0  bsp_driver.o(i.USART2_IRQHandler)
    i.UpdateCRC16                            0x08002190   Section        0  ymodem.o(i.UpdateCRC16)
    UpdateCRC16                              0x08002191   Thumb Code    58  ymodem.o(i.UpdateCRC16)
    i.YmodemCRC                              0x080021d0   Section        0  ymodem.o(i.YmodemCRC)
    YmodemCRC                                0x080021d1   Thumb Code    52  ymodem.o(i.YmodemCRC)
    i.__0printf                              0x08002204   Section        0  printfa.o(i.__0printf)
    i.__0vprintf                             0x08002224   Section        0  printfa.o(i.__0vprintf)
    i.__ARM_clz                              0x08002238   Section        0  depilogue.o(i.__ARM_clz)
    i.__ARM_common_switch8                   0x08002266   Section        0  ymodem.o(i.__ARM_common_switch8)
    i.__scatterload_copy                     0x08002282   Section       14  handlers.o(i.__scatterload_copy)
    i.__scatterload_null                     0x08002290   Section        2  handlers.o(i.__scatterload_null)
    i.__scatterload_zeroinit                 0x08002292   Section       14  handlers.o(i.__scatterload_zeroinit)
    i._fp_digits                             0x080022a0   Section        0  printfa.o(i._fp_digits)
    _fp_digits                               0x080022a1   Thumb Code   344  printfa.o(i._fp_digits)
    i._printf_core                           0x08002414   Section        0  printfa.o(i._printf_core)
    _printf_core                             0x08002415   Thumb Code  1760  printfa.o(i._printf_core)
    i._printf_post_padding                   0x08002b04   Section        0  printfa.o(i._printf_post_padding)
    _printf_post_padding                     0x08002b05   Thumb Code    32  printfa.o(i._printf_post_padding)
    i._printf_pre_padding                    0x08002b24   Section        0  printfa.o(i._printf_pre_padding)
    _printf_pre_padding                      0x08002b25   Thumb Code    44  printfa.o(i._printf_pre_padding)
    i.auto_reset                             0x08002b50   Section        0  card_m1.o(i.auto_reset)
    i.checkCardData                          0x08002b78   Section        0  bsp_driver.o(i.checkCardData)
    i.flash_lock                             0x08002d08   Section        0  flash_driver.o(i.flash_lock)
    flash_lock                               0x08002d09   Thumb Code    44  flash_driver.o(i.flash_lock)
    i.flash_program_bytes                    0x08002d54   Section        0  flash_driver.o(i.flash_program_bytes)
    i.flash_unlock                           0x08002dd4   Section        0  flash_driver.o(i.flash_unlock)
    flash_unlock                             0x08002dd5   Thumb Code    52  flash_driver.o(i.flash_unlock)
    i.fputc                                  0x08002e34   Section        0  xl32f003xx_ll_start_kit.o(i.fputc)
    i.get_id_io_state                        0x08002e60   Section        0  bsp_driver.o(i.get_id_io_state)
    i.gpio_init                              0x08002e78   Section        0  bsp_driver.o(i.gpio_init)
    i.id_card_decode                         0x08003048   Section        0  bsp_driver.o(i.id_card_decode)
    i.m1_init                                0x080031e0   Section        0  card_m1.o(i.m1_init)
    i.main                                   0x08003234   Section        0  main.o(i.main)
    i.mb_crc16                               0x08003268   Section        0  modbus_crc.o(i.mb_crc16)
    i.millis                                 0x080032a0   Section        0  main.o(i.millis)
    i.tick_printf                            0x080032ac   Section        0  main.o(i.tick_printf)
    i.timer1_init                            0x080032e0   Section        0  bsp_driver.o(i.timer1_init)
    i.uart2_init                             0x080033b8   Section        0  bsp_driver.o(i.uart2_init)
    i.uart_send_data                         0x08003474   Section        0  bsp_driver.o(i.uart_send_data)
    i.ymodem_data_process                    0x080034ac   Section        0  app.o(i.ymodem_data_process)
    ymodem_data_process                      0x080034ad   Thumb Code    96  app.o(i.ymodem_data_process)
    i.ymodem_packet_analysis                 0x08003518   Section        0  ymodem.o(i.ymodem_packet_analysis)
    i.ymodem_timeout_process                 0x080037c0   Section        0  app.o(i.ymodem_timeout_process)
    ymodem_timeout_process                   0x080037c1   Thumb Code   132  app.o(i.ymodem_timeout_process)
    .constdata                               0x08003850   Section      128  system_xl32f0xx.o(.constdata)
    .constdata                               0x080038d0   Section       62  flash_driver.o(.constdata)
    CHANNEL_OFFSET_TAB                       0x080038d0   Data           3  flash_driver.o(.constdata)
    OFFSET_TAB_CCMRx                         0x080038d3   Data           7  flash_driver.o(.constdata)
    SHIFT_TAB_OCxx                           0x080038da   Data           7  flash_driver.o(.constdata)
    SHIFT_TAB_ICxx                           0x080038e1   Data           7  flash_driver.o(.constdata)
    SHIFT_TAB_CCxP                           0x080038e8   Data           7  flash_driver.o(.constdata)
    SHIFT_TAB_OISx                           0x080038ef   Data           7  flash_driver.o(.constdata)
    __func__                                 0x080038f6   Data          13  flash_driver.o(.constdata)
    __func__                                 0x08003903   Data          11  flash_driver.o(.constdata)
    .constdata                               0x0800390e   Section       61  ymodem.o(.constdata)
    CHANNEL_OFFSET_TAB                       0x0800390e   Data           3  ymodem.o(.constdata)
    OFFSET_TAB_CCMRx                         0x08003911   Data           7  ymodem.o(.constdata)
    SHIFT_TAB_OCxx                           0x08003918   Data           7  ymodem.o(.constdata)
    SHIFT_TAB_ICxx                           0x0800391f   Data           7  ymodem.o(.constdata)
    SHIFT_TAB_CCxP                           0x08003926   Data           7  ymodem.o(.constdata)
    SHIFT_TAB_OISx                           0x0800392d   Data           7  ymodem.o(.constdata)
    __func__                                 0x08003934   Data          23  ymodem.o(.constdata)
    .constdata                               0x0800394b   Section      512  modbus_crc.o(.constdata)
    .conststring                             0x08003b4c   Section       70  card_m1.o(.conststring)
    .ARM.__at_0x20000000                     0x20000000   Section      192  system_xl32f0xx.o(.ARM.__at_0x20000000)
    .data                                    0x200000c0   Section        4  system_xl32f0xx.o(.data)
    .data                                    0x200000c4   Section       28  bsp_driver.o(.data)
    .data                                    0x200000e0   Section       44  app.o(.data)
    idcard_pt                                0x200000e0   Data           8  app.o(.data)
    rf433_pt                                 0x200000e8   Data           8  app.o(.data)
    uart_pt                                  0x200000f0   Data           8  app.o(.data)
    pt100ms                                  0x200000f8   Data           8  app.o(.data)
    cnt_100ms                                0x20000100   Data           4  app.o(.data)
    IAP_Key                                  0x20000104   Data           8  app.o(.data)
    .data                                    0x2000010c   Section       17  card_m1.o(.data)
    LastIdM1                                 0x20000116   Data           5  card_m1.o(.data)
    Find_NewM1Card                           0x2000011b   Data           1  card_m1.o(.data)
    OverCntM1                                0x2000011c   Data           1  card_m1.o(.data)
    .data                                    0x20000120   Section        4  stdout.o(.data)
    .bss                                     0x20000124   Section      128  flash_driver.o(.bss)
    .bss                                     0x200001a4   Section      807  bsp_driver.o(.bss)
    .bss                                     0x200004cc   Section       60  ymodem.o(.bss)
    STACK                                    0x20000508   Section     1024  startup_xl32f003x6.o(STACK)

    Global Symbols

    Symbol Name                              Value     Ov Type        Size  Object(Section)

    BuildAttributes$$THM_ISAv3M$S$PE$A:L22$X:L11$S22$IEEE1$IW$USESV6$~STKCKD$USESV7$~SHL$OSPACE$ROPI$EBA8$MICROLIB$REQ8$PRES8$EABIv2 0x00000000   Number         0  anon$$obj.o ABSOLUTE
    __ARM_use_no_argv                        0x00000000   Number         0  main.o ABSOLUTE
    _printf_a                                0x00000000   Number         0  stubs.o ABSOLUTE
    _printf_c                                0x00000000   Number         0  stubs.o ABSOLUTE
    _printf_charcount                        0x00000000   Number         0  stubs.o ABSOLUTE
    _printf_d                                0x00000000   Number         0  stubs.o ABSOLUTE
    _printf_e                                0x00000000   Number         0  stubs.o ABSOLUTE
    _printf_f                                0x00000000   Number         0  stubs.o ABSOLUTE
    _printf_flags                            0x00000000   Number         0  stubs.o ABSOLUTE
    _printf_fp_dec                           0x00000000   Number         0  stubs.o ABSOLUTE
    _printf_fp_hex                           0x00000000   Number         0  stubs.o ABSOLUTE
    _printf_g                                0x00000000   Number         0  stubs.o ABSOLUTE
    _printf_i                                0x00000000   Number         0  stubs.o ABSOLUTE
    _printf_int_dec                          0x00000000   Number         0  stubs.o ABSOLUTE
    _printf_l                                0x00000000   Number         0  stubs.o ABSOLUTE
    _printf_lc                               0x00000000   Number         0  stubs.o ABSOLUTE
    _printf_ll                               0x00000000   Number         0  stubs.o ABSOLUTE
    _printf_lld                              0x00000000   Number         0  stubs.o ABSOLUTE
    _printf_lli                              0x00000000   Number         0  stubs.o ABSOLUTE
    _printf_llo                              0x00000000   Number         0  stubs.o ABSOLUTE
    _printf_llu                              0x00000000   Number         0  stubs.o ABSOLUTE
    _printf_llx                              0x00000000   Number         0  stubs.o ABSOLUTE
    _printf_longlong_dec                     0x00000000   Number         0  stubs.o ABSOLUTE
    _printf_longlong_hex                     0x00000000   Number         0  stubs.o ABSOLUTE
    _printf_longlong_oct                     0x00000000   Number         0  stubs.o ABSOLUTE
    _printf_ls                               0x00000000   Number         0  stubs.o ABSOLUTE
    _printf_mbtowc                           0x00000000   Number         0  stubs.o ABSOLUTE
    _printf_n                                0x00000000   Number         0  stubs.o ABSOLUTE
    _printf_o                                0x00000000   Number         0  stubs.o ABSOLUTE
    _printf_p                                0x00000000   Number         0  stubs.o ABSOLUTE
    _printf_percent                          0x00000000   Number         0  stubs.o ABSOLUTE
    _printf_pre_padding                      0x00000000   Number         0  stubs.o ABSOLUTE
    _printf_return_value                     0x00000000   Number         0  stubs.o ABSOLUTE
    _printf_s                                0x00000000   Number         0  stubs.o ABSOLUTE
    _printf_sizespec                         0x00000000   Number         0  stubs.o ABSOLUTE
    _printf_str                              0x00000000   Number         0  stubs.o ABSOLUTE
    _printf_truncate_signed                  0x00000000   Number         0  stubs.o ABSOLUTE
    _printf_truncate_unsigned                0x00000000   Number         0  stubs.o ABSOLUTE
    _printf_u                                0x00000000   Number         0  stubs.o ABSOLUTE
    _printf_wc                               0x00000000   Number         0  stubs.o ABSOLUTE
    _printf_wctomb                           0x00000000   Number         0  stubs.o ABSOLUTE
    _printf_widthprec                        0x00000000   Number         0  stubs.o ABSOLUTE
    _printf_x                                0x00000000   Number         0  stubs.o ABSOLUTE
    __arm_fini_                               - Undefined Weak Reference
    __cpp_initialize__aeabi_                  - Undefined Weak Reference
    __cxa_finalize                            - Undefined Weak Reference
    __decompress                              - Undefined Weak Reference
    _clock_init                               - Undefined Weak Reference
    _microlib_exit                            - Undefined Weak Reference
    __Vectors_Size                           0x000000c0   Number         0  startup_xl32f003x6.o ABSOLUTE
    __Vectors                                0x08000000   Data           4  startup_xl32f003x6.o(RESET)
    __Vectors_End                            0x080000c0   Data           0  startup_xl32f003x6.o(RESET)
    __main                                   0x080000c1   Thumb Code     0  entry.o(.ARM.Collect$$$$00000000)
    _main_stk                                0x080000c1   Thumb Code     0  entry2.o(.ARM.Collect$$$$00000001)
    _main_scatterload                        0x080000c5   Thumb Code     0  entry5.o(.ARM.Collect$$$$00000004)
    __main_after_scatterload                 0x080000c9   Thumb Code     0  entry5.o(.ARM.Collect$$$$00000004)
    _main_clock                              0x080000c9   Thumb Code     0  entry7b.o(.ARM.Collect$$$$00000008)
    _main_cpp_init                           0x080000c9   Thumb Code     0  entry8b.o(.ARM.Collect$$$$0000000A)
    _main_init                               0x080000c9   Thumb Code     0  entry9a.o(.ARM.Collect$$$$0000000B)
    __rt_lib_shutdown_fini                   0x080000d1   Thumb Code     0  entry12b.o(.ARM.Collect$$$$0000000E)
    __rt_final_cpp                           0x080000d5   Thumb Code     0  entry10a.o(.ARM.Collect$$$$0000000F)
    __rt_final_exit                          0x080000d5   Thumb Code     0  entry11a.o(.ARM.Collect$$$$00000011)
    Reset_Handler                            0x08000145   Thumb Code     8  startup_xl32f003x6.o(.text)
    ADC_COMP_IRQHandler                      0x08000157   Thumb Code     0  startup_xl32f003x6.o(.text)
    DMA1_Channel1_IRQHandler                 0x08000157   Thumb Code     0  startup_xl32f003x6.o(.text)
    DMA1_Channel2_3_IRQHandler               0x08000157   Thumb Code     0  startup_xl32f003x6.o(.text)
    EXTI2_3_IRQHandler                       0x08000157   Thumb Code     0  startup_xl32f003x6.o(.text)
    FLASH_IRQHandler                         0x08000157   Thumb Code     0  startup_xl32f003x6.o(.text)
    I2C1_IRQHandler                          0x08000157   Thumb Code     0  startup_xl32f003x6.o(.text)
    LPTIM1_IRQHandler                        0x08000157   Thumb Code     0  startup_xl32f003x6.o(.text)
    PVD_IRQHandler                           0x08000157   Thumb Code     0  startup_xl32f003x6.o(.text)
    RCC_IRQHandler                           0x08000157   Thumb Code     0  startup_xl32f003x6.o(.text)
    RTC_IRQHandler                           0x08000157   Thumb Code     0  startup_xl32f003x6.o(.text)
    SPI1_IRQHandler                          0x08000157   Thumb Code     0  startup_xl32f003x6.o(.text)
    TIM14_IRQHandler                         0x08000157   Thumb Code     0  startup_xl32f003x6.o(.text)
    TIM16_IRQHandler                         0x08000157   Thumb Code     0  startup_xl32f003x6.o(.text)
    TIM17_IRQHandler                         0x08000157   Thumb Code     0  startup_xl32f003x6.o(.text)
    TIM1_BRK_UP_TRG_COM_IRQHandler           0x08000157   Thumb Code     0  startup_xl32f003x6.o(.text)
    TIM1_CC_IRQHandler                       0x08000157   Thumb Code     0  startup_xl32f003x6.o(.text)
    USART1_IRQHandler                        0x08000157   Thumb Code     0  startup_xl32f003x6.o(.text)
    WWDG_IRQHandler                          0x08000157   Thumb Code     0  startup_xl32f003x6.o(.text)
    __aeabi_uidiv                            0x08000161   Thumb Code     0  uidiv.o(.text)
    __aeabi_uidivmod                         0x08000161   Thumb Code    44  uidiv.o(.text)
    __aeabi_memcpy                           0x0800018d   Thumb Code    36  memcpya.o(.text)
    __aeabi_memcpy4                          0x0800018d   Thumb Code     0  memcpya.o(.text)
    __aeabi_memcpy8                          0x0800018d   Thumb Code     0  memcpya.o(.text)
    __aeabi_memset                           0x080001b1   Thumb Code    14  memseta.o(.text)
    __aeabi_memset4                          0x080001b1   Thumb Code     0  memseta.o(.text)
    __aeabi_memset8                          0x080001b1   Thumb Code     0  memseta.o(.text)
    __aeabi_memclr                           0x080001bf   Thumb Code     4  memseta.o(.text)
    __aeabi_memclr4                          0x080001bf   Thumb Code     0  memseta.o(.text)
    __aeabi_memclr8                          0x080001bf   Thumb Code     0  memseta.o(.text)
    _memset$wrapper                          0x080001c3   Thumb Code    18  memseta.o(.text)
    __aeabi_uldivmod                         0x080001d5   Thumb Code    96  uldiv.o(.text)
    __I$use$fp                               0x08000235   Thumb Code     0  iusefp.o(.text)
    __aeabi_dadd                             0x08000235   Thumb Code   330  dadd.o(.text)
    __aeabi_dsub                             0x0800037f   Thumb Code    12  dadd.o(.text)
    __aeabi_drsub                            0x0800038b   Thumb Code    12  dadd.o(.text)
    __aeabi_dmul                             0x0800039d   Thumb Code   202  dmul.o(.text)
    __aeabi_ddiv                             0x0800046d   Thumb Code   234  ddiv.o(.text)
    __aeabi_d2ulz                            0x0800055d   Thumb Code    54  dfixul.o(.text)
    __aeabi_cdrcmple                         0x0800059d   Thumb Code    38  cdrcmple.o(.text)
    __scatterload                            0x080005c5   Thumb Code    28  init.o(.text)
    __scatterload_rt2                        0x080005c5   Thumb Code     0  init.o(.text)
    __aeabi_llsl                             0x080005e9   Thumb Code    32  llshl.o(.text)
    _ll_shift_l                              0x080005e9   Thumb Code     0  llshl.o(.text)
    __aeabi_llsr                             0x08000609   Thumb Code    34  llushr.o(.text)
    _ll_ushift_r                             0x08000609   Thumb Code     0  llushr.o(.text)
    __aeabi_lasr                             0x0800062b   Thumb Code    38  llsshr.o(.text)
    _ll_sshift_r                             0x0800062b   Thumb Code     0  llsshr.o(.text)
    _double_round                            0x08000651   Thumb Code    26  depilogue.o(.text)
    _double_epilogue                         0x0800066b   Thumb Code   164  depilogue.o(.text)
    main                                     0x08000711   Thumb Code    44  system_xl32f0xx.o(i.$Sub$$main)
    CalulateCRC                              0x08000745   Thumb Code   106  card_m1.o(i.CalulateCRC)
    EXTI0_1_IRQHandler                       0x0800085d   Thumb Code    26  bsp_driver.o(i.EXTI0_1_IRQHandler)
    EXTI4_15_IRQHandler                      0x0800087d   Thumb Code    24  bsp_driver.o(i.EXTI4_15_IRQHandler)
    FLASH_WaitForLastOperation               0x08000895   Thumb Code    48  flash_driver.o(i.FLASH_WaitForLastOperation)
    HardFault_Handler                        0x080008cd   Thumb Code     4  xl32f0xx_it.o(i.HardFault_Handler)
    IWDG_Config                              0x080008d1   Thumb Code   102  bsp_driver.o(i.IWDG_Config)
    I_DP1322ES_ClearBitMask                  0x08000951   Thumb Code    30  card_m1.o(i.I_DP1322ES_ClearBitMask)
    I_DP1322ES_IO_Read                       0x08000971   Thumb Code    48  card_m1.o(i.I_DP1322ES_IO_Read)
    I_DP1322ES_IO_Write                      0x080009a5   Thumb Code    48  card_m1.o(i.I_DP1322ES_IO_Write)
    I_DP1322ES_SetBitMask                    0x080009d9   Thumb Code    30  card_m1.o(i.I_DP1322ES_SetBitMask)
    LL_EXTI_Init                             0x08000a81   Thumb Code   186  xl32f0xx_ll_exti.o(i.LL_EXTI_Init)
    LL_GPIO_Init                             0x08000b51   Thumb Code   250  xl32f0xx_ll_gpio.o(i.LL_GPIO_Init)
    LL_Init1msTick                           0x08000cd1   Thumb Code    34  xl32f0xx_ll_utils.o(i.LL_Init1msTick)
    LL_RCC_GetSystemClocksFreq               0x08000d09   Thumb Code    28  xl32f0xx_ll_rcc.o(i.LL_RCC_GetSystemClocksFreq)
    LL_SetSystemCoreClock                    0x08000d25   Thumb Code     6  xl32f0xx_ll_utils.o(i.LL_SetSystemCoreClock)
    LL_TIM_Init                              0x08000d3d   Thumb Code   130  xl32f0xx_ll_tim.o(i.LL_TIM_Init)
    LL_TIM_OC_Init                           0x08000dd5   Thumb Code    92  xl32f0xx_ll_tim.o(i.LL_TIM_OC_Init)
    LL_TIM_OC_StructInit                     0x08000e35   Thumb Code    20  xl32f0xx_ll_tim.o(i.LL_TIM_OC_StructInit)
    LL_USART_Init                            0x08000e49   Thumb Code   124  xl32f0xx_ll_usart.o(i.LL_USART_Init)
    LL_mDelay                                0x08001009   Thumb Code    46  xl32f0xx_ll_utils.o(i.LL_mDelay)
    NMI_Handler                              0x0800103d   Thumb Code     2  xl32f0xx_it.o(i.NMI_Handler)
    PCD_DP1322ES_TypeA_GetUID                0x08001369   Thumb Code   674  card_m1.o(i.PCD_DP1322ES_TypeA_GetUID)
    PCD_DP1322ES_TypeA_Init                  0x08001739   Thumb Code   104  card_m1.o(i.PCD_DP1322ES_TypeA_Init)
    PcdAntennaOn                             0x080017a1   Thumb Code    28  card_m1.o(i.PcdAntennaOn)
    PcdAnticoll                              0x080017bd   Thumb Code   116  card_m1.o(i.PcdAnticoll)
    PcdComMF522                              0x08001831   Thumb Code   310  card_m1.o(i.PcdComMF522)
    PcdRequest                               0x0800196d   Thumb Code    86  card_m1.o(i.PcdRequest)
    PcdSelect1                               0x080019c3   Thumb Code   118  card_m1.o(i.PcdSelect1)
    PcdSelect2                               0x08001a39   Thumb Code   118  card_m1.o(i.PcdSelect2)
    PcdSelect3                               0x08001aaf   Thumb Code   118  card_m1.o(i.PcdSelect3)
    PendSV_Handler                           0x08001b25   Thumb Code     2  xl32f0xx_it.o(i.PendSV_Handler)
    RCC_GetHCLKClockFreq                     0x08001b29   Thumb Code    34  xl32f0xx_ll_rcc.o(i.RCC_GetHCLKClockFreq)
    RCC_GetPCLK1ClockFreq                    0x08001b55   Thumb Code    32  xl32f0xx_ll_rcc.o(i.RCC_GetPCLK1ClockFreq)
    RCC_GetSystemClockFreq                   0x08001b7d   Thumb Code    96  xl32f0xx_ll_rcc.o(i.RCC_GetSystemClockFreq)
    RT1587_decode                            0x08001be9   Thumb Code   328  bsp_driver.o(i.RT1587_decode)
    SPI_RW_Data                              0x08001d3d   Thumb Code   106  card_m1.o(i.SPI_RW_Data)
    SVC_Handler                              0x08001da7   Thumb Code     2  xl32f0xx_it.o(i.SVC_Handler)
    SysTick_Handler                          0x08001da9   Thumb Code    46  xl32f0xx_it.o(i.SysTick_Handler)
    SystemInit                               0x08001e95   Thumb Code    32  system_xl32f0xx.o(i.SystemInit)
    System_Run                               0x08001ec1   Thumb Code    46  app.o(i.System_Run)
    TIM3_IRQHandler                          0x08001f01   Thumb Code    30  bsp_driver.o(i.TIM3_IRQHandler)
    USART2_IRQHandler                        0x08002159   Thumb Code    44  bsp_driver.o(i.USART2_IRQHandler)
    __0printf                                0x08002205   Thumb Code    24  printfa.o(i.__0printf)
    __1printf                                0x08002205   Thumb Code     0  printfa.o(i.__0printf)
    __2printf                                0x08002205   Thumb Code     0  printfa.o(i.__0printf)
    __c89printf                              0x08002205   Thumb Code     0  printfa.o(i.__0printf)
    printf                                   0x08002205   Thumb Code     0  printfa.o(i.__0printf)
    __0vprintf                               0x08002225   Thumb Code    12  printfa.o(i.__0vprintf)
    __1vprintf                               0x08002225   Thumb Code     0  printfa.o(i.__0vprintf)
    __2vprintf                               0x08002225   Thumb Code     0  printfa.o(i.__0vprintf)
    __c89vprintf                             0x08002225   Thumb Code     0  printfa.o(i.__0vprintf)
    vprintf                                  0x08002225   Thumb Code     0  printfa.o(i.__0vprintf)
    __ARM_clz                                0x08002239   Thumb Code    46  depilogue.o(i.__ARM_clz)
    __ARM_common_switch8                     0x08002267   Thumb Code    28  ymodem.o(i.__ARM_common_switch8)
    __scatterload_copy                       0x08002283   Thumb Code    14  handlers.o(i.__scatterload_copy)
    __scatterload_null                       0x08002291   Thumb Code     2  handlers.o(i.__scatterload_null)
    __scatterload_zeroinit                   0x08002293   Thumb Code    14  handlers.o(i.__scatterload_zeroinit)
    auto_reset                               0x08002b51   Thumb Code    36  card_m1.o(i.auto_reset)
    checkCardData                            0x08002b79   Thumb Code   396  bsp_driver.o(i.checkCardData)
    flash_program_bytes                      0x08002d55   Thumb Code   116  flash_driver.o(i.flash_program_bytes)
    fputc                                    0x08002e35   Thumb Code    40  xl32f003xx_ll_start_kit.o(i.fputc)
    get_id_io_state                          0x08002e61   Thumb Code    22  bsp_driver.o(i.get_id_io_state)
    gpio_init                                0x08002e79   Thumb Code   460  bsp_driver.o(i.gpio_init)
    id_card_decode                           0x08003049   Thumb Code   392  bsp_driver.o(i.id_card_decode)
    m1_init                                  0x080031e1   Thumb Code    78  card_m1.o(i.m1_init)
    $Super$$main                             0x08003235   Thumb Code    40  main.o(i.main)
    mb_crc16                                 0x08003269   Thumb Code    46  modbus_crc.o(i.mb_crc16)
    millis                                   0x080032a1   Thumb Code     6  main.o(i.millis)
    tick_printf                              0x080032ad   Thumb Code    42  main.o(i.tick_printf)
    timer1_init                              0x080032e1   Thumb Code   204  bsp_driver.o(i.timer1_init)
    uart2_init                               0x080033b9   Thumb Code   182  bsp_driver.o(i.uart2_init)
    uart_send_data                           0x08003475   Thumb Code    52  bsp_driver.o(i.uart_send_data)
    ymodem_packet_analysis                   0x08003519   Thumb Code   626  ymodem.o(i.ymodem_packet_analysis)
    AHBPrescTable                            0x08003850   Data          64  system_xl32f0xx.o(.constdata)
    APBPrescTable                            0x08003890   Data          32  system_xl32f0xx.o(.constdata)
    HSIFreqTable                             0x080038b0   Data          32  system_xl32f0xx.o(.constdata)
    TblCRCHi                                 0x0800394b   Data         256  modbus_crc.o(.constdata)
    TblCRCLo                                 0x08003a4b   Data         256  modbus_crc.o(.constdata)
    Region$$Table$$Base                      0x08003b94   Number         0  anon$$obj.o(Region$$Table)
    Region$$Table$$Limit                     0x08003bb4   Number         0  anon$$obj.o(Region$$Table)
    VECT_SRAM_TAB                            0x20000000   Data         192  system_xl32f0xx.o(.ARM.__at_0x20000000)
    SystemCoreClock                          0x200000c0   Data           4  system_xl32f0xx.o(.data)
    sys_ms                                   0x200000c4   Data           4  bsp_driver.o(.data)
    sys_50us_id                              0x200000c8   Data           4  bsp_driver.o(.data)
    sys_50us_433                             0x200000cc   Data           4  bsp_driver.o(.data)
    RF433_Info                               0x200000d0   Data           4  bsp_driver.o(.data)
    ID_Card_Info                             0x200000d4   Data           6  bsp_driver.o(.data)
    M1_Card_Info                             0x200000da   Data           6  bsp_driver.o(.data)
    errcnt                                   0x2000010c   Data           4  card_m1.o(.data)
    aaa                                      0x20000110   Data           1  card_m1.o(.data)
    SysM1_Val                                0x20000111   Data           5  card_m1.o(.data)
    __stdout                                 0x20000120   Data           4  stdout.o(.data)
    flash_write_buf                          0x20000124   Data         128  flash_driver.o(.bss)
    uart_state                               0x200001a4   Data         260  bsp_driver.o(.bss)
    RF433                                    0x200002a8   Data         270  bsp_driver.o(.bss)
    ID_Card                                  0x200003b6   Data         277  bsp_driver.o(.bss)
    ymodem_session                           0x200004cc   Data          60  ymodem.o(.bss)
    __initial_sp                             0x20000908   Data           0  startup_xl32f003x6.o(STACK)



==============================================================================

Memory Map of the image

  Image Entry point : 0x080000c1

  Load Region LR_IROM1 (Base: 0x08000000, Size: 0x00003cd8, Max: 0x00008000, ABSOLUTE)

    Execution Region ER_IROM1 (Exec base: 0x08000000, Load base: 0x08000000, Size: 0x00003bb4, Max: 0x00008000, ABSOLUTE)

    Exec Addr    Load Addr    Size         Type   Attr      Idx    E Section Name        Object

    0x08000000   0x08000000   0x000000c0   Data   RO           67    RESET               startup_xl32f003x6.o
    0x080000c0   0x080000c0   0x00000000   Code   RO         1427  * .ARM.Collect$$$$00000000  mc_p.l(entry.o)
    0x080000c0   0x080000c0   0x00000004   Code   RO         1699    .ARM.Collect$$$$00000001  mc_p.l(entry2.o)
    0x080000c4   0x080000c4   0x00000004   Code   RO         1702    .ARM.Collect$$$$00000004  mc_p.l(entry5.o)
    0x080000c8   0x080000c8   0x00000000   Code   RO         1704    .ARM.Collect$$$$00000008  mc_p.l(entry7b.o)
    0x080000c8   0x080000c8   0x00000000   Code   RO         1706    .ARM.Collect$$$$0000000A  mc_p.l(entry8b.o)
    0x080000c8   0x080000c8   0x00000008   Code   RO         1707    .ARM.Collect$$$$0000000B  mc_p.l(entry9a.o)
    0x080000d0   0x080000d0   0x00000004   Code   RO         1714    .ARM.Collect$$$$0000000E  mc_p.l(entry12b.o)
    0x080000d4   0x080000d4   0x00000000   Code   RO         1709    .ARM.Collect$$$$0000000F  mc_p.l(entry10a.o)
    0x080000d4   0x080000d4   0x00000000   Code   RO         1711    .ARM.Collect$$$$00000011  mc_p.l(entry11a.o)
    0x080000d4   0x080000d4   0x00000004   Code   RO         1700    .ARM.Collect$$$$00002712  mc_p.l(entry2.o)
    0x080000d8   0x080000d8   0x0000006c   Code   RO          277    .RamFunc            flash_driver.o
    0x08000144   0x08000144   0x0000001c   Code   RO           68    .text               startup_xl32f003x6.o
    0x08000160   0x08000160   0x0000002c   Code   RO         1430    .text               mc_p.l(uidiv.o)
    0x0800018c   0x0800018c   0x00000024   Code   RO         1432    .text               mc_p.l(memcpya.o)
    0x080001b0   0x080001b0   0x00000024   Code   RO         1434    .text               mc_p.l(memseta.o)
    0x080001d4   0x080001d4   0x00000060   Code   RO         1716    .text               mc_p.l(uldiv.o)
    0x08000234   0x08000234   0x00000000   Code   RO         1718    .text               mc_p.l(iusefp.o)
    0x08000234   0x08000234   0x00000168   Code   RO         1719    .text               mf_p.l(dadd.o)
    0x0800039c   0x0800039c   0x000000d0   Code   RO         1721    .text               mf_p.l(dmul.o)
    0x0800046c   0x0800046c   0x000000f0   Code   RO         1723    .text               mf_p.l(ddiv.o)
    0x0800055c   0x0800055c   0x00000040   Code   RO         1725    .text               mf_p.l(dfixul.o)
    0x0800059c   0x0800059c   0x00000028   Code   RO         1727    .text               mf_p.l(cdrcmple.o)
    0x080005c4   0x080005c4   0x00000024   Code   RO         1729    .text               mc_p.l(init.o)
    0x080005e8   0x080005e8   0x00000020   Code   RO         1731    .text               mc_p.l(llshl.o)
    0x08000608   0x08000608   0x00000022   Code   RO         1733    .text               mc_p.l(llushr.o)
    0x0800062a   0x0800062a   0x00000026   Code   RO         1735    .text               mc_p.l(llsshr.o)
    0x08000650   0x08000650   0x000000be   Code   RO         1737    .text               mf_p.l(depilogue.o)
    0x0800070e   0x0800070e   0x00000002   PAD
    0x08000710   0x08000710   0x00000034   Code   RO            3    i.$Sub$$main        system_xl32f0xx.o
    0x08000744   0x08000744   0x0000006a   Code   RO         1295    i.CalulateCRC       card_m1.o
    0x080007ae   0x080007ae   0x00000002   PAD
    0x080007b0   0x080007b0   0x000000ac   Code   RO         1230    i.Check_M1          app.o
    0x0800085c   0x0800085c   0x00000020   Code   RO          350    i.EXTI0_1_IRQHandler  bsp_driver.o
    0x0800087c   0x0800087c   0x00000018   Code   RO          351    i.EXTI4_15_IRQHandler  bsp_driver.o
    0x08000894   0x08000894   0x00000038   Code   RO          278    i.FLASH_WaitForLastOperation  flash_driver.o
    0x080008cc   0x080008cc   0x00000004   Code   RO          217    i.HardFault_Handler  xl32f0xx_it.o
    0x080008d0   0x080008d0   0x00000080   Code   RO          352    i.IWDG_Config       bsp_driver.o
    0x08000950   0x08000950   0x0000001e   Code   RO         1296    i.I_DP1322ES_ClearBitMask  card_m1.o
    0x0800096e   0x0800096e   0x00000002   PAD
    0x08000970   0x08000970   0x00000034   Code   RO         1297    i.I_DP1322ES_IO_Read  card_m1.o
    0x080009a4   0x080009a4   0x00000034   Code   RO         1298    i.I_DP1322ES_IO_Write  card_m1.o
    0x080009d8   0x080009d8   0x0000001e   Code   RO         1299    i.I_DP1322ES_SetBitMask  card_m1.o
    0x080009f6   0x080009f6   0x00000002   PAD
    0x080009f8   0x080009f8   0x0000001c   Code   RO          353    i.LL_APB1_GRP1_EnableClock  bsp_driver.o
    0x08000a14   0x08000a14   0x0000000c   Code   RO          354    i.LL_EXTI_ClearFlag  bsp_driver.o
    0x08000a20   0x08000a20   0x00000010   Code   RO          749    i.LL_EXTI_DisableEvent  xl32f0xx_ll_exti.o
    0x08000a30   0x08000a30   0x00000010   Code   RO          750    i.LL_EXTI_DisableIT  xl32f0xx_ll_exti.o
    0x08000a40   0x08000a40   0x00000010   Code   RO          751    i.LL_EXTI_EnableEvent  xl32f0xx_ll_exti.o
    0x08000a50   0x08000a50   0x00000010   Code   RO          752    i.LL_EXTI_EnableFallingTrig  xl32f0xx_ll_exti.o
    0x08000a60   0x08000a60   0x00000010   Code   RO          753    i.LL_EXTI_EnableIT  xl32f0xx_ll_exti.o
    0x08000a70   0x08000a70   0x00000010   Code   RO          754    i.LL_EXTI_EnableRisingTrig  xl32f0xx_ll_exti.o
    0x08000a80   0x08000a80   0x000000c0   Code   RO          755    i.LL_EXTI_Init      xl32f0xx_ll_exti.o
    0x08000b40   0x08000b40   0x00000010   Code   RO          355    i.LL_EXTI_ReadFlag  bsp_driver.o
    0x08000b50   0x08000b50   0x000000fa   Code   RO          814    i.LL_GPIO_Init      xl32f0xx_ll_gpio.o
    0x08000c4a   0x08000c4a   0x00000004   Code   RO         1300    i.LL_GPIO_ResetOutputPin  card_m1.o
    0x08000c4e   0x08000c4e   0x00000004   Code   RO          356    i.LL_GPIO_SetOutputPin  bsp_driver.o
    0x08000c52   0x08000c52   0x00000004   Code   RO         1301    i.LL_GPIO_SetOutputPin  card_m1.o
    0x08000c56   0x08000c56   0x0000001a   Code   RO          357    i.LL_GPIO_SetPinMode  bsp_driver.o
    0x08000c70   0x08000c70   0x00000010   Code   RO          358    i.LL_GPIO_SetPinOutputType  bsp_driver.o
    0x08000c80   0x08000c80   0x0000001a   Code   RO          359    i.LL_GPIO_SetPinPull  bsp_driver.o
    0x08000c9a   0x08000c9a   0x0000001a   Code   RO          360    i.LL_GPIO_SetPinSpeed  bsp_driver.o
    0x08000cb4   0x08000cb4   0x0000001c   Code   RO          361    i.LL_IOP_GRP1_EnableClock  bsp_driver.o
    0x08000cd0   0x08000cd0   0x00000028   Code   RO         1186    i.LL_Init1msTick    xl32f0xx_ll_utils.o
    0x08000cf8   0x08000cf8   0x00000010   Code   RO          869    i.LL_RCC_GetSysClkSource  xl32f0xx_ll_rcc.o
    0x08000d08   0x08000d08   0x0000001c   Code   RO          870    i.LL_RCC_GetSystemClocksFreq  xl32f0xx_ll_rcc.o
    0x08000d24   0x08000d24   0x0000000c   Code   RO         1188    i.LL_SetSystemCoreClock  xl32f0xx_ll_utils.o
    0x08000d30   0x08000d30   0x0000000a   Code   RO          362    i.LL_TIM_EnableCounter  bsp_driver.o
    0x08000d3a   0x08000d3a   0x00000002   PAD
    0x08000d3c   0x08000d3c   0x00000098   Code   RO          981    i.LL_TIM_Init       xl32f0xx_ll_tim.o
    0x08000dd4   0x08000dd4   0x0000005c   Code   RO          982    i.LL_TIM_OC_Init    xl32f0xx_ll_tim.o
    0x08000e30   0x08000e30   0x00000004   Code   RO          983    i.LL_TIM_OC_SetCompareCH2  xl32f0xx_ll_tim.o
    0x08000e34   0x08000e34   0x00000014   Code   RO          984    i.LL_TIM_OC_StructInit  xl32f0xx_ll_tim.o
    0x08000e48   0x08000e48   0x00000080   Code   RO         1132    i.LL_USART_Init     xl32f0xx_ll_usart.o
    0x08000ec8   0x08000ec8   0x0000000e   Code   RO         1133    i.LL_USART_IsEnabled  xl32f0xx_ll_usart.o
    0x08000ed6   0x08000ed6   0x00000132   Code   RO         1134    i.LL_USART_SetBaudRate  xl32f0xx_ll_usart.o
    0x08001008   0x08001008   0x00000034   Code   RO         1189    i.LL_mDelay         xl32f0xx_ll_utils.o
    0x0800103c   0x0800103c   0x00000002   Code   RO          218    i.NMI_Handler       xl32f0xx_it.o
    0x0800103e   0x0800103e   0x00000002   PAD
    0x08001040   0x08001040   0x00000014   Code   RO          363    i.NVIC_EnableIRQ    bsp_driver.o
    0x08001054   0x08001054   0x00000078   Code   RO          364    i.NVIC_SetPriority  bsp_driver.o
    0x080010cc   0x080010cc   0x000000a0   Code   RO          986    i.OC1Config         xl32f0xx_ll_tim.o
    0x0800116c   0x0800116c   0x000000bc   Code   RO          987    i.OC2Config         xl32f0xx_ll_tim.o
    0x08001228   0x08001228   0x000000b4   Code   RO          988    i.OC3Config         xl32f0xx_ll_tim.o
    0x080012dc   0x080012dc   0x0000008c   Code   RO          989    i.OC4Config         xl32f0xx_ll_tim.o
    0x08001368   0x08001368   0x000003d0   Code   RO         1302    i.PCD_DP1322ES_TypeA_GetUID  card_m1.o
    0x08001738   0x08001738   0x00000068   Code   RO         1303    i.PCD_DP1322ES_TypeA_Init  card_m1.o
    0x080017a0   0x080017a0   0x0000001c   Code   RO         1304    i.PcdAntennaOn      card_m1.o
    0x080017bc   0x080017bc   0x00000074   Code   RO         1305    i.PcdAnticoll       card_m1.o
    0x08001830   0x08001830   0x0000013c   Code   RO         1306    i.PcdComMF522       card_m1.o
    0x0800196c   0x0800196c   0x00000056   Code   RO         1307    i.PcdRequest        card_m1.o
    0x080019c2   0x080019c2   0x00000076   Code   RO         1308    i.PcdSelect1        card_m1.o
    0x08001a38   0x08001a38   0x00000076   Code   RO         1309    i.PcdSelect2        card_m1.o
    0x08001aae   0x08001aae   0x00000076   Code   RO         1310    i.PcdSelect3        card_m1.o
    0x08001b24   0x08001b24   0x00000002   Code   RO          219    i.PendSV_Handler    xl32f0xx_it.o
    0x08001b26   0x08001b26   0x00000002   PAD
    0x08001b28   0x08001b28   0x0000002c   Code   RO          873    i.RCC_GetHCLKClockFreq  xl32f0xx_ll_rcc.o
    0x08001b54   0x08001b54   0x00000028   Code   RO          874    i.RCC_GetPCLK1ClockFreq  xl32f0xx_ll_rcc.o
    0x08001b7c   0x08001b7c   0x0000006c   Code   RO          875    i.RCC_GetSystemClockFreq  xl32f0xx_ll_rcc.o
    0x08001be8   0x08001be8   0x00000154   Code   RO          365    i.RT1587_decode     bsp_driver.o
    0x08001d3c   0x08001d3c   0x0000006a   Code   RO         1311    i.SPI_RW_Data       card_m1.o
    0x08001da6   0x08001da6   0x00000002   Code   RO          220    i.SVC_Handler       xl32f0xx_it.o
    0x08001da8   0x08001da8   0x00000038   Code   RO          221    i.SysTick_Handler   xl32f0xx_it.o
    0x08001de0   0x08001de0   0x000000b4   Code   RO           75    i.SystemClock_Config  main.o
    0x08001e94   0x08001e94   0x0000002c   Code   RO            5    i.SystemInit        system_xl32f0xx.o
    0x08001ec0   0x08001ec0   0x00000040   Code   RO         1231    i.System_Run        app.o
    0x08001f00   0x08001f00   0x00000028   Code   RO          366    i.TIM3_IRQHandler   bsp_driver.o
    0x08001f28   0x08001f28   0x000000cc   Code   RO         1232    i.Task1_idcard_process  app.o
    0x08001ff4   0x08001ff4   0x00000048   Code   RO         1233    i.Task2_uart_process  app.o
    0x0800203c   0x0800203c   0x00000080   Code   RO         1234    i.Task3_100ms_process  app.o
    0x080020bc   0x080020bc   0x0000009c   Code   RO         1235    i.Task4_rf433_process  app.o
    0x08002158   0x08002158   0x00000038   Code   RO          367    i.USART2_IRQHandler  bsp_driver.o
    0x08002190   0x08002190   0x00000040   Code   RO          534    i.UpdateCRC16       ymodem.o
    0x080021d0   0x080021d0   0x00000034   Code   RO          535    i.YmodemCRC         ymodem.o
    0x08002204   0x08002204   0x00000020   Code   RO         1671    i.__0printf         mc_p.l(printfa.o)
    0x08002224   0x08002224   0x00000014   Code   RO         1675    i.__0vprintf        mc_p.l(printfa.o)
    0x08002238   0x08002238   0x0000002e   Code   RO         1739    i.__ARM_clz         mf_p.l(depilogue.o)
    0x08002266   0x08002266   0x0000001c   Code   RO          569    i.__ARM_common_switch8  ymodem.o
    0x08002282   0x08002282   0x0000000e   Code   RO         1743    i.__scatterload_copy  mc_p.l(handlers.o)
    0x08002290   0x08002290   0x00000002   Code   RO         1744    i.__scatterload_null  mc_p.l(handlers.o)
    0x08002292   0x08002292   0x0000000e   Code   RO         1745    i.__scatterload_zeroinit  mc_p.l(handlers.o)
    0x080022a0   0x080022a0   0x00000174   Code   RO         1678    i._fp_digits        mc_p.l(printfa.o)
    0x08002414   0x08002414   0x000006f0   Code   RO         1679    i._printf_core      mc_p.l(printfa.o)
    0x08002b04   0x08002b04   0x00000020   Code   RO         1680    i._printf_post_padding  mc_p.l(printfa.o)
    0x08002b24   0x08002b24   0x0000002c   Code   RO         1681    i._printf_pre_padding  mc_p.l(printfa.o)
    0x08002b50   0x08002b50   0x00000028   Code   RO         1312    i.auto_reset        card_m1.o
    0x08002b78   0x08002b78   0x00000190   Code   RO          368    i.checkCardData     bsp_driver.o
    0x08002d08   0x08002d08   0x0000004c   Code   RO          282    i.flash_lock        flash_driver.o
    0x08002d54   0x08002d54   0x00000080   Code   RO          284    i.flash_program_bytes  flash_driver.o
    0x08002dd4   0x08002dd4   0x00000060   Code   RO          285    i.flash_unlock      flash_driver.o
    0x08002e34   0x08002e34   0x0000002c   Code   RO          614    i.fputc             xl32f003xx_ll_start_kit.o
    0x08002e60   0x08002e60   0x00000016   Code   RO          369    i.get_id_io_state   bsp_driver.o
    0x08002e76   0x08002e76   0x00000002   PAD
    0x08002e78   0x08002e78   0x000001d0   Code   RO          370    i.gpio_init         bsp_driver.o
    0x08003048   0x08003048   0x00000198   Code   RO          371    i.id_card_decode    bsp_driver.o
    0x080031e0   0x080031e0   0x00000054   Code   RO         1313    i.m1_init           card_m1.o
    0x08003234   0x08003234   0x00000034   Code   RO           76    i.main              main.o
    0x08003268   0x08003268   0x00000038   Code   RO          577    i.mb_crc16          modbus_crc.o
    0x080032a0   0x080032a0   0x0000000c   Code   RO           77    i.millis            main.o
    0x080032ac   0x080032ac   0x00000034   Code   RO           78    i.tick_printf       main.o
    0x080032e0   0x080032e0   0x000000d8   Code   RO          372    i.timer1_init       bsp_driver.o
    0x080033b8   0x080033b8   0x000000bc   Code   RO          373    i.uart2_init        bsp_driver.o
    0x08003474   0x08003474   0x00000038   Code   RO          374    i.uart_send_data    bsp_driver.o
    0x080034ac   0x080034ac   0x0000006c   Code   RO         1236    i.ymodem_data_process  app.o
    0x08003518   0x08003518   0x000002a8   Code   RO          537    i.ymodem_packet_analysis  ymodem.o
    0x080037c0   0x080037c0   0x00000090   Code   RO         1237    i.ymodem_timeout_process  app.o
    0x08003850   0x08003850   0x00000080   Data   RO            7    .constdata          system_xl32f0xx.o
    0x080038d0   0x080038d0   0x0000003e   Data   RO          287    .constdata          flash_driver.o
    0x0800390e   0x0800390e   0x0000003d   Data   RO          539    .constdata          ymodem.o
    0x0800394b   0x0800394b   0x00000200   Data   RO          578    .constdata          modbus_crc.o
    0x08003b4b   0x08003b4b   0x00000001   PAD
    0x08003b4c   0x08003b4c   0x00000046   Data   RO         1315    .conststring        card_m1.o
    0x08003b92   0x08003b92   0x00000002   PAD
    0x08003b94   0x08003b94   0x00000020   Data   RO         1741    Region$$Table       anon$$obj.o


    Execution Region RW_IRAM1 (Exec base: 0x20000000, Load base: 0x08003bb4, Size: 0x00000908, Max: 0x00002000, ABSOLUTE)

    Exec Addr    Load Addr    Size         Type   Attr      Idx    E Section Name        Object

    0x20000000   0x08003bb4   0x000000c0   Data   RW            6    .ARM.__at_0x20000000  system_xl32f0xx.o
    0x200000c0   0x08003c74   0x00000004   Data   RW            8    .data               system_xl32f0xx.o
    0x200000c4   0x08003c78   0x0000001c   Data   RW          377    .data               bsp_driver.o
    0x200000e0   0x08003c94   0x0000002c   Data   RW         1239    .data               app.o
    0x2000010c   0x08003cc0   0x00000011   Data   RW         1316    .data               card_m1.o
    0x2000011d   0x08003cd1   0x00000003   PAD
    0x20000120   0x08003cd4   0x00000004   Data   RW         1715    .data               mc_p.l(stdout.o)
    0x20000124        -       0x00000080   Zero   RW          286    .bss                flash_driver.o
    0x200001a4        -       0x00000327   Zero   RW          375    .bss                bsp_driver.o
    0x200004cb   0x08003cd8   0x00000001   PAD
    0x200004cc        -       0x0000003c   Zero   RW          538    .bss                ymodem.o
    0x20000508        -       0x00000400   Zero   RW           65    STACK               startup_xl32f003x6.o


==============================================================================

Image component sizes


      Code (inc. data)   RO Data    RW Data    ZI Data      Debug   Object Name

      1048        180          0         44          0      13607   app.o
      2706        148          0         28        807      81962   bsp_driver.o
      2488        326         70         17          0      21316   card_m1.o
       464        102         62          0        128       5409   flash_driver.o
       296         46          0          0          0      47278   main.o
        56         10        512          0          0       1239   modbus_crc.o
        28          8        192          0       1024        672   startup_xl32f003x6.o
        96         20        128        196          0     162219   system_xl32f0xx.o
        44          4          0          0          0      12200   xl32f003xx_ll_start_kit.o
        66         10          0          0          0      12059   xl32f0xx_it.o
       288         30          0          0          0       8843   xl32f0xx_ll_exti.o
       250          0          0          0          0       8871   xl32f0xx_ll_gpio.o
       236         36          0          0          0      13753   xl32f0xx_ll_rcc.o
       936         74          0          0          0      34118   xl32f0xx_ll_tim.o
       448          4          0          0          0      14368   xl32f0xx_ll_usart.o
       104         18          0          0          0       4461   xl32f0xx_ll_utils.o
       824         70         61          0         60       3910   ymodem.o

    ----------------------------------------------------------------------
     10392       1086       1060        288       2020     446285   Object Totals
         0          0         32          0          0          0   (incl. Generated)
        14          0          3          3          1          0   (incl. Padding)

    ----------------------------------------------------------------------

      Code (inc. data)   RO Data    RW Data    ZI Data      Debug   Library Member Name

         0          0          0          0          0          0   entry.o
         0          0          0          0          0          0   entry10a.o
         0          0          0          0          0          0   entry11a.o
         4          0          0          0          0          0   entry12b.o
         8          4          0          0          0          0   entry2.o
         4          0          0          0          0          0   entry5.o
         0          0          0          0          0          0   entry7b.o
         0          0          0          0          0          0   entry8b.o
         8          4          0          0          0          0   entry9a.o
        30          0          0          0          0          0   handlers.o
        36          8          0          0          0         68   init.o
         0          0          0          0          0          0   iusefp.o
        32          0          0          0          0         68   llshl.o
        38          0          0          0          0         68   llsshr.o
        34          0          0          0          0         68   llushr.o
        36          0          0          0          0         60   memcpya.o
        36          0          0          0          0        100   memseta.o
      2276        106          0          0          0        480   printfa.o
         0          0          0          4          0          0   stdout.o
        44          0          0          0          0         72   uidiv.o
        96          0          0          0          0         84   uldiv.o
        40          2          0          0          0         68   cdrcmple.o
       360          6          0          0          0        140   dadd.o
       240          6          0          0          0         84   ddiv.o
       236          0          0          0          0        216   depilogue.o
        64         10          0          0          0         68   dfixul.o
       208          6          0          0          0         88   dmul.o

    ----------------------------------------------------------------------
      3832        152          0          4          0       1732   Library Totals
         2          0          0          0          0          0   (incl. Padding)

    ----------------------------------------------------------------------

      Code (inc. data)   RO Data    RW Data    ZI Data      Debug   Library Name

      2682        122          0          4          0       1068   mc_p.l
      1148         30          0          0          0        664   mf_p.l

    ----------------------------------------------------------------------
      3832        152          0          4          0       1732   Library Totals

    ----------------------------------------------------------------------

==============================================================================


      Code (inc. data)   RO Data    RW Data    ZI Data      Debug   

     14224       1238       1060        292       2020     443057   Grand Totals
     14224       1238       1060        292       2020     443057   ELF Image Totals
     14224       1238       1060        292          0          0   ROM Totals

==============================================================================

    Total RO  Size (Code + RO Data)                15284 (  14.93kB)
    Total RW  Size (RW Data + ZI Data)              2312 (   2.26kB)
    Total ROM Size (Code + RO Data + RW Data)      15576 (  15.21kB)

==============================================================================

