<!doctype html public "-//w3c//dtd html 4.0 transitional//en">
<html><head>
<title>Static Call Graph - [.\Objects\Target.axf]</title></head>
<body><HR>
<H1>Static Call Graph for image .\Objects\Target.axf</H1><HR>
<BR><P>#&#060CALLGRAPH&#062# ARM Linker, 5060960: Last Updated: Fri Mar 15 15:32:27 2024
<BR><P>
<H3>Maximum Stack Usage =        368 bytes + Unknown(Cycles, Untraceable Function Pointers)</H3><H3>
Call chain for Maximum Stack Depth:</H3>
main &rArr; $Super$$main &rArr; System_Run &rArr; Task2_uart_process &rArr; CmdProcess &rArr; CmdSend &rArr; mb_crc16
<P>
<H3>
Mutually Recursive functions
</H3> <LI><a href="#[e]">DMA1_Channel1_IRQHandler</a>&nbsp;&nbsp;&nbsp;&rArr;&nbsp;&nbsp;&nbsp;<a href="#[e]">DMA1_Channel1_IRQHandler</a><BR>
 <LI><a href="#[53]">FlashSaveCallBellPara</a>&nbsp;&nbsp;&nbsp;&rArr;&nbsp;&nbsp;&nbsp;<a href="#[53]">FlashSaveCallBellPara</a><BR>
</UL>
<P>
<H3>
Function Pointers
</H3><UL>
 <LI><a href="#[10]">ADC_COMP_IRQHandler</a> from bsp_driver.o(i.ADC_COMP_IRQHandler) referenced from startup_xl32f003x6.o(RESET)
 <LI><a href="#[e]">DMA1_Channel1_IRQHandler</a> from startup_xl32f003x6.o(.text) referenced from startup_xl32f003x6.o(RESET)
 <LI><a href="#[f]">DMA1_Channel2_3_IRQHandler</a> from startup_xl32f003x6.o(.text) referenced from startup_xl32f003x6.o(RESET)
 <LI><a href="#[b]">EXTI0_1_IRQHandler</a> from startup_xl32f003x6.o(.text) referenced from startup_xl32f003x6.o(RESET)
 <LI><a href="#[c]">EXTI2_3_IRQHandler</a> from startup_xl32f003x6.o(.text) referenced from startup_xl32f003x6.o(RESET)
 <LI><a href="#[d]">EXTI4_15_IRQHandler</a> from bsp_driver.o(i.EXTI4_15_IRQHandler) referenced from startup_xl32f003x6.o(RESET)
 <LI><a href="#[9]">FLASH_IRQHandler</a> from startup_xl32f003x6.o(.text) referenced from startup_xl32f003x6.o(RESET)
 <LI><a href="#[2]">HardFault_Handler</a> from xl32f0xx_it.o(i.HardFault_Handler) referenced from startup_xl32f003x6.o(RESET)
 <LI><a href="#[18]">I2C1_IRQHandler</a> from startup_xl32f003x6.o(.text) referenced from startup_xl32f003x6.o(RESET)
 <LI><a href="#[14]">LPTIM1_IRQHandler</a> from startup_xl32f003x6.o(.text) referenced from startup_xl32f003x6.o(RESET)
 <LI><a href="#[1]">NMI_Handler</a> from xl32f0xx_it.o(i.NMI_Handler) referenced from startup_xl32f003x6.o(RESET)
 <LI><a href="#[7]">PVD_IRQHandler</a> from startup_xl32f003x6.o(.text) referenced from startup_xl32f003x6.o(RESET)
 <LI><a href="#[4]">PendSV_Handler</a> from xl32f0xx_it.o(i.PendSV_Handler) referenced from startup_xl32f003x6.o(RESET)
 <LI><a href="#[a]">RCC_IRQHandler</a> from startup_xl32f003x6.o(.text) referenced from startup_xl32f003x6.o(RESET)
 <LI><a href="#[8]">RTC_IRQHandler</a> from startup_xl32f003x6.o(.text) referenced from startup_xl32f003x6.o(RESET)
 <LI><a href="#[0]">Reset_Handler</a> from startup_xl32f003x6.o(.text) referenced from startup_xl32f003x6.o(RESET)
 <LI><a href="#[19]">SPI1_IRQHandler</a> from startup_xl32f003x6.o(.text) referenced from startup_xl32f003x6.o(RESET)
 <LI><a href="#[3]">SVC_Handler</a> from xl32f0xx_it.o(i.SVC_Handler) referenced from startup_xl32f003x6.o(RESET)
 <LI><a href="#[5]">SysTick_Handler</a> from xl32f0xx_it.o(i.SysTick_Handler) referenced from startup_xl32f003x6.o(RESET)
 <LI><a href="#[1d]">SystemInit</a> from system_xl32f0xx.o(i.SystemInit) referenced from startup_xl32f003x6.o(.text)
 <LI><a href="#[15]">TIM14_IRQHandler</a> from startup_xl32f003x6.o(.text) referenced from startup_xl32f003x6.o(RESET)
 <LI><a href="#[16]">TIM16_IRQHandler</a> from startup_xl32f003x6.o(.text) referenced from startup_xl32f003x6.o(RESET)
 <LI><a href="#[17]">TIM17_IRQHandler</a> from startup_xl32f003x6.o(.text) referenced from startup_xl32f003x6.o(RESET)
 <LI><a href="#[11]">TIM1_BRK_UP_TRG_COM_IRQHandler</a> from startup_xl32f003x6.o(.text) referenced from startup_xl32f003x6.o(RESET)
 <LI><a href="#[12]">TIM1_CC_IRQHandler</a> from startup_xl32f003x6.o(.text) referenced from startup_xl32f003x6.o(RESET)
 <LI><a href="#[13]">TIM3_IRQHandler</a> from bsp_driver.o(i.TIM3_IRQHandler) referenced from startup_xl32f003x6.o(RESET)
 <LI><a href="#[1a]">USART1_IRQHandler</a> from startup_xl32f003x6.o(.text) referenced from startup_xl32f003x6.o(RESET)
 <LI><a href="#[1b]">USART2_IRQHandler</a> from bsp_driver.o(i.USART2_IRQHandler) referenced from startup_xl32f003x6.o(RESET)
 <LI><a href="#[6]">WWDG_IRQHandler</a> from startup_xl32f003x6.o(.text) referenced from startup_xl32f003x6.o(RESET)
 <LI><a href="#[1e]">__main</a> from entry.o(.ARM.Collect$$$$00000000) referenced from startup_xl32f003x6.o(.text)
 <LI><a href="#[1c]">main</a> from system_xl32f0xx.o(i.$Sub$$main) referenced from entry9a.o(.ARM.Collect$$$$0000000B)
</UL>
<P>
<H3>
Global Symbols
</H3>
<P><STRONG><a name="[1e]"></a>__main</STRONG> (Thumb, 0 bytes, Stack size unknown bytes, entry.o(.ARM.Collect$$$$00000000))
<BR>[Address Reference Count : 1]<UL><LI> startup_xl32f003x6.o(.text)
</UL>
<P><STRONG><a name="[9f]"></a>_main_stk</STRONG> (Thumb, 0 bytes, Stack size unknown bytes, entry2.o(.ARM.Collect$$$$00000001))

<P><STRONG><a name="[1f]"></a>_main_scatterload</STRONG> (Thumb, 0 bytes, Stack size unknown bytes, entry5.o(.ARM.Collect$$$$00000004))
<BR><BR>[Calls]<UL><LI><a href="#[20]">&gt;&gt;</a>&nbsp;&nbsp;&nbsp;__scatterload
</UL>

<P><STRONG><a name="[3c]"></a>__main_after_scatterload</STRONG> (Thumb, 0 bytes, Stack size unknown bytes, entry5.o(.ARM.Collect$$$$00000004))
<BR><BR>[Called By]<UL><LI><a href="#[20]">&gt;&gt;</a>&nbsp;&nbsp;&nbsp;__scatterload
</UL>

<P><STRONG><a name="[a0]"></a>_main_clock</STRONG> (Thumb, 0 bytes, Stack size unknown bytes, entry7b.o(.ARM.Collect$$$$00000008))

<P><STRONG><a name="[a1]"></a>_main_cpp_init</STRONG> (Thumb, 0 bytes, Stack size unknown bytes, entry8b.o(.ARM.Collect$$$$0000000A))

<P><STRONG><a name="[a2]"></a>_main_init</STRONG> (Thumb, 0 bytes, Stack size unknown bytes, entry9a.o(.ARM.Collect$$$$0000000B))

<P><STRONG><a name="[21]"></a>__rt_lib_shutdown_fini</STRONG> (Thumb, 0 bytes, Stack size unknown bytes, entry12b.o(.ARM.Collect$$$$0000000E))
<BR><BR>[Calls]<UL><LI><a href="#[22]">&gt;&gt;</a>&nbsp;&nbsp;&nbsp;__arm_fini_ (Weak Reference)
</UL>

<P><STRONG><a name="[a3]"></a>__rt_final_cpp</STRONG> (Thumb, 0 bytes, Stack size unknown bytes, entry10a.o(.ARM.Collect$$$$0000000F))

<P><STRONG><a name="[a4]"></a>__rt_final_exit</STRONG> (Thumb, 0 bytes, Stack size unknown bytes, entry11a.o(.ARM.Collect$$$$00000011))

<P><STRONG><a name="[23]"></a>flash_write</STRONG> (Thumb, 182 bytes, Stack size 176 bytes, flash_driver.o(.RamFunc))
<BR><BR>[Stack]<UL><LI>Max Depth = 192<LI>Call Chain = flash_write &rArr; FLASH_WaitForLastOperation
</UL>
<BR>[Calls]<UL><LI><a href="#[27]">&gt;&gt;</a>&nbsp;&nbsp;&nbsp;FLASH_WaitForLastOperation
<LI><a href="#[25]">&gt;&gt;</a>&nbsp;&nbsp;&nbsp;flash_unlock
<LI><a href="#[28]">&gt;&gt;</a>&nbsp;&nbsp;&nbsp;flash_lock
<LI><a href="#[24]">&gt;&gt;</a>&nbsp;&nbsp;&nbsp;__aeabi_memset
<LI><a href="#[26]">&gt;&gt;</a>&nbsp;&nbsp;&nbsp;__aeabi_memcpy
</UL>
<BR>[Called By]<UL><LI><a href="#[53]">&gt;&gt;</a>&nbsp;&nbsp;&nbsp;FlashSaveCallBellPara
</UL>

<P><STRONG><a name="[29]"></a>flash_write_page</STRONG> (Thumb, 102 bytes, Stack size 32 bytes, flash_driver.o(.RamFunc))
<BR><BR>[Stack]<UL><LI>Max Depth = 48<LI>Call Chain = flash_write_page &rArr; FLASH_WaitForLastOperation
</UL>
<BR>[Calls]<UL><LI><a href="#[27]">&gt;&gt;</a>&nbsp;&nbsp;&nbsp;FLASH_WaitForLastOperation
</UL>
<BR>[Called By]<UL><LI><a href="#[8c]">&gt;&gt;</a>&nbsp;&nbsp;&nbsp;flash_program_bytes
</UL>

<P><STRONG><a name="[0]"></a>Reset_Handler</STRONG> (Thumb, 8 bytes, Stack size 0 bytes, startup_xl32f003x6.o(.text))
<BR>[Address Reference Count : 1]<UL><LI> startup_xl32f003x6.o(RESET)
</UL>
<P><STRONG><a name="[e]"></a>DMA1_Channel1_IRQHandler</STRONG> (Thumb, 0 bytes, Stack size 0 bytes, startup_xl32f003x6.o(.text))
<BR><BR>[Calls]<UL><LI><a href="#[e]">&gt;&gt;</a>&nbsp;&nbsp;&nbsp;DMA1_Channel1_IRQHandler
</UL>
<BR>[Called By]<UL><LI><a href="#[e]">&gt;&gt;</a>&nbsp;&nbsp;&nbsp;DMA1_Channel1_IRQHandler
</UL>
<BR>[Address Reference Count : 1]<UL><LI> startup_xl32f003x6.o(RESET)
</UL>
<P><STRONG><a name="[f]"></a>DMA1_Channel2_3_IRQHandler</STRONG> (Thumb, 0 bytes, Stack size 0 bytes, startup_xl32f003x6.o(.text))
<BR>[Address Reference Count : 1]<UL><LI> startup_xl32f003x6.o(RESET)
</UL>
<P><STRONG><a name="[b]"></a>EXTI0_1_IRQHandler</STRONG> (Thumb, 0 bytes, Stack size 0 bytes, startup_xl32f003x6.o(.text))
<BR>[Address Reference Count : 1]<UL><LI> startup_xl32f003x6.o(RESET)
</UL>
<P><STRONG><a name="[c]"></a>EXTI2_3_IRQHandler</STRONG> (Thumb, 0 bytes, Stack size 0 bytes, startup_xl32f003x6.o(.text))
<BR>[Address Reference Count : 1]<UL><LI> startup_xl32f003x6.o(RESET)
</UL>
<P><STRONG><a name="[9]"></a>FLASH_IRQHandler</STRONG> (Thumb, 0 bytes, Stack size 0 bytes, startup_xl32f003x6.o(.text))
<BR>[Address Reference Count : 1]<UL><LI> startup_xl32f003x6.o(RESET)
</UL>
<P><STRONG><a name="[18]"></a>I2C1_IRQHandler</STRONG> (Thumb, 0 bytes, Stack size 0 bytes, startup_xl32f003x6.o(.text))
<BR>[Address Reference Count : 1]<UL><LI> startup_xl32f003x6.o(RESET)
</UL>
<P><STRONG><a name="[14]"></a>LPTIM1_IRQHandler</STRONG> (Thumb, 0 bytes, Stack size 0 bytes, startup_xl32f003x6.o(.text))
<BR>[Address Reference Count : 1]<UL><LI> startup_xl32f003x6.o(RESET)
</UL>
<P><STRONG><a name="[7]"></a>PVD_IRQHandler</STRONG> (Thumb, 0 bytes, Stack size 0 bytes, startup_xl32f003x6.o(.text))
<BR>[Address Reference Count : 1]<UL><LI> startup_xl32f003x6.o(RESET)
</UL>
<P><STRONG><a name="[a]"></a>RCC_IRQHandler</STRONG> (Thumb, 0 bytes, Stack size 0 bytes, startup_xl32f003x6.o(.text))
<BR>[Address Reference Count : 1]<UL><LI> startup_xl32f003x6.o(RESET)
</UL>
<P><STRONG><a name="[8]"></a>RTC_IRQHandler</STRONG> (Thumb, 0 bytes, Stack size 0 bytes, startup_xl32f003x6.o(.text))
<BR>[Address Reference Count : 1]<UL><LI> startup_xl32f003x6.o(RESET)
</UL>
<P><STRONG><a name="[19]"></a>SPI1_IRQHandler</STRONG> (Thumb, 0 bytes, Stack size 0 bytes, startup_xl32f003x6.o(.text))
<BR>[Address Reference Count : 1]<UL><LI> startup_xl32f003x6.o(RESET)
</UL>
<P><STRONG><a name="[15]"></a>TIM14_IRQHandler</STRONG> (Thumb, 0 bytes, Stack size 0 bytes, startup_xl32f003x6.o(.text))
<BR>[Address Reference Count : 1]<UL><LI> startup_xl32f003x6.o(RESET)
</UL>
<P><STRONG><a name="[16]"></a>TIM16_IRQHandler</STRONG> (Thumb, 0 bytes, Stack size 0 bytes, startup_xl32f003x6.o(.text))
<BR>[Address Reference Count : 1]<UL><LI> startup_xl32f003x6.o(RESET)
</UL>
<P><STRONG><a name="[17]"></a>TIM17_IRQHandler</STRONG> (Thumb, 0 bytes, Stack size 0 bytes, startup_xl32f003x6.o(.text))
<BR>[Address Reference Count : 1]<UL><LI> startup_xl32f003x6.o(RESET)
</UL>
<P><STRONG><a name="[11]"></a>TIM1_BRK_UP_TRG_COM_IRQHandler</STRONG> (Thumb, 0 bytes, Stack size 0 bytes, startup_xl32f003x6.o(.text))
<BR>[Address Reference Count : 1]<UL><LI> startup_xl32f003x6.o(RESET)
</UL>
<P><STRONG><a name="[12]"></a>TIM1_CC_IRQHandler</STRONG> (Thumb, 0 bytes, Stack size 0 bytes, startup_xl32f003x6.o(.text))
<BR>[Address Reference Count : 1]<UL><LI> startup_xl32f003x6.o(RESET)
</UL>
<P><STRONG><a name="[1a]"></a>USART1_IRQHandler</STRONG> (Thumb, 0 bytes, Stack size 0 bytes, startup_xl32f003x6.o(.text))
<BR>[Address Reference Count : 1]<UL><LI> startup_xl32f003x6.o(RESET)
</UL>
<P><STRONG><a name="[6]"></a>WWDG_IRQHandler</STRONG> (Thumb, 0 bytes, Stack size 0 bytes, startup_xl32f003x6.o(.text))
<BR>[Address Reference Count : 1]<UL><LI> startup_xl32f003x6.o(RESET)
</UL>
<P><STRONG><a name="[a5]"></a>__aeabi_uidiv</STRONG> (Thumb, 0 bytes, Stack size 12 bytes, uidiv.o(.text), UNUSED)

<P><STRONG><a name="[2b]"></a>__aeabi_uidivmod</STRONG> (Thumb, 44 bytes, Stack size 12 bytes, uidiv.o(.text))
<BR><BR>[Stack]<UL><LI>Max Depth = 12<LI>Call Chain = __aeabi_uidivmod
</UL>
<BR>[Called By]<UL><LI><a href="#[65]">&gt;&gt;</a>&nbsp;&nbsp;&nbsp;LL_Init1msTick
<LI><a href="#[4f]">&gt;&gt;</a>&nbsp;&nbsp;&nbsp;PCD_DP1322ES_TypeA_GetUID
<LI><a href="#[83]">&gt;&gt;</a>&nbsp;&nbsp;&nbsp;Task3_100ms_process
<LI><a href="#[71]">&gt;&gt;</a>&nbsp;&nbsp;&nbsp;LL_USART_SetBaudRate
<LI><a href="#[67]">&gt;&gt;</a>&nbsp;&nbsp;&nbsp;RCC_GetSystemClockFreq
<LI><a href="#[2a]">&gt;&gt;</a>&nbsp;&nbsp;&nbsp;__aeabi_idivmod
</UL>

<P><STRONG><a name="[a6]"></a>__aeabi_idiv</STRONG> (Thumb, 0 bytes, Stack size 16 bytes, idiv.o(.text), UNUSED)

<P><STRONG><a name="[2a]"></a>__aeabi_idivmod</STRONG> (Thumb, 40 bytes, Stack size 16 bytes, idiv.o(.text))
<BR><BR>[Stack]<UL><LI>Max Depth = 28<LI>Call Chain = __aeabi_idivmod &rArr; __aeabi_uidivmod
</UL>
<BR>[Calls]<UL><LI><a href="#[2b]">&gt;&gt;</a>&nbsp;&nbsp;&nbsp;__aeabi_uidivmod
</UL>
<BR>[Called By]<UL><LI><a href="#[8b]">&gt;&gt;</a>&nbsp;&nbsp;&nbsp;checkCardData
</UL>

<P><STRONG><a name="[26]"></a>__aeabi_memcpy</STRONG> (Thumb, 36 bytes, Stack size 0 bytes, memcpya.o(.text))
<BR><BR>[Called By]<UL><LI><a href="#[50]">&gt;&gt;</a>&nbsp;&nbsp;&nbsp;CmdSend
<LI><a href="#[51]">&gt;&gt;</a>&nbsp;&nbsp;&nbsp;CmdProcess
<LI><a href="#[7d]">&gt;&gt;</a>&nbsp;&nbsp;&nbsp;RT1587_decode
<LI><a href="#[8c]">&gt;&gt;</a>&nbsp;&nbsp;&nbsp;flash_program_bytes
<LI><a href="#[53]">&gt;&gt;</a>&nbsp;&nbsp;&nbsp;FlashSaveCallBellPara
<LI><a href="#[23]">&gt;&gt;</a>&nbsp;&nbsp;&nbsp;flash_write
<LI><a href="#[5a]">&gt;&gt;</a>&nbsp;&nbsp;&nbsp;FlashSynCallBellPara
<LI><a href="#[4f]">&gt;&gt;</a>&nbsp;&nbsp;&nbsp;PCD_DP1322ES_TypeA_GetUID
<LI><a href="#[84]">&gt;&gt;</a>&nbsp;&nbsp;&nbsp;Task4_rf433_process
</UL>

<P><STRONG><a name="[a7]"></a>__aeabi_memcpy4</STRONG> (Thumb, 0 bytes, Stack size 0 bytes, memcpya.o(.text), UNUSED)

<P><STRONG><a name="[a8]"></a>__aeabi_memcpy8</STRONG> (Thumb, 0 bytes, Stack size 0 bytes, memcpya.o(.text), UNUSED)

<P><STRONG><a name="[24]"></a>__aeabi_memset</STRONG> (Thumb, 14 bytes, Stack size 0 bytes, memseta.o(.text))
<BR><BR>[Called By]<UL><LI><a href="#[8c]">&gt;&gt;</a>&nbsp;&nbsp;&nbsp;flash_program_bytes
<LI><a href="#[53]">&gt;&gt;</a>&nbsp;&nbsp;&nbsp;FlashSaveCallBellPara
<LI><a href="#[23]">&gt;&gt;</a>&nbsp;&nbsp;&nbsp;flash_write
<LI><a href="#[2d]">&gt;&gt;</a>&nbsp;&nbsp;&nbsp;_memset$wrapper
<LI><a href="#[2c]">&gt;&gt;</a>&nbsp;&nbsp;&nbsp;__aeabi_memclr
</UL>

<P><STRONG><a name="[a9]"></a>__aeabi_memset4</STRONG> (Thumb, 0 bytes, Stack size 0 bytes, memseta.o(.text), UNUSED)

<P><STRONG><a name="[aa]"></a>__aeabi_memset8</STRONG> (Thumb, 0 bytes, Stack size 0 bytes, memseta.o(.text), UNUSED)

<P><STRONG><a name="[2c]"></a>__aeabi_memclr</STRONG> (Thumb, 4 bytes, Stack size 0 bytes, memseta.o(.text))
<BR><BR>[Calls]<UL><LI><a href="#[24]">&gt;&gt;</a>&nbsp;&nbsp;&nbsp;__aeabi_memset
</UL>
<BR>[Called By]<UL><LI><a href="#[57]">&gt;&gt;</a>&nbsp;&nbsp;&nbsp;id_card_decode
<LI><a href="#[7d]">&gt;&gt;</a>&nbsp;&nbsp;&nbsp;RT1587_decode
<LI><a href="#[81]">&gt;&gt;</a>&nbsp;&nbsp;&nbsp;Task1_idcard_process
</UL>

<P><STRONG><a name="[97]"></a>__aeabi_memclr4</STRONG> (Thumb, 0 bytes, Stack size 0 bytes, memseta.o(.text))
<BR><BR>[Called By]<UL><LI><a href="#[9d]">&gt;&gt;</a>&nbsp;&nbsp;&nbsp;ymodem_packet_analysis
<LI><a href="#[96]">&gt;&gt;</a>&nbsp;&nbsp;&nbsp;timer1_init
<LI><a href="#[86]">&gt;&gt;</a>&nbsp;&nbsp;&nbsp;ymodem_timeout_process
</UL>

<P><STRONG><a name="[ab]"></a>__aeabi_memclr8</STRONG> (Thumb, 0 bytes, Stack size 0 bytes, memseta.o(.text), UNUSED)

<P><STRONG><a name="[2d]"></a>_memset$wrapper</STRONG> (Thumb, 18 bytes, Stack size 8 bytes, memseta.o(.text), UNUSED)
<BR><BR>[Calls]<UL><LI><a href="#[24]">&gt;&gt;</a>&nbsp;&nbsp;&nbsp;__aeabi_memset
</UL>

<P><STRONG><a name="[2e]"></a>__aeabi_dadd</STRONG> (Thumb, 330 bytes, Stack size 48 bytes, dadd.o(.text))
<BR><BR>[Stack]<UL><LI>Max Depth = 104<LI>Call Chain = __aeabi_dadd &rArr; _double_epilogue &rArr; __aeabi_llsr
</UL>
<BR>[Calls]<UL><LI><a href="#[30]">&gt;&gt;</a>&nbsp;&nbsp;&nbsp;__aeabi_lasr
<LI><a href="#[2f]">&gt;&gt;</a>&nbsp;&nbsp;&nbsp;__aeabi_llsl
<LI><a href="#[32]">&gt;&gt;</a>&nbsp;&nbsp;&nbsp;_double_round
<LI><a href="#[31]">&gt;&gt;</a>&nbsp;&nbsp;&nbsp;_double_epilogue
</UL>
<BR>[Called By]<UL><LI><a href="#[3e]">&gt;&gt;</a>&nbsp;&nbsp;&nbsp;APP_AdcGrpRegularUnitaryConvCompleteCallback
<LI><a href="#[34]">&gt;&gt;</a>&nbsp;&nbsp;&nbsp;__aeabi_drsub
<LI><a href="#[33]">&gt;&gt;</a>&nbsp;&nbsp;&nbsp;__aeabi_dsub
</UL>

<P><STRONG><a name="[33]"></a>__aeabi_dsub</STRONG> (Thumb, 12 bytes, Stack size 8 bytes, dadd.o(.text), UNUSED)
<BR><BR>[Calls]<UL><LI><a href="#[2e]">&gt;&gt;</a>&nbsp;&nbsp;&nbsp;__aeabi_dadd
</UL>

<P><STRONG><a name="[34]"></a>__aeabi_drsub</STRONG> (Thumb, 12 bytes, Stack size 8 bytes, dadd.o(.text), UNUSED)
<BR><BR>[Calls]<UL><LI><a href="#[2e]">&gt;&gt;</a>&nbsp;&nbsp;&nbsp;__aeabi_dadd
</UL>

<P><STRONG><a name="[35]"></a>__aeabi_dmul</STRONG> (Thumb, 202 bytes, Stack size 72 bytes, dmul.o(.text))
<BR><BR>[Stack]<UL><LI>Max Depth = 128<LI>Call Chain = __aeabi_dmul &rArr; _double_epilogue &rArr; __aeabi_llsr
</UL>
<BR>[Calls]<UL><LI><a href="#[31]">&gt;&gt;</a>&nbsp;&nbsp;&nbsp;_double_epilogue
</UL>
<BR>[Called By]<UL><LI><a href="#[3e]">&gt;&gt;</a>&nbsp;&nbsp;&nbsp;APP_AdcGrpRegularUnitaryConvCompleteCallback
</UL>

<P><STRONG><a name="[36]"></a>__aeabi_ddiv</STRONG> (Thumb, 234 bytes, Stack size 40 bytes, ddiv.o(.text))
<BR><BR>[Stack]<UL><LI>Max Depth = 48<LI>Call Chain = __aeabi_ddiv &rArr; _double_round
</UL>
<BR>[Calls]<UL><LI><a href="#[32]">&gt;&gt;</a>&nbsp;&nbsp;&nbsp;_double_round
</UL>
<BR>[Called By]<UL><LI><a href="#[3e]">&gt;&gt;</a>&nbsp;&nbsp;&nbsp;APP_AdcGrpRegularUnitaryConvCompleteCallback
</UL>

<P><STRONG><a name="[37]"></a>__aeabi_i2d</STRONG> (Thumb, 34 bytes, Stack size 16 bytes, dflti.o(.text))
<BR><BR>[Stack]<UL><LI>Max Depth = 72<LI>Call Chain = __aeabi_i2d &rArr; _double_epilogue &rArr; __aeabi_llsr
</UL>
<BR>[Calls]<UL><LI><a href="#[31]">&gt;&gt;</a>&nbsp;&nbsp;&nbsp;_double_epilogue
</UL>
<BR>[Called By]<UL><LI><a href="#[3e]">&gt;&gt;</a>&nbsp;&nbsp;&nbsp;APP_AdcGrpRegularUnitaryConvCompleteCallback
</UL>

<P><STRONG><a name="[38]"></a>__aeabi_ui2d</STRONG> (Thumb, 24 bytes, Stack size 16 bytes, dfltui.o(.text))
<BR><BR>[Stack]<UL><LI>Max Depth = 72<LI>Call Chain = __aeabi_ui2d &rArr; _double_epilogue &rArr; __aeabi_llsr
</UL>
<BR>[Calls]<UL><LI><a href="#[31]">&gt;&gt;</a>&nbsp;&nbsp;&nbsp;_double_epilogue
</UL>
<BR>[Called By]<UL><LI><a href="#[3e]">&gt;&gt;</a>&nbsp;&nbsp;&nbsp;APP_AdcGrpRegularUnitaryConvCompleteCallback
</UL>

<P><STRONG><a name="[39]"></a>__aeabi_d2uiz</STRONG> (Thumb, 50 bytes, Stack size 8 bytes, dfixui.o(.text))
<BR><BR>[Stack]<UL><LI>Max Depth = 16<LI>Call Chain = __aeabi_d2uiz &rArr; __aeabi_llsr
</UL>
<BR>[Calls]<UL><LI><a href="#[3a]">&gt;&gt;</a>&nbsp;&nbsp;&nbsp;__aeabi_llsr
</UL>
<BR>[Called By]<UL><LI><a href="#[83]">&gt;&gt;</a>&nbsp;&nbsp;&nbsp;Task3_100ms_process
</UL>

<P><STRONG><a name="[48]"></a>__aeabi_cdrcmple</STRONG> (Thumb, 38 bytes, Stack size 0 bytes, cdrcmple.o(.text))
<BR><BR>[Called By]<UL><LI><a href="#[3e]">&gt;&gt;</a>&nbsp;&nbsp;&nbsp;APP_AdcGrpRegularUnitaryConvCompleteCallback
</UL>

<P><STRONG><a name="[2f]"></a>__aeabi_llsl</STRONG> (Thumb, 32 bytes, Stack size 8 bytes, llshl.o(.text))
<BR><BR>[Stack]<UL><LI>Max Depth = 8<LI>Call Chain = __aeabi_llsl
</UL>
<BR>[Called By]<UL><LI><a href="#[2e]">&gt;&gt;</a>&nbsp;&nbsp;&nbsp;__aeabi_dadd
<LI><a href="#[31]">&gt;&gt;</a>&nbsp;&nbsp;&nbsp;_double_epilogue
</UL>

<P><STRONG><a name="[ac]"></a>_ll_shift_l</STRONG> (Thumb, 0 bytes, Stack size 8 bytes, llshl.o(.text), UNUSED)

<P><STRONG><a name="[3a]"></a>__aeabi_llsr</STRONG> (Thumb, 34 bytes, Stack size 8 bytes, llushr.o(.text))
<BR><BR>[Stack]<UL><LI>Max Depth = 8<LI>Call Chain = __aeabi_llsr
</UL>
<BR>[Called By]<UL><LI><a href="#[39]">&gt;&gt;</a>&nbsp;&nbsp;&nbsp;__aeabi_d2uiz
<LI><a href="#[31]">&gt;&gt;</a>&nbsp;&nbsp;&nbsp;_double_epilogue
</UL>

<P><STRONG><a name="[ad]"></a>_ll_ushift_r</STRONG> (Thumb, 0 bytes, Stack size 8 bytes, llushr.o(.text), UNUSED)

<P><STRONG><a name="[30]"></a>__aeabi_lasr</STRONG> (Thumb, 38 bytes, Stack size 8 bytes, llsshr.o(.text))
<BR><BR>[Stack]<UL><LI>Max Depth = 8<LI>Call Chain = __aeabi_lasr
</UL>
<BR>[Called By]<UL><LI><a href="#[2e]">&gt;&gt;</a>&nbsp;&nbsp;&nbsp;__aeabi_dadd
</UL>

<P><STRONG><a name="[ae]"></a>_ll_sshift_r</STRONG> (Thumb, 0 bytes, Stack size 8 bytes, llsshr.o(.text), UNUSED)

<P><STRONG><a name="[af]"></a>__I$use$fp</STRONG> (Thumb, 0 bytes, Stack size 8 bytes, iusefp.o(.text), UNUSED)

<P><STRONG><a name="[32]"></a>_double_round</STRONG> (Thumb, 26 bytes, Stack size 8 bytes, depilogue.o(.text))
<BR><BR>[Stack]<UL><LI>Max Depth = 8<LI>Call Chain = _double_round
</UL>
<BR>[Called By]<UL><LI><a href="#[36]">&gt;&gt;</a>&nbsp;&nbsp;&nbsp;__aeabi_ddiv
<LI><a href="#[2e]">&gt;&gt;</a>&nbsp;&nbsp;&nbsp;__aeabi_dadd
<LI><a href="#[31]">&gt;&gt;</a>&nbsp;&nbsp;&nbsp;_double_epilogue
</UL>

<P><STRONG><a name="[31]"></a>_double_epilogue</STRONG> (Thumb, 164 bytes, Stack size 48 bytes, depilogue.o(.text))
<BR><BR>[Stack]<UL><LI>Max Depth = 56<LI>Call Chain = _double_epilogue &rArr; __aeabi_llsr
</UL>
<BR>[Calls]<UL><LI><a href="#[3b]">&gt;&gt;</a>&nbsp;&nbsp;&nbsp;__ARM_clz
<LI><a href="#[3a]">&gt;&gt;</a>&nbsp;&nbsp;&nbsp;__aeabi_llsr
<LI><a href="#[2f]">&gt;&gt;</a>&nbsp;&nbsp;&nbsp;__aeabi_llsl
<LI><a href="#[32]">&gt;&gt;</a>&nbsp;&nbsp;&nbsp;_double_round
</UL>
<BR>[Called By]<UL><LI><a href="#[38]">&gt;&gt;</a>&nbsp;&nbsp;&nbsp;__aeabi_ui2d
<LI><a href="#[37]">&gt;&gt;</a>&nbsp;&nbsp;&nbsp;__aeabi_i2d
<LI><a href="#[35]">&gt;&gt;</a>&nbsp;&nbsp;&nbsp;__aeabi_dmul
<LI><a href="#[2e]">&gt;&gt;</a>&nbsp;&nbsp;&nbsp;__aeabi_dadd
</UL>

<P><STRONG><a name="[20]"></a>__scatterload</STRONG> (Thumb, 28 bytes, Stack size 0 bytes, init.o(.text))
<BR><BR>[Calls]<UL><LI><a href="#[3c]">&gt;&gt;</a>&nbsp;&nbsp;&nbsp;__main_after_scatterload
</UL>
<BR>[Called By]<UL><LI><a href="#[1f]">&gt;&gt;</a>&nbsp;&nbsp;&nbsp;_main_scatterload
</UL>

<P><STRONG><a name="[b0]"></a>__scatterload_rt2</STRONG> (Thumb, 0 bytes, Stack size 0 bytes, init.o(.text), UNUSED)

<P><STRONG><a name="[b1]"></a>__decompress</STRONG> (Thumb, 0 bytes, Stack size unknown bytes, __dczerorl.o(.text), UNUSED)

<P><STRONG><a name="[b2]"></a>__decompress0</STRONG> (Thumb, 58 bytes, Stack size unknown bytes, __dczerorl.o(.text), UNUSED)

<P><STRONG><a name="[1c]"></a>main</STRONG> (Thumb, 44 bytes, Stack size 16 bytes, system_xl32f0xx.o(i.$Sub$$main))
<BR><BR>[Stack]<UL><LI>Max Depth = 368<LI>Call Chain = main &rArr; $Super$$main &rArr; System_Run &rArr; Task2_uart_process &rArr; CmdProcess &rArr; CmdSend &rArr; mb_crc16
</UL>
<BR>[Calls]<UL><LI><a href="#[3d]">&gt;&gt;</a>&nbsp;&nbsp;&nbsp;$Super$$main
</UL>
<BR>[Address Reference Count : 1]<UL><LI> entry9a.o(.ARM.Collect$$$$0000000B)
</UL>
<P><STRONG><a name="[10]"></a>ADC_COMP_IRQHandler</STRONG> (Thumb, 34 bytes, Stack size 8 bytes, bsp_driver.o(i.ADC_COMP_IRQHandler))
<BR><BR>[Stack]<UL><LI>Max Depth = 176<LI>Call Chain = ADC_COMP_IRQHandler &rArr; APP_AdcGrpRegularUnitaryConvCompleteCallback &rArr; __aeabi_dmul &rArr; _double_epilogue &rArr; __aeabi_llsr
</UL>
<BR>[Calls]<UL><LI><a href="#[3e]">&gt;&gt;</a>&nbsp;&nbsp;&nbsp;APP_AdcGrpRegularUnitaryConvCompleteCallback
</UL>
<BR>[Address Reference Count : 1]<UL><LI> startup_xl32f003x6.o(RESET)
</UL>
<P><STRONG><a name="[3f]"></a>ADC_init</STRONG> (Thumb, 298 bytes, Stack size 8 bytes, bsp_driver.o(i.ADC_init))
<BR><BR>[Stack]<UL><LI>Max Depth = 20<LI>Call Chain = ADC_init &rArr; LL_GPIO_SetPinMode
</UL>
<BR>[Calls]<UL><LI><a href="#[45]">&gt;&gt;</a>&nbsp;&nbsp;&nbsp;NVIC_SetPriority
<LI><a href="#[46]">&gt;&gt;</a>&nbsp;&nbsp;&nbsp;NVIC_EnableIRQ
<LI><a href="#[40]">&gt;&gt;</a>&nbsp;&nbsp;&nbsp;LL_IOP_GRP1_EnableClock
<LI><a href="#[41]">&gt;&gt;</a>&nbsp;&nbsp;&nbsp;LL_GPIO_SetPinMode
<LI><a href="#[42]">&gt;&gt;</a>&nbsp;&nbsp;&nbsp;LL_APB1_GRP2_EnableClock
<LI><a href="#[44]">&gt;&gt;</a>&nbsp;&nbsp;&nbsp;LL_ADC_SetResolution
<LI><a href="#[43]">&gt;&gt;</a>&nbsp;&nbsp;&nbsp;LL_ADC_IsEnabled
</UL>
<BR>[Called By]<UL><LI><a href="#[3d]">&gt;&gt;</a>&nbsp;&nbsp;&nbsp;$Super$$main
</UL>

<P><STRONG><a name="[47]"></a>ADC_start</STRONG> (Thumb, 108 bytes, Stack size 8 bytes, bsp_driver.o(i.ADC_start))
<BR><BR>[Stack]<UL><LI>Max Depth = 8<LI>Call Chain = ADC_start
</UL>
<BR>[Calls]<UL><LI><a href="#[43]">&gt;&gt;</a>&nbsp;&nbsp;&nbsp;LL_ADC_IsEnabled
</UL>
<BR>[Called By]<UL><LI><a href="#[83]">&gt;&gt;</a>&nbsp;&nbsp;&nbsp;Task3_100ms_process
</UL>

<P><STRONG><a name="[3e]"></a>APP_AdcGrpRegularUnitaryConvCompleteCallback</STRONG> (Thumb, 326 bytes, Stack size 40 bytes, bsp_driver.o(i.APP_AdcGrpRegularUnitaryConvCompleteCallback))
<BR><BR>[Stack]<UL><LI>Max Depth = 168<LI>Call Chain = APP_AdcGrpRegularUnitaryConvCompleteCallback &rArr; __aeabi_dmul &rArr; _double_epilogue &rArr; __aeabi_llsr
</UL>
<BR>[Calls]<UL><LI><a href="#[38]">&gt;&gt;</a>&nbsp;&nbsp;&nbsp;__aeabi_ui2d
<LI><a href="#[37]">&gt;&gt;</a>&nbsp;&nbsp;&nbsp;__aeabi_i2d
<LI><a href="#[35]">&gt;&gt;</a>&nbsp;&nbsp;&nbsp;__aeabi_dmul
<LI><a href="#[36]">&gt;&gt;</a>&nbsp;&nbsp;&nbsp;__aeabi_ddiv
<LI><a href="#[2e]">&gt;&gt;</a>&nbsp;&nbsp;&nbsp;__aeabi_dadd
<LI><a href="#[48]">&gt;&gt;</a>&nbsp;&nbsp;&nbsp;__aeabi_cdrcmple
</UL>
<BR>[Called By]<UL><LI><a href="#[10]">&gt;&gt;</a>&nbsp;&nbsp;&nbsp;ADC_COMP_IRQHandler
</UL>

<P><STRONG><a name="[49]"></a>CalulateCRC</STRONG> (Thumb, 106 bytes, Stack size 32 bytes, card_m1.o(i.CalulateCRC))
<BR><BR>[Stack]<UL><LI>Max Depth = 88<LI>Call Chain = CalulateCRC &rArr; I_DP1322ES_SetBitMask &rArr; I_DP1322ES_IO_Write &rArr; SPI_RW_Data
</UL>
<BR>[Calls]<UL><LI><a href="#[4c]">&gt;&gt;</a>&nbsp;&nbsp;&nbsp;I_DP1322ES_SetBitMask
<LI><a href="#[4b]">&gt;&gt;</a>&nbsp;&nbsp;&nbsp;I_DP1322ES_IO_Write
<LI><a href="#[4d]">&gt;&gt;</a>&nbsp;&nbsp;&nbsp;I_DP1322ES_IO_Read
<LI><a href="#[4a]">&gt;&gt;</a>&nbsp;&nbsp;&nbsp;I_DP1322ES_ClearBitMask
</UL>
<BR>[Called By]<UL><LI><a href="#[77]">&gt;&gt;</a>&nbsp;&nbsp;&nbsp;PcdSelect2
<LI><a href="#[76]">&gt;&gt;</a>&nbsp;&nbsp;&nbsp;PcdSelect1
<LI><a href="#[78]">&gt;&gt;</a>&nbsp;&nbsp;&nbsp;PcdSelect3
</UL>

<P><STRONG><a name="[51]"></a>CmdProcess</STRONG> (Thumb, 194 bytes, Stack size 24 bytes, cmd_process.o(i.CmdProcess))
<BR><BR>[Stack]<UL><LI>Max Depth = 336<LI>Call Chain = CmdProcess &rArr; CmdSend &rArr; mb_crc16
</UL>
<BR>[Calls]<UL><LI><a href="#[50]">&gt;&gt;</a>&nbsp;&nbsp;&nbsp;CmdSend
<LI><a href="#[52]">&gt;&gt;</a>&nbsp;&nbsp;&nbsp;mb_crc16
<LI><a href="#[53]">&gt;&gt;</a>&nbsp;&nbsp;&nbsp;FlashSaveCallBellPara
<LI><a href="#[26]">&gt;&gt;</a>&nbsp;&nbsp;&nbsp;__aeabi_memcpy
</UL>
<BR>[Called By]<UL><LI><a href="#[82]">&gt;&gt;</a>&nbsp;&nbsp;&nbsp;Task2_uart_process
</UL>

<P><STRONG><a name="[50]"></a>CmdSend</STRONG> (Thumb, 68 bytes, Stack size 296 bytes, cmd_process.o(i.CmdSend))
<BR><BR>[Stack]<UL><LI>Max Depth = 312<LI>Call Chain = CmdSend &rArr; mb_crc16
</UL>
<BR>[Calls]<UL><LI><a href="#[52]">&gt;&gt;</a>&nbsp;&nbsp;&nbsp;mb_crc16
<LI><a href="#[54]">&gt;&gt;</a>&nbsp;&nbsp;&nbsp;uart_send_data
<LI><a href="#[26]">&gt;&gt;</a>&nbsp;&nbsp;&nbsp;__aeabi_memcpy
</UL>
<BR>[Called By]<UL><LI><a href="#[51]">&gt;&gt;</a>&nbsp;&nbsp;&nbsp;CmdProcess
<LI><a href="#[84]">&gt;&gt;</a>&nbsp;&nbsp;&nbsp;Task4_rf433_process
<LI><a href="#[83]">&gt;&gt;</a>&nbsp;&nbsp;&nbsp;Task3_100ms_process
<LI><a href="#[81]">&gt;&gt;</a>&nbsp;&nbsp;&nbsp;Task1_idcard_process
<LI><a href="#[4e]">&gt;&gt;</a>&nbsp;&nbsp;&nbsp;Check_M1
</UL>

<P><STRONG><a name="[d]"></a>EXTI4_15_IRQHandler</STRONG> (Thumb, 50 bytes, Stack size 8 bytes, bsp_driver.o(i.EXTI4_15_IRQHandler))
<BR><BR>[Stack]<UL><LI>Max Depth = 84<LI>Call Chain = EXTI4_15_IRQHandler &rArr; id_card_decode &rArr; checkCardData &rArr; __aeabi_idivmod &rArr; __aeabi_uidivmod
</UL>
<BR>[Calls]<UL><LI><a href="#[57]">&gt;&gt;</a>&nbsp;&nbsp;&nbsp;id_card_decode
<LI><a href="#[55]">&gt;&gt;</a>&nbsp;&nbsp;&nbsp;LL_EXTI_ReadFlag
<LI><a href="#[56]">&gt;&gt;</a>&nbsp;&nbsp;&nbsp;LL_EXTI_ClearFlag
</UL>
<BR>[Address Reference Count : 1]<UL><LI> startup_xl32f003x6.o(RESET)
</UL>
<P><STRONG><a name="[27]"></a>FLASH_WaitForLastOperation</STRONG> (Thumb, 48 bytes, Stack size 16 bytes, flash_driver.o(i.FLASH_WaitForLastOperation))
<BR><BR>[Stack]<UL><LI>Max Depth = 16<LI>Call Chain = FLASH_WaitForLastOperation
</UL>
<BR>[Calls]<UL><LI><a href="#[58]">&gt;&gt;</a>&nbsp;&nbsp;&nbsp;millis
</UL>
<BR>[Called By]<UL><LI><a href="#[59]">&gt;&gt;</a>&nbsp;&nbsp;&nbsp;flash_page_erase
<LI><a href="#[29]">&gt;&gt;</a>&nbsp;&nbsp;&nbsp;flash_write_page
<LI><a href="#[23]">&gt;&gt;</a>&nbsp;&nbsp;&nbsp;flash_write
</UL>

<P><STRONG><a name="[53]"></a>FlashSaveCallBellPara</STRONG> (Thumb, 152 bytes, Stack size 32 bytes, flash_driver.o(i.FlashSaveCallBellPara))
<BR><BR>[Stack]<UL><LI>Max Depth = 224 + In Cycle
<LI>Call Chain = FlashSaveCallBellPara &rArr;  FlashSaveCallBellPara (Cycle)
</UL>
<BR>[Calls]<UL><LI><a href="#[59]">&gt;&gt;</a>&nbsp;&nbsp;&nbsp;flash_page_erase
<LI><a href="#[53]">&gt;&gt;</a>&nbsp;&nbsp;&nbsp;FlashSaveCallBellPara
<LI><a href="#[23]">&gt;&gt;</a>&nbsp;&nbsp;&nbsp;flash_write
<LI><a href="#[24]">&gt;&gt;</a>&nbsp;&nbsp;&nbsp;__aeabi_memset
<LI><a href="#[26]">&gt;&gt;</a>&nbsp;&nbsp;&nbsp;__aeabi_memcpy
</UL>
<BR>[Called By]<UL><LI><a href="#[51]">&gt;&gt;</a>&nbsp;&nbsp;&nbsp;CmdProcess
<LI><a href="#[53]">&gt;&gt;</a>&nbsp;&nbsp;&nbsp;FlashSaveCallBellPara
</UL>

<P><STRONG><a name="[5a]"></a>FlashSynCallBellPara</STRONG> (Thumb, 82 bytes, Stack size 16 bytes, flash_driver.o(i.FlashSynCallBellPara))
<BR><BR>[Stack]<UL><LI>Max Depth = 16<LI>Call Chain = FlashSynCallBellPara
</UL>
<BR>[Calls]<UL><LI><a href="#[26]">&gt;&gt;</a>&nbsp;&nbsp;&nbsp;__aeabi_memcpy
</UL>
<BR>[Called By]<UL><LI><a href="#[3d]">&gt;&gt;</a>&nbsp;&nbsp;&nbsp;$Super$$main
</UL>

<P><STRONG><a name="[2]"></a>HardFault_Handler</STRONG> (Thumb, 4 bytes, Stack size 0 bytes, xl32f0xx_it.o(i.HardFault_Handler))
<BR>[Address Reference Count : 1]<UL><LI> startup_xl32f003x6.o(RESET)
</UL>
<P><STRONG><a name="[94]"></a>IWDG_Config</STRONG> (Thumb, 102 bytes, Stack size 0 bytes, bsp_driver.o(i.IWDG_Config))
<BR><BR>[Called By]<UL><LI><a href="#[3d]">&gt;&gt;</a>&nbsp;&nbsp;&nbsp;$Super$$main
</UL>

<P><STRONG><a name="[4a]"></a>I_DP1322ES_ClearBitMask</STRONG> (Thumb, 30 bytes, Stack size 16 bytes, card_m1.o(i.I_DP1322ES_ClearBitMask))
<BR><BR>[Stack]<UL><LI>Max Depth = 56<LI>Call Chain = I_DP1322ES_ClearBitMask &rArr; I_DP1322ES_IO_Write &rArr; SPI_RW_Data
</UL>
<BR>[Calls]<UL><LI><a href="#[4b]">&gt;&gt;</a>&nbsp;&nbsp;&nbsp;I_DP1322ES_IO_Write
<LI><a href="#[4d]">&gt;&gt;</a>&nbsp;&nbsp;&nbsp;I_DP1322ES_IO_Read
</UL>
<BR>[Called By]<UL><LI><a href="#[77]">&gt;&gt;</a>&nbsp;&nbsp;&nbsp;PcdSelect2
<LI><a href="#[76]">&gt;&gt;</a>&nbsp;&nbsp;&nbsp;PcdSelect1
<LI><a href="#[73]">&gt;&gt;</a>&nbsp;&nbsp;&nbsp;PcdRequest
<LI><a href="#[7b]">&gt;&gt;</a>&nbsp;&nbsp;&nbsp;PcdComMF522
<LI><a href="#[75]">&gt;&gt;</a>&nbsp;&nbsp;&nbsp;PcdAnticoll
<LI><a href="#[79]">&gt;&gt;</a>&nbsp;&nbsp;&nbsp;PCD_DP1322ES_TypeA_Init
<LI><a href="#[49]">&gt;&gt;</a>&nbsp;&nbsp;&nbsp;CalulateCRC
<LI><a href="#[78]">&gt;&gt;</a>&nbsp;&nbsp;&nbsp;PcdSelect3
</UL>

<P><STRONG><a name="[4d]"></a>I_DP1322ES_IO_Read</STRONG> (Thumb, 48 bytes, Stack size 16 bytes, card_m1.o(i.I_DP1322ES_IO_Read))
<BR><BR>[Stack]<UL><LI>Max Depth = 40<LI>Call Chain = I_DP1322ES_IO_Read &rArr; SPI_RW_Data
</UL>
<BR>[Calls]<UL><LI><a href="#[5d]">&gt;&gt;</a>&nbsp;&nbsp;&nbsp;LL_GPIO_SetOutputPin
<LI><a href="#[5b]">&gt;&gt;</a>&nbsp;&nbsp;&nbsp;LL_GPIO_ResetOutputPin
<LI><a href="#[5c]">&gt;&gt;</a>&nbsp;&nbsp;&nbsp;SPI_RW_Data
</UL>
<BR>[Called By]<UL><LI><a href="#[7b]">&gt;&gt;</a>&nbsp;&nbsp;&nbsp;PcdComMF522
<LI><a href="#[7a]">&gt;&gt;</a>&nbsp;&nbsp;&nbsp;PcdAntennaOn
<LI><a href="#[4c]">&gt;&gt;</a>&nbsp;&nbsp;&nbsp;I_DP1322ES_SetBitMask
<LI><a href="#[4a]">&gt;&gt;</a>&nbsp;&nbsp;&nbsp;I_DP1322ES_ClearBitMask
<LI><a href="#[49]">&gt;&gt;</a>&nbsp;&nbsp;&nbsp;CalulateCRC
</UL>

<P><STRONG><a name="[4b]"></a>I_DP1322ES_IO_Write</STRONG> (Thumb, 48 bytes, Stack size 16 bytes, card_m1.o(i.I_DP1322ES_IO_Write))
<BR><BR>[Stack]<UL><LI>Max Depth = 40<LI>Call Chain = I_DP1322ES_IO_Write &rArr; SPI_RW_Data
</UL>
<BR>[Calls]<UL><LI><a href="#[5d]">&gt;&gt;</a>&nbsp;&nbsp;&nbsp;LL_GPIO_SetOutputPin
<LI><a href="#[5b]">&gt;&gt;</a>&nbsp;&nbsp;&nbsp;LL_GPIO_ResetOutputPin
<LI><a href="#[5c]">&gt;&gt;</a>&nbsp;&nbsp;&nbsp;SPI_RW_Data
</UL>
<BR>[Called By]<UL><LI><a href="#[73]">&gt;&gt;</a>&nbsp;&nbsp;&nbsp;PcdRequest
<LI><a href="#[7b]">&gt;&gt;</a>&nbsp;&nbsp;&nbsp;PcdComMF522
<LI><a href="#[75]">&gt;&gt;</a>&nbsp;&nbsp;&nbsp;PcdAnticoll
<LI><a href="#[79]">&gt;&gt;</a>&nbsp;&nbsp;&nbsp;PCD_DP1322ES_TypeA_Init
<LI><a href="#[4c]">&gt;&gt;</a>&nbsp;&nbsp;&nbsp;I_DP1322ES_SetBitMask
<LI><a href="#[4a]">&gt;&gt;</a>&nbsp;&nbsp;&nbsp;I_DP1322ES_ClearBitMask
<LI><a href="#[49]">&gt;&gt;</a>&nbsp;&nbsp;&nbsp;CalulateCRC
</UL>

<P><STRONG><a name="[4c]"></a>I_DP1322ES_SetBitMask</STRONG> (Thumb, 30 bytes, Stack size 16 bytes, card_m1.o(i.I_DP1322ES_SetBitMask))
<BR><BR>[Stack]<UL><LI>Max Depth = 56<LI>Call Chain = I_DP1322ES_SetBitMask &rArr; I_DP1322ES_IO_Write &rArr; SPI_RW_Data
</UL>
<BR>[Calls]<UL><LI><a href="#[4b]">&gt;&gt;</a>&nbsp;&nbsp;&nbsp;I_DP1322ES_IO_Write
<LI><a href="#[4d]">&gt;&gt;</a>&nbsp;&nbsp;&nbsp;I_DP1322ES_IO_Read
</UL>
<BR>[Called By]<UL><LI><a href="#[73]">&gt;&gt;</a>&nbsp;&nbsp;&nbsp;PcdRequest
<LI><a href="#[7b]">&gt;&gt;</a>&nbsp;&nbsp;&nbsp;PcdComMF522
<LI><a href="#[75]">&gt;&gt;</a>&nbsp;&nbsp;&nbsp;PcdAnticoll
<LI><a href="#[7a]">&gt;&gt;</a>&nbsp;&nbsp;&nbsp;PcdAntennaOn
<LI><a href="#[49]">&gt;&gt;</a>&nbsp;&nbsp;&nbsp;CalulateCRC
</UL>

<P><STRONG><a name="[5e]"></a>LL_EXTI_Init</STRONG> (Thumb, 186 bytes, Stack size 16 bytes, xl32f0xx_ll_exti.o(i.LL_EXTI_Init))
<BR><BR>[Stack]<UL><LI>Max Depth = 16<LI>Call Chain = LL_EXTI_Init
</UL>
<BR>[Calls]<UL><LI><a href="#[63]">&gt;&gt;</a>&nbsp;&nbsp;&nbsp;LL_EXTI_EnableRisingTrig
<LI><a href="#[60]">&gt;&gt;</a>&nbsp;&nbsp;&nbsp;LL_EXTI_EnableIT
<LI><a href="#[64]">&gt;&gt;</a>&nbsp;&nbsp;&nbsp;LL_EXTI_EnableFallingTrig
<LI><a href="#[62]">&gt;&gt;</a>&nbsp;&nbsp;&nbsp;LL_EXTI_EnableEvent
<LI><a href="#[61]">&gt;&gt;</a>&nbsp;&nbsp;&nbsp;LL_EXTI_DisableIT
<LI><a href="#[5f]">&gt;&gt;</a>&nbsp;&nbsp;&nbsp;LL_EXTI_DisableEvent
</UL>
<BR>[Called By]<UL><LI><a href="#[8d]">&gt;&gt;</a>&nbsp;&nbsp;&nbsp;gpio_init
</UL>

<P><STRONG><a name="[9c]"></a>LL_GPIO_Init</STRONG> (Thumb, 250 bytes, Stack size 20 bytes, xl32f0xx_ll_gpio.o(i.LL_GPIO_Init))
<BR><BR>[Stack]<UL><LI>Max Depth = 20<LI>Call Chain = LL_GPIO_Init
</UL>
<BR>[Called By]<UL><LI><a href="#[95]">&gt;&gt;</a>&nbsp;&nbsp;&nbsp;uart2_init
</UL>

<P><STRONG><a name="[65]"></a>LL_Init1msTick</STRONG> (Thumb, 34 bytes, Stack size 16 bytes, xl32f0xx_ll_utils.o(i.LL_Init1msTick))
<BR><BR>[Stack]<UL><LI>Max Depth = 28<LI>Call Chain = LL_Init1msTick &rArr; __aeabi_uidivmod
</UL>
<BR>[Calls]<UL><LI><a href="#[2b]">&gt;&gt;</a>&nbsp;&nbsp;&nbsp;__aeabi_uidivmod
</UL>
<BR>[Called By]<UL><LI><a href="#[7e]">&gt;&gt;</a>&nbsp;&nbsp;&nbsp;SystemClock_Config
</UL>

<P><STRONG><a name="[66]"></a>LL_RCC_GetSystemClocksFreq</STRONG> (Thumb, 28 bytes, Stack size 8 bytes, xl32f0xx_ll_rcc.o(i.LL_RCC_GetSystemClocksFreq))
<BR><BR>[Stack]<UL><LI>Max Depth = 36<LI>Call Chain = LL_RCC_GetSystemClocksFreq &rArr; RCC_GetSystemClockFreq &rArr; __aeabi_uidivmod
</UL>
<BR>[Calls]<UL><LI><a href="#[67]">&gt;&gt;</a>&nbsp;&nbsp;&nbsp;RCC_GetSystemClockFreq
<LI><a href="#[69]">&gt;&gt;</a>&nbsp;&nbsp;&nbsp;RCC_GetPCLK1ClockFreq
<LI><a href="#[68]">&gt;&gt;</a>&nbsp;&nbsp;&nbsp;RCC_GetHCLKClockFreq
</UL>
<BR>[Called By]<UL><LI><a href="#[6f]">&gt;&gt;</a>&nbsp;&nbsp;&nbsp;LL_USART_Init
</UL>

<P><STRONG><a name="[7f]"></a>LL_SetSystemCoreClock</STRONG> (Thumb, 6 bytes, Stack size 0 bytes, xl32f0xx_ll_utils.o(i.LL_SetSystemCoreClock))
<BR><BR>[Called By]<UL><LI><a href="#[7e]">&gt;&gt;</a>&nbsp;&nbsp;&nbsp;SystemClock_Config
</UL>

<P><STRONG><a name="[99]"></a>LL_TIM_Init</STRONG> (Thumb, 130 bytes, Stack size 8 bytes, xl32f0xx_ll_tim.o(i.LL_TIM_Init))
<BR><BR>[Stack]<UL><LI>Max Depth = 8<LI>Call Chain = LL_TIM_Init
</UL>
<BR>[Called By]<UL><LI><a href="#[96]">&gt;&gt;</a>&nbsp;&nbsp;&nbsp;timer1_init
</UL>

<P><STRONG><a name="[6a]"></a>LL_TIM_OC_Init</STRONG> (Thumb, 92 bytes, Stack size 24 bytes, xl32f0xx_ll_tim.o(i.LL_TIM_OC_Init))
<BR><BR>[Stack]<UL><LI>Max Depth = 48<LI>Call Chain = LL_TIM_OC_Init &rArr; OC2Config
</UL>
<BR>[Calls]<UL><LI><a href="#[6e]">&gt;&gt;</a>&nbsp;&nbsp;&nbsp;OC4Config
<LI><a href="#[6d]">&gt;&gt;</a>&nbsp;&nbsp;&nbsp;OC3Config
<LI><a href="#[6c]">&gt;&gt;</a>&nbsp;&nbsp;&nbsp;OC2Config
<LI><a href="#[6b]">&gt;&gt;</a>&nbsp;&nbsp;&nbsp;OC1Config
</UL>
<BR>[Called By]<UL><LI><a href="#[96]">&gt;&gt;</a>&nbsp;&nbsp;&nbsp;timer1_init
</UL>

<P><STRONG><a name="[98]"></a>LL_TIM_OC_StructInit</STRONG> (Thumb, 20 bytes, Stack size 0 bytes, xl32f0xx_ll_tim.o(i.LL_TIM_OC_StructInit))
<BR><BR>[Called By]<UL><LI><a href="#[96]">&gt;&gt;</a>&nbsp;&nbsp;&nbsp;timer1_init
</UL>

<P><STRONG><a name="[6f]"></a>LL_USART_Init</STRONG> (Thumb, 124 bytes, Stack size 32 bytes, xl32f0xx_ll_usart.o(i.LL_USART_Init))
<BR><BR>[Stack]<UL><LI>Max Depth = 92<LI>Call Chain = LL_USART_Init &rArr; LL_USART_SetBaudRate &rArr; __aeabi_uidivmod
</UL>
<BR>[Calls]<UL><LI><a href="#[71]">&gt;&gt;</a>&nbsp;&nbsp;&nbsp;LL_USART_SetBaudRate
<LI><a href="#[70]">&gt;&gt;</a>&nbsp;&nbsp;&nbsp;LL_USART_IsEnabled
<LI><a href="#[66]">&gt;&gt;</a>&nbsp;&nbsp;&nbsp;LL_RCC_GetSystemClocksFreq
</UL>
<BR>[Called By]<UL><LI><a href="#[95]">&gt;&gt;</a>&nbsp;&nbsp;&nbsp;uart2_init
</UL>

<P><STRONG><a name="[8a]"></a>LL_mDelay</STRONG> (Thumb, 46 bytes, Stack size 8 bytes, xl32f0xx_ll_utils.o(i.LL_mDelay))
<BR><BR>[Stack]<UL><LI>Max Depth = 8<LI>Call Chain = LL_mDelay
</UL>
<BR>[Called By]<UL><LI><a href="#[93]">&gt;&gt;</a>&nbsp;&nbsp;&nbsp;m1_init
<LI><a href="#[85]">&gt;&gt;</a>&nbsp;&nbsp;&nbsp;ymodem_data_process
<LI><a href="#[74]">&gt;&gt;</a>&nbsp;&nbsp;&nbsp;auto_reset
</UL>

<P><STRONG><a name="[1]"></a>NMI_Handler</STRONG> (Thumb, 2 bytes, Stack size 0 bytes, xl32f0xx_it.o(i.NMI_Handler))
<BR>[Address Reference Count : 1]<UL><LI> startup_xl32f003x6.o(RESET)
</UL>
<P><STRONG><a name="[4f]"></a>PCD_DP1322ES_TypeA_GetUID</STRONG> (Thumb, 490 bytes, Stack size 64 bytes, card_m1.o(i.PCD_DP1322ES_TypeA_GetUID))
<BR><BR>[Stack]<UL><LI>Max Depth = 224<LI>Call Chain = PCD_DP1322ES_TypeA_GetUID &rArr; PcdAnticoll &rArr; PcdComMF522 &rArr; I_DP1322ES_SetBitMask &rArr; I_DP1322ES_IO_Write &rArr; SPI_RW_Data
</UL>
<BR>[Calls]<UL><LI><a href="#[77]">&gt;&gt;</a>&nbsp;&nbsp;&nbsp;PcdSelect2
<LI><a href="#[76]">&gt;&gt;</a>&nbsp;&nbsp;&nbsp;PcdSelect1
<LI><a href="#[73]">&gt;&gt;</a>&nbsp;&nbsp;&nbsp;PcdRequest
<LI><a href="#[75]">&gt;&gt;</a>&nbsp;&nbsp;&nbsp;PcdAnticoll
<LI><a href="#[26]">&gt;&gt;</a>&nbsp;&nbsp;&nbsp;__aeabi_memcpy
<LI><a href="#[2b]">&gt;&gt;</a>&nbsp;&nbsp;&nbsp;__aeabi_uidivmod
<LI><a href="#[74]">&gt;&gt;</a>&nbsp;&nbsp;&nbsp;auto_reset
<LI><a href="#[78]">&gt;&gt;</a>&nbsp;&nbsp;&nbsp;PcdSelect3
</UL>
<BR>[Called By]<UL><LI><a href="#[4e]">&gt;&gt;</a>&nbsp;&nbsp;&nbsp;Check_M1
</UL>

<P><STRONG><a name="[79]"></a>PCD_DP1322ES_TypeA_Init</STRONG> (Thumb, 104 bytes, Stack size 8 bytes, card_m1.o(i.PCD_DP1322ES_TypeA_Init))
<BR><BR>[Stack]<UL><LI>Max Depth = 72<LI>Call Chain = PCD_DP1322ES_TypeA_Init &rArr; PcdAntennaOn &rArr; I_DP1322ES_SetBitMask &rArr; I_DP1322ES_IO_Write &rArr; SPI_RW_Data
</UL>
<BR>[Calls]<UL><LI><a href="#[7a]">&gt;&gt;</a>&nbsp;&nbsp;&nbsp;PcdAntennaOn
<LI><a href="#[4b]">&gt;&gt;</a>&nbsp;&nbsp;&nbsp;I_DP1322ES_IO_Write
<LI><a href="#[4a]">&gt;&gt;</a>&nbsp;&nbsp;&nbsp;I_DP1322ES_ClearBitMask
</UL>
<BR>[Called By]<UL><LI><a href="#[93]">&gt;&gt;</a>&nbsp;&nbsp;&nbsp;m1_init
<LI><a href="#[74]">&gt;&gt;</a>&nbsp;&nbsp;&nbsp;auto_reset
</UL>

<P><STRONG><a name="[7a]"></a>PcdAntennaOn</STRONG> (Thumb, 28 bytes, Stack size 8 bytes, card_m1.o(i.PcdAntennaOn))
<BR><BR>[Stack]<UL><LI>Max Depth = 64<LI>Call Chain = PcdAntennaOn &rArr; I_DP1322ES_SetBitMask &rArr; I_DP1322ES_IO_Write &rArr; SPI_RW_Data
</UL>
<BR>[Calls]<UL><LI><a href="#[4c]">&gt;&gt;</a>&nbsp;&nbsp;&nbsp;I_DP1322ES_SetBitMask
<LI><a href="#[4d]">&gt;&gt;</a>&nbsp;&nbsp;&nbsp;I_DP1322ES_IO_Read
</UL>
<BR>[Called By]<UL><LI><a href="#[79]">&gt;&gt;</a>&nbsp;&nbsp;&nbsp;PCD_DP1322ES_TypeA_Init
</UL>

<P><STRONG><a name="[75]"></a>PcdAnticoll</STRONG> (Thumb, 116 bytes, Stack size 56 bytes, card_m1.o(i.PcdAnticoll))
<BR><BR>[Stack]<UL><LI>Max Depth = 160<LI>Call Chain = PcdAnticoll &rArr; PcdComMF522 &rArr; I_DP1322ES_SetBitMask &rArr; I_DP1322ES_IO_Write &rArr; SPI_RW_Data
</UL>
<BR>[Calls]<UL><LI><a href="#[7b]">&gt;&gt;</a>&nbsp;&nbsp;&nbsp;PcdComMF522
<LI><a href="#[4c]">&gt;&gt;</a>&nbsp;&nbsp;&nbsp;I_DP1322ES_SetBitMask
<LI><a href="#[4b]">&gt;&gt;</a>&nbsp;&nbsp;&nbsp;I_DP1322ES_IO_Write
<LI><a href="#[4a]">&gt;&gt;</a>&nbsp;&nbsp;&nbsp;I_DP1322ES_ClearBitMask
</UL>
<BR>[Called By]<UL><LI><a href="#[4f]">&gt;&gt;</a>&nbsp;&nbsp;&nbsp;PCD_DP1322ES_TypeA_GetUID
</UL>

<P><STRONG><a name="[7b]"></a>PcdComMF522</STRONG> (Thumb, 310 bytes, Stack size 48 bytes, card_m1.o(i.PcdComMF522))
<BR><BR>[Stack]<UL><LI>Max Depth = 104<LI>Call Chain = PcdComMF522 &rArr; I_DP1322ES_SetBitMask &rArr; I_DP1322ES_IO_Write &rArr; SPI_RW_Data
</UL>
<BR>[Calls]<UL><LI><a href="#[4c]">&gt;&gt;</a>&nbsp;&nbsp;&nbsp;I_DP1322ES_SetBitMask
<LI><a href="#[4b]">&gt;&gt;</a>&nbsp;&nbsp;&nbsp;I_DP1322ES_IO_Write
<LI><a href="#[4d]">&gt;&gt;</a>&nbsp;&nbsp;&nbsp;I_DP1322ES_IO_Read
<LI><a href="#[4a]">&gt;&gt;</a>&nbsp;&nbsp;&nbsp;I_DP1322ES_ClearBitMask
</UL>
<BR>[Called By]<UL><LI><a href="#[77]">&gt;&gt;</a>&nbsp;&nbsp;&nbsp;PcdSelect2
<LI><a href="#[76]">&gt;&gt;</a>&nbsp;&nbsp;&nbsp;PcdSelect1
<LI><a href="#[73]">&gt;&gt;</a>&nbsp;&nbsp;&nbsp;PcdRequest
<LI><a href="#[75]">&gt;&gt;</a>&nbsp;&nbsp;&nbsp;PcdAnticoll
<LI><a href="#[78]">&gt;&gt;</a>&nbsp;&nbsp;&nbsp;PcdSelect3
</UL>

<P><STRONG><a name="[73]"></a>PcdRequest</STRONG> (Thumb, 86 bytes, Stack size 48 bytes, card_m1.o(i.PcdRequest))
<BR><BR>[Stack]<UL><LI>Max Depth = 152<LI>Call Chain = PcdRequest &rArr; PcdComMF522 &rArr; I_DP1322ES_SetBitMask &rArr; I_DP1322ES_IO_Write &rArr; SPI_RW_Data
</UL>
<BR>[Calls]<UL><LI><a href="#[7b]">&gt;&gt;</a>&nbsp;&nbsp;&nbsp;PcdComMF522
<LI><a href="#[4c]">&gt;&gt;</a>&nbsp;&nbsp;&nbsp;I_DP1322ES_SetBitMask
<LI><a href="#[4b]">&gt;&gt;</a>&nbsp;&nbsp;&nbsp;I_DP1322ES_IO_Write
<LI><a href="#[4a]">&gt;&gt;</a>&nbsp;&nbsp;&nbsp;I_DP1322ES_ClearBitMask
</UL>
<BR>[Called By]<UL><LI><a href="#[4f]">&gt;&gt;</a>&nbsp;&nbsp;&nbsp;PCD_DP1322ES_TypeA_GetUID
</UL>

<P><STRONG><a name="[76]"></a>PcdSelect1</STRONG> (Thumb, 118 bytes, Stack size 48 bytes, card_m1.o(i.PcdSelect1))
<BR><BR>[Stack]<UL><LI>Max Depth = 152<LI>Call Chain = PcdSelect1 &rArr; PcdComMF522 &rArr; I_DP1322ES_SetBitMask &rArr; I_DP1322ES_IO_Write &rArr; SPI_RW_Data
</UL>
<BR>[Calls]<UL><LI><a href="#[7b]">&gt;&gt;</a>&nbsp;&nbsp;&nbsp;PcdComMF522
<LI><a href="#[4a]">&gt;&gt;</a>&nbsp;&nbsp;&nbsp;I_DP1322ES_ClearBitMask
<LI><a href="#[49]">&gt;&gt;</a>&nbsp;&nbsp;&nbsp;CalulateCRC
</UL>
<BR>[Called By]<UL><LI><a href="#[4f]">&gt;&gt;</a>&nbsp;&nbsp;&nbsp;PCD_DP1322ES_TypeA_GetUID
</UL>

<P><STRONG><a name="[77]"></a>PcdSelect2</STRONG> (Thumb, 118 bytes, Stack size 48 bytes, card_m1.o(i.PcdSelect2))
<BR><BR>[Stack]<UL><LI>Max Depth = 152<LI>Call Chain = PcdSelect2 &rArr; PcdComMF522 &rArr; I_DP1322ES_SetBitMask &rArr; I_DP1322ES_IO_Write &rArr; SPI_RW_Data
</UL>
<BR>[Calls]<UL><LI><a href="#[7b]">&gt;&gt;</a>&nbsp;&nbsp;&nbsp;PcdComMF522
<LI><a href="#[4a]">&gt;&gt;</a>&nbsp;&nbsp;&nbsp;I_DP1322ES_ClearBitMask
<LI><a href="#[49]">&gt;&gt;</a>&nbsp;&nbsp;&nbsp;CalulateCRC
</UL>
<BR>[Called By]<UL><LI><a href="#[4f]">&gt;&gt;</a>&nbsp;&nbsp;&nbsp;PCD_DP1322ES_TypeA_GetUID
</UL>

<P><STRONG><a name="[78]"></a>PcdSelect3</STRONG> (Thumb, 118 bytes, Stack size 48 bytes, card_m1.o(i.PcdSelect3))
<BR><BR>[Stack]<UL><LI>Max Depth = 152<LI>Call Chain = PcdSelect3 &rArr; PcdComMF522 &rArr; I_DP1322ES_SetBitMask &rArr; I_DP1322ES_IO_Write &rArr; SPI_RW_Data
</UL>
<BR>[Calls]<UL><LI><a href="#[7b]">&gt;&gt;</a>&nbsp;&nbsp;&nbsp;PcdComMF522
<LI><a href="#[4a]">&gt;&gt;</a>&nbsp;&nbsp;&nbsp;I_DP1322ES_ClearBitMask
<LI><a href="#[49]">&gt;&gt;</a>&nbsp;&nbsp;&nbsp;CalulateCRC
</UL>
<BR>[Called By]<UL><LI><a href="#[4f]">&gt;&gt;</a>&nbsp;&nbsp;&nbsp;PCD_DP1322ES_TypeA_GetUID
</UL>

<P><STRONG><a name="[4]"></a>PendSV_Handler</STRONG> (Thumb, 2 bytes, Stack size 0 bytes, xl32f0xx_it.o(i.PendSV_Handler))
<BR>[Address Reference Count : 1]<UL><LI> startup_xl32f003x6.o(RESET)
</UL>
<P><STRONG><a name="[68]"></a>RCC_GetHCLKClockFreq</STRONG> (Thumb, 34 bytes, Stack size 0 bytes, xl32f0xx_ll_rcc.o(i.RCC_GetHCLKClockFreq))
<BR><BR>[Called By]<UL><LI><a href="#[66]">&gt;&gt;</a>&nbsp;&nbsp;&nbsp;LL_RCC_GetSystemClocksFreq
</UL>

<P><STRONG><a name="[69]"></a>RCC_GetPCLK1ClockFreq</STRONG> (Thumb, 32 bytes, Stack size 0 bytes, xl32f0xx_ll_rcc.o(i.RCC_GetPCLK1ClockFreq))
<BR><BR>[Called By]<UL><LI><a href="#[66]">&gt;&gt;</a>&nbsp;&nbsp;&nbsp;LL_RCC_GetSystemClocksFreq
</UL>

<P><STRONG><a name="[67]"></a>RCC_GetSystemClockFreq</STRONG> (Thumb, 96 bytes, Stack size 16 bytes, xl32f0xx_ll_rcc.o(i.RCC_GetSystemClockFreq))
<BR><BR>[Stack]<UL><LI>Max Depth = 28<LI>Call Chain = RCC_GetSystemClockFreq &rArr; __aeabi_uidivmod
</UL>
<BR>[Calls]<UL><LI><a href="#[7c]">&gt;&gt;</a>&nbsp;&nbsp;&nbsp;LL_RCC_GetSysClkSource
<LI><a href="#[2b]">&gt;&gt;</a>&nbsp;&nbsp;&nbsp;__aeabi_uidivmod
</UL>
<BR>[Called By]<UL><LI><a href="#[66]">&gt;&gt;</a>&nbsp;&nbsp;&nbsp;LL_RCC_GetSystemClocksFreq
</UL>

<P><STRONG><a name="[7d]"></a>RT1587_decode</STRONG> (Thumb, 472 bytes, Stack size 8 bytes, bsp_driver.o(i.RT1587_decode))
<BR><BR>[Stack]<UL><LI>Max Depth = 8<LI>Call Chain = RT1587_decode
</UL>
<BR>[Calls]<UL><LI><a href="#[2c]">&gt;&gt;</a>&nbsp;&nbsp;&nbsp;__aeabi_memclr
<LI><a href="#[26]">&gt;&gt;</a>&nbsp;&nbsp;&nbsp;__aeabi_memcpy
</UL>
<BR>[Called By]<UL><LI><a href="#[13]">&gt;&gt;</a>&nbsp;&nbsp;&nbsp;TIM3_IRQHandler
</UL>

<P><STRONG><a name="[5c]"></a>SPI_RW_Data</STRONG> (Thumb, 106 bytes, Stack size 24 bytes, card_m1.o(i.SPI_RW_Data))
<BR><BR>[Stack]<UL><LI>Max Depth = 24<LI>Call Chain = SPI_RW_Data
</UL>
<BR>[Calls]<UL><LI><a href="#[5d]">&gt;&gt;</a>&nbsp;&nbsp;&nbsp;LL_GPIO_SetOutputPin
<LI><a href="#[5b]">&gt;&gt;</a>&nbsp;&nbsp;&nbsp;LL_GPIO_ResetOutputPin
</UL>
<BR>[Called By]<UL><LI><a href="#[4b]">&gt;&gt;</a>&nbsp;&nbsp;&nbsp;I_DP1322ES_IO_Write
<LI><a href="#[4d]">&gt;&gt;</a>&nbsp;&nbsp;&nbsp;I_DP1322ES_IO_Read
</UL>

<P><STRONG><a name="[3]"></a>SVC_Handler</STRONG> (Thumb, 2 bytes, Stack size 0 bytes, xl32f0xx_it.o(i.SVC_Handler))
<BR>[Address Reference Count : 1]<UL><LI> startup_xl32f003x6.o(RESET)
</UL>
<P><STRONG><a name="[5]"></a>SysTick_Handler</STRONG> (Thumb, 46 bytes, Stack size 0 bytes, xl32f0xx_it.o(i.SysTick_Handler))
<BR>[Address Reference Count : 1]<UL><LI> startup_xl32f003x6.o(RESET)
</UL>
<P><STRONG><a name="[1d]"></a>SystemInit</STRONG> (Thumb, 32 bytes, Stack size 0 bytes, system_xl32f0xx.o(i.SystemInit))
<BR>[Address Reference Count : 1]<UL><LI> startup_xl32f003x6.o(.text)
</UL>
<P><STRONG><a name="[80]"></a>System_Run</STRONG> (Thumb, 46 bytes, Stack size 0 bytes, app.o(i.System_Run))
<BR><BR>[Stack]<UL><LI>Max Depth = 344<LI>Call Chain = System_Run &rArr; Task2_uart_process &rArr; CmdProcess &rArr; CmdSend &rArr; mb_crc16
</UL>
<BR>[Calls]<UL><LI><a href="#[84]">&gt;&gt;</a>&nbsp;&nbsp;&nbsp;Task4_rf433_process
<LI><a href="#[83]">&gt;&gt;</a>&nbsp;&nbsp;&nbsp;Task3_100ms_process
<LI><a href="#[82]">&gt;&gt;</a>&nbsp;&nbsp;&nbsp;Task2_uart_process
<LI><a href="#[81]">&gt;&gt;</a>&nbsp;&nbsp;&nbsp;Task1_idcard_process
</UL>
<BR>[Called By]<UL><LI><a href="#[3d]">&gt;&gt;</a>&nbsp;&nbsp;&nbsp;$Super$$main
</UL>

<P><STRONG><a name="[13]"></a>TIM3_IRQHandler</STRONG> (Thumb, 30 bytes, Stack size 8 bytes, bsp_driver.o(i.TIM3_IRQHandler))
<BR><BR>[Stack]<UL><LI>Max Depth = 16<LI>Call Chain = TIM3_IRQHandler &rArr; RT1587_decode
</UL>
<BR>[Calls]<UL><LI><a href="#[7d]">&gt;&gt;</a>&nbsp;&nbsp;&nbsp;RT1587_decode
</UL>
<BR>[Address Reference Count : 1]<UL><LI> startup_xl32f003x6.o(RESET)
</UL>
<P><STRONG><a name="[1b]"></a>USART2_IRQHandler</STRONG> (Thumb, 44 bytes, Stack size 0 bytes, bsp_driver.o(i.USART2_IRQHandler))
<BR>[Address Reference Count : 1]<UL><LI> startup_xl32f003x6.o(RESET)
</UL>
<P><STRONG><a name="[3b]"></a>__ARM_clz</STRONG> (Thumb, 46 bytes, Stack size 0 bytes, depilogue.o(i.__ARM_clz))
<BR><BR>[Called By]<UL><LI><a href="#[31]">&gt;&gt;</a>&nbsp;&nbsp;&nbsp;_double_epilogue
</UL>

<P><STRONG><a name="[9e]"></a>__ARM_common_switch8</STRONG> (Thumb, 28 bytes, Stack size 8 bytes, ymodem.o(i.__ARM_common_switch8))
<BR><BR>[Stack]<UL><LI>Max Depth = 8<LI>Call Chain = __ARM_common_switch8
</UL>
<BR>[Called By]<UL><LI><a href="#[9d]">&gt;&gt;</a>&nbsp;&nbsp;&nbsp;ymodem_packet_analysis
</UL>

<P><STRONG><a name="[b3]"></a>__scatterload_copy</STRONG> (Thumb, 14 bytes, Stack size unknown bytes, handlers.o(i.__scatterload_copy), UNUSED)

<P><STRONG><a name="[b4]"></a>__scatterload_null</STRONG> (Thumb, 2 bytes, Stack size unknown bytes, handlers.o(i.__scatterload_null), UNUSED)

<P><STRONG><a name="[b5]"></a>__scatterload_zeroinit</STRONG> (Thumb, 14 bytes, Stack size unknown bytes, handlers.o(i.__scatterload_zeroinit), UNUSED)

<P><STRONG><a name="[74]"></a>auto_reset</STRONG> (Thumb, 36 bytes, Stack size 8 bytes, card_m1.o(i.auto_reset))
<BR><BR>[Stack]<UL><LI>Max Depth = 80<LI>Call Chain = auto_reset &rArr; PCD_DP1322ES_TypeA_Init &rArr; PcdAntennaOn &rArr; I_DP1322ES_SetBitMask &rArr; I_DP1322ES_IO_Write &rArr; SPI_RW_Data
</UL>
<BR>[Calls]<UL><LI><a href="#[79]">&gt;&gt;</a>&nbsp;&nbsp;&nbsp;PCD_DP1322ES_TypeA_Init
<LI><a href="#[5d]">&gt;&gt;</a>&nbsp;&nbsp;&nbsp;LL_GPIO_SetOutputPin
<LI><a href="#[5b]">&gt;&gt;</a>&nbsp;&nbsp;&nbsp;LL_GPIO_ResetOutputPin
<LI><a href="#[8a]">&gt;&gt;</a>&nbsp;&nbsp;&nbsp;LL_mDelay
</UL>
<BR>[Called By]<UL><LI><a href="#[4f]">&gt;&gt;</a>&nbsp;&nbsp;&nbsp;PCD_DP1322ES_TypeA_GetUID
</UL>

<P><STRONG><a name="[8b]"></a>checkCardData</STRONG> (Thumb, 502 bytes, Stack size 40 bytes, bsp_driver.o(i.checkCardData))
<BR><BR>[Stack]<UL><LI>Max Depth = 68<LI>Call Chain = checkCardData &rArr; __aeabi_idivmod &rArr; __aeabi_uidivmod
</UL>
<BR>[Calls]<UL><LI><a href="#[2a]">&gt;&gt;</a>&nbsp;&nbsp;&nbsp;__aeabi_idivmod
</UL>
<BR>[Called By]<UL><LI><a href="#[57]">&gt;&gt;</a>&nbsp;&nbsp;&nbsp;id_card_decode
</UL>

<P><STRONG><a name="[59]"></a>flash_page_erase</STRONG> (Thumb, 124 bytes, Stack size 8 bytes, flash_driver.o(i.flash_page_erase))
<BR><BR>[Stack]<UL><LI>Max Depth = 24<LI>Call Chain = flash_page_erase &rArr; FLASH_WaitForLastOperation
</UL>
<BR>[Calls]<UL><LI><a href="#[27]">&gt;&gt;</a>&nbsp;&nbsp;&nbsp;FLASH_WaitForLastOperation
<LI><a href="#[25]">&gt;&gt;</a>&nbsp;&nbsp;&nbsp;flash_unlock
</UL>
<BR>[Called By]<UL><LI><a href="#[53]">&gt;&gt;</a>&nbsp;&nbsp;&nbsp;FlashSaveCallBellPara
</UL>

<P><STRONG><a name="[8c]"></a>flash_program_bytes</STRONG> (Thumb, 118 bytes, Stack size 24 bytes, flash_driver.o(i.flash_program_bytes))
<BR><BR>[Stack]<UL><LI>Max Depth = 72<LI>Call Chain = flash_program_bytes &rArr; flash_write_page &rArr; FLASH_WaitForLastOperation
</UL>
<BR>[Calls]<UL><LI><a href="#[29]">&gt;&gt;</a>&nbsp;&nbsp;&nbsp;flash_write_page
<LI><a href="#[25]">&gt;&gt;</a>&nbsp;&nbsp;&nbsp;flash_unlock
<LI><a href="#[28]">&gt;&gt;</a>&nbsp;&nbsp;&nbsp;flash_lock
<LI><a href="#[24]">&gt;&gt;</a>&nbsp;&nbsp;&nbsp;__aeabi_memset
<LI><a href="#[26]">&gt;&gt;</a>&nbsp;&nbsp;&nbsp;__aeabi_memcpy
</UL>
<BR>[Called By]<UL><LI><a href="#[9d]">&gt;&gt;</a>&nbsp;&nbsp;&nbsp;ymodem_packet_analysis
</UL>

<P><STRONG><a name="[92]"></a>get_id_io_state</STRONG> (Thumb, 22 bytes, Stack size 0 bytes, bsp_driver.o(i.get_id_io_state))
<BR><BR>[Called By]<UL><LI><a href="#[57]">&gt;&gt;</a>&nbsp;&nbsp;&nbsp;id_card_decode
</UL>

<P><STRONG><a name="[8d]"></a>gpio_init</STRONG> (Thumb, 462 bytes, Stack size 16 bytes, bsp_driver.o(i.gpio_init))
<BR><BR>[Stack]<UL><LI>Max Depth = 32<LI>Call Chain = gpio_init &rArr; LL_EXTI_Init
</UL>
<BR>[Calls]<UL><LI><a href="#[5e]">&gt;&gt;</a>&nbsp;&nbsp;&nbsp;LL_EXTI_Init
<LI><a href="#[45]">&gt;&gt;</a>&nbsp;&nbsp;&nbsp;NVIC_SetPriority
<LI><a href="#[46]">&gt;&gt;</a>&nbsp;&nbsp;&nbsp;NVIC_EnableIRQ
<LI><a href="#[40]">&gt;&gt;</a>&nbsp;&nbsp;&nbsp;LL_IOP_GRP1_EnableClock
<LI><a href="#[8e]">&gt;&gt;</a>&nbsp;&nbsp;&nbsp;LL_GPIO_SetPinSpeed
<LI><a href="#[91]">&gt;&gt;</a>&nbsp;&nbsp;&nbsp;LL_GPIO_SetPinPull
<LI><a href="#[8f]">&gt;&gt;</a>&nbsp;&nbsp;&nbsp;LL_GPIO_SetPinOutputType
<LI><a href="#[41]">&gt;&gt;</a>&nbsp;&nbsp;&nbsp;LL_GPIO_SetPinMode
<LI><a href="#[90]">&gt;&gt;</a>&nbsp;&nbsp;&nbsp;LL_GPIO_SetOutputPin
</UL>
<BR>[Called By]<UL><LI><a href="#[3d]">&gt;&gt;</a>&nbsp;&nbsp;&nbsp;$Super$$main
</UL>

<P><STRONG><a name="[57]"></a>id_card_decode</STRONG> (Thumb, 438 bytes, Stack size 8 bytes, bsp_driver.o(i.id_card_decode))
<BR><BR>[Stack]<UL><LI>Max Depth = 76<LI>Call Chain = id_card_decode &rArr; checkCardData &rArr; __aeabi_idivmod &rArr; __aeabi_uidivmod
</UL>
<BR>[Calls]<UL><LI><a href="#[92]">&gt;&gt;</a>&nbsp;&nbsp;&nbsp;get_id_io_state
<LI><a href="#[8b]">&gt;&gt;</a>&nbsp;&nbsp;&nbsp;checkCardData
<LI><a href="#[2c]">&gt;&gt;</a>&nbsp;&nbsp;&nbsp;__aeabi_memclr
</UL>
<BR>[Called By]<UL><LI><a href="#[d]">&gt;&gt;</a>&nbsp;&nbsp;&nbsp;EXTI4_15_IRQHandler
</UL>

<P><STRONG><a name="[93]"></a>m1_init</STRONG> (Thumb, 78 bytes, Stack size 8 bytes, card_m1.o(i.m1_init))
<BR><BR>[Stack]<UL><LI>Max Depth = 80<LI>Call Chain = m1_init &rArr; PCD_DP1322ES_TypeA_Init &rArr; PcdAntennaOn &rArr; I_DP1322ES_SetBitMask &rArr; I_DP1322ES_IO_Write &rArr; SPI_RW_Data
</UL>
<BR>[Calls]<UL><LI><a href="#[79]">&gt;&gt;</a>&nbsp;&nbsp;&nbsp;PCD_DP1322ES_TypeA_Init
<LI><a href="#[5d]">&gt;&gt;</a>&nbsp;&nbsp;&nbsp;LL_GPIO_SetOutputPin
<LI><a href="#[5b]">&gt;&gt;</a>&nbsp;&nbsp;&nbsp;LL_GPIO_ResetOutputPin
<LI><a href="#[8a]">&gt;&gt;</a>&nbsp;&nbsp;&nbsp;LL_mDelay
</UL>
<BR>[Called By]<UL><LI><a href="#[3d]">&gt;&gt;</a>&nbsp;&nbsp;&nbsp;$Super$$main
</UL>

<P><STRONG><a name="[3d]"></a>$Super$$main</STRONG> (Thumb, 42 bytes, Stack size 8 bytes, main.o(i.main))
<BR><BR>[Stack]<UL><LI>Max Depth = 352<LI>Call Chain = $Super$$main &rArr; System_Run &rArr; Task2_uart_process &rArr; CmdProcess &rArr; CmdSend &rArr; mb_crc16
</UL>
<BR>[Calls]<UL><LI><a href="#[95]">&gt;&gt;</a>&nbsp;&nbsp;&nbsp;uart2_init
<LI><a href="#[96]">&gt;&gt;</a>&nbsp;&nbsp;&nbsp;timer1_init
<LI><a href="#[93]">&gt;&gt;</a>&nbsp;&nbsp;&nbsp;m1_init
<LI><a href="#[8d]">&gt;&gt;</a>&nbsp;&nbsp;&nbsp;gpio_init
<LI><a href="#[80]">&gt;&gt;</a>&nbsp;&nbsp;&nbsp;System_Run
<LI><a href="#[94]">&gt;&gt;</a>&nbsp;&nbsp;&nbsp;IWDG_Config
<LI><a href="#[5a]">&gt;&gt;</a>&nbsp;&nbsp;&nbsp;FlashSynCallBellPara
<LI><a href="#[3f]">&gt;&gt;</a>&nbsp;&nbsp;&nbsp;ADC_init
<LI><a href="#[7e]">&gt;&gt;</a>&nbsp;&nbsp;&nbsp;SystemClock_Config
</UL>
<BR>[Called By]<UL><LI><a href="#[1c]">&gt;&gt;</a>&nbsp;&nbsp;&nbsp;main
</UL>

<P><STRONG><a name="[52]"></a>mb_crc16</STRONG> (Thumb, 46 bytes, Stack size 16 bytes, modbus_crc.o(i.mb_crc16))
<BR><BR>[Stack]<UL><LI>Max Depth = 16<LI>Call Chain = mb_crc16
</UL>
<BR>[Called By]<UL><LI><a href="#[50]">&gt;&gt;</a>&nbsp;&nbsp;&nbsp;CmdSend
<LI><a href="#[51]">&gt;&gt;</a>&nbsp;&nbsp;&nbsp;CmdProcess
</UL>

<P><STRONG><a name="[58]"></a>millis</STRONG> (Thumb, 6 bytes, Stack size 0 bytes, main.o(i.millis))
<BR><BR>[Called By]<UL><LI><a href="#[27]">&gt;&gt;</a>&nbsp;&nbsp;&nbsp;FLASH_WaitForLastOperation
<LI><a href="#[83]">&gt;&gt;</a>&nbsp;&nbsp;&nbsp;Task3_100ms_process
</UL>

<P><STRONG><a name="[96]"></a>timer1_init</STRONG> (Thumb, 186 bytes, Stack size 56 bytes, bsp_driver.o(i.timer1_init))
<BR><BR>[Stack]<UL><LI>Max Depth = 104<LI>Call Chain = timer1_init &rArr; LL_TIM_OC_Init &rArr; OC2Config
</UL>
<BR>[Calls]<UL><LI><a href="#[98]">&gt;&gt;</a>&nbsp;&nbsp;&nbsp;LL_TIM_OC_StructInit
<LI><a href="#[6a]">&gt;&gt;</a>&nbsp;&nbsp;&nbsp;LL_TIM_OC_Init
<LI><a href="#[99]">&gt;&gt;</a>&nbsp;&nbsp;&nbsp;LL_TIM_Init
<LI><a href="#[45]">&gt;&gt;</a>&nbsp;&nbsp;&nbsp;NVIC_SetPriority
<LI><a href="#[46]">&gt;&gt;</a>&nbsp;&nbsp;&nbsp;NVIC_EnableIRQ
<LI><a href="#[9a]">&gt;&gt;</a>&nbsp;&nbsp;&nbsp;LL_TIM_EnableCounter
<LI><a href="#[42]">&gt;&gt;</a>&nbsp;&nbsp;&nbsp;LL_APB1_GRP2_EnableClock
<LI><a href="#[9b]">&gt;&gt;</a>&nbsp;&nbsp;&nbsp;LL_APB1_GRP1_EnableClock
<LI><a href="#[97]">&gt;&gt;</a>&nbsp;&nbsp;&nbsp;__aeabi_memclr4
</UL>
<BR>[Called By]<UL><LI><a href="#[3d]">&gt;&gt;</a>&nbsp;&nbsp;&nbsp;$Super$$main
</UL>

<P><STRONG><a name="[95]"></a>uart2_init</STRONG> (Thumb, 182 bytes, Stack size 56 bytes, bsp_driver.o(i.uart2_init))
<BR><BR>[Stack]<UL><LI>Max Depth = 148<LI>Call Chain = uart2_init &rArr; LL_USART_Init &rArr; LL_USART_SetBaudRate &rArr; __aeabi_uidivmod
</UL>
<BR>[Calls]<UL><LI><a href="#[6f]">&gt;&gt;</a>&nbsp;&nbsp;&nbsp;LL_USART_Init
<LI><a href="#[9c]">&gt;&gt;</a>&nbsp;&nbsp;&nbsp;LL_GPIO_Init
<LI><a href="#[45]">&gt;&gt;</a>&nbsp;&nbsp;&nbsp;NVIC_SetPriority
<LI><a href="#[46]">&gt;&gt;</a>&nbsp;&nbsp;&nbsp;NVIC_EnableIRQ
<LI><a href="#[40]">&gt;&gt;</a>&nbsp;&nbsp;&nbsp;LL_IOP_GRP1_EnableClock
<LI><a href="#[9b]">&gt;&gt;</a>&nbsp;&nbsp;&nbsp;LL_APB1_GRP1_EnableClock
</UL>
<BR>[Called By]<UL><LI><a href="#[3d]">&gt;&gt;</a>&nbsp;&nbsp;&nbsp;$Super$$main
</UL>

<P><STRONG><a name="[54]"></a>uart_send_data</STRONG> (Thumb, 52 bytes, Stack size 8 bytes, bsp_driver.o(i.uart_send_data))
<BR><BR>[Stack]<UL><LI>Max Depth = 8<LI>Call Chain = uart_send_data
</UL>
<BR>[Called By]<UL><LI><a href="#[50]">&gt;&gt;</a>&nbsp;&nbsp;&nbsp;CmdSend
<LI><a href="#[86]">&gt;&gt;</a>&nbsp;&nbsp;&nbsp;ymodem_timeout_process
<LI><a href="#[85]">&gt;&gt;</a>&nbsp;&nbsp;&nbsp;ymodem_data_process
</UL>

<P><STRONG><a name="[9d]"></a>ymodem_packet_analysis</STRONG> (Thumb, 588 bytes, Stack size 24 bytes, ymodem.o(i.ymodem_packet_analysis))
<BR><BR>[Stack]<UL><LI>Max Depth = 96<LI>Call Chain = ymodem_packet_analysis &rArr; flash_program_bytes &rArr; flash_write_page &rArr; FLASH_WaitForLastOperation
</UL>
<BR>[Calls]<UL><LI><a href="#[9e]">&gt;&gt;</a>&nbsp;&nbsp;&nbsp;__ARM_common_switch8
<LI><a href="#[88]">&gt;&gt;</a>&nbsp;&nbsp;&nbsp;YmodemCRC
<LI><a href="#[8c]">&gt;&gt;</a>&nbsp;&nbsp;&nbsp;flash_program_bytes
<LI><a href="#[97]">&gt;&gt;</a>&nbsp;&nbsp;&nbsp;__aeabi_memclr4
</UL>
<BR>[Called By]<UL><LI><a href="#[85]">&gt;&gt;</a>&nbsp;&nbsp;&nbsp;ymodem_data_process
</UL>
<P>
<H3>
Local Symbols
</H3>
<P><STRONG><a name="[7e]"></a>SystemClock_Config</STRONG> (Thumb, 162 bytes, Stack size 8 bytes, main.o(i.SystemClock_Config))
<BR><BR>[Stack]<UL><LI>Max Depth = 36<LI>Call Chain = SystemClock_Config &rArr; LL_Init1msTick &rArr; __aeabi_uidivmod
</UL>
<BR>[Calls]<UL><LI><a href="#[7f]">&gt;&gt;</a>&nbsp;&nbsp;&nbsp;LL_SetSystemCoreClock
<LI><a href="#[65]">&gt;&gt;</a>&nbsp;&nbsp;&nbsp;LL_Init1msTick
</UL>
<BR>[Called By]<UL><LI><a href="#[3d]">&gt;&gt;</a>&nbsp;&nbsp;&nbsp;$Super$$main
</UL>

<P><STRONG><a name="[28]"></a>flash_lock</STRONG> (Thumb, 34 bytes, Stack size 0 bytes, flash_driver.o(i.flash_lock))
<BR><BR>[Called By]<UL><LI><a href="#[8c]">&gt;&gt;</a>&nbsp;&nbsp;&nbsp;flash_program_bytes
<LI><a href="#[23]">&gt;&gt;</a>&nbsp;&nbsp;&nbsp;flash_write
</UL>

<P><STRONG><a name="[25]"></a>flash_unlock</STRONG> (Thumb, 42 bytes, Stack size 0 bytes, flash_driver.o(i.flash_unlock))
<BR><BR>[Called By]<UL><LI><a href="#[8c]">&gt;&gt;</a>&nbsp;&nbsp;&nbsp;flash_program_bytes
<LI><a href="#[59]">&gt;&gt;</a>&nbsp;&nbsp;&nbsp;flash_page_erase
<LI><a href="#[23]">&gt;&gt;</a>&nbsp;&nbsp;&nbsp;flash_write
</UL>

<P><STRONG><a name="[43]"></a>LL_ADC_IsEnabled</STRONG> (Thumb, 16 bytes, Stack size 0 bytes, bsp_driver.o(i.LL_ADC_IsEnabled))
<BR><BR>[Called By]<UL><LI><a href="#[47]">&gt;&gt;</a>&nbsp;&nbsp;&nbsp;ADC_start
<LI><a href="#[3f]">&gt;&gt;</a>&nbsp;&nbsp;&nbsp;ADC_init
</UL>

<P><STRONG><a name="[44]"></a>LL_ADC_SetResolution</STRONG> (Thumb, 12 bytes, Stack size 0 bytes, bsp_driver.o(i.LL_ADC_SetResolution))
<BR><BR>[Called By]<UL><LI><a href="#[3f]">&gt;&gt;</a>&nbsp;&nbsp;&nbsp;ADC_init
</UL>

<P><STRONG><a name="[9b]"></a>LL_APB1_GRP1_EnableClock</STRONG> (Thumb, 24 bytes, Stack size 8 bytes, bsp_driver.o(i.LL_APB1_GRP1_EnableClock))
<BR><BR>[Stack]<UL><LI>Max Depth = 8<LI>Call Chain = LL_APB1_GRP1_EnableClock
</UL>
<BR>[Called By]<UL><LI><a href="#[95]">&gt;&gt;</a>&nbsp;&nbsp;&nbsp;uart2_init
<LI><a href="#[96]">&gt;&gt;</a>&nbsp;&nbsp;&nbsp;timer1_init
</UL>

<P><STRONG><a name="[42]"></a>LL_APB1_GRP2_EnableClock</STRONG> (Thumb, 24 bytes, Stack size 8 bytes, bsp_driver.o(i.LL_APB1_GRP2_EnableClock))
<BR><BR>[Stack]<UL><LI>Max Depth = 8<LI>Call Chain = LL_APB1_GRP2_EnableClock
</UL>
<BR>[Called By]<UL><LI><a href="#[96]">&gt;&gt;</a>&nbsp;&nbsp;&nbsp;timer1_init
<LI><a href="#[3f]">&gt;&gt;</a>&nbsp;&nbsp;&nbsp;ADC_init
</UL>

<P><STRONG><a name="[56]"></a>LL_EXTI_ClearFlag</STRONG> (Thumb, 6 bytes, Stack size 0 bytes, bsp_driver.o(i.LL_EXTI_ClearFlag))
<BR><BR>[Called By]<UL><LI><a href="#[d]">&gt;&gt;</a>&nbsp;&nbsp;&nbsp;EXTI4_15_IRQHandler
</UL>

<P><STRONG><a name="[55]"></a>LL_EXTI_ReadFlag</STRONG> (Thumb, 10 bytes, Stack size 0 bytes, bsp_driver.o(i.LL_EXTI_ReadFlag))
<BR><BR>[Called By]<UL><LI><a href="#[d]">&gt;&gt;</a>&nbsp;&nbsp;&nbsp;EXTI4_15_IRQHandler
</UL>

<P><STRONG><a name="[90]"></a>LL_GPIO_SetOutputPin</STRONG> (Thumb, 4 bytes, Stack size 0 bytes, bsp_driver.o(i.LL_GPIO_SetOutputPin))
<BR><BR>[Called By]<UL><LI><a href="#[8d]">&gt;&gt;</a>&nbsp;&nbsp;&nbsp;gpio_init
</UL>

<P><STRONG><a name="[41]"></a>LL_GPIO_SetPinMode</STRONG> (Thumb, 26 bytes, Stack size 12 bytes, bsp_driver.o(i.LL_GPIO_SetPinMode))
<BR><BR>[Stack]<UL><LI>Max Depth = 12<LI>Call Chain = LL_GPIO_SetPinMode
</UL>
<BR>[Called By]<UL><LI><a href="#[8d]">&gt;&gt;</a>&nbsp;&nbsp;&nbsp;gpio_init
<LI><a href="#[3f]">&gt;&gt;</a>&nbsp;&nbsp;&nbsp;ADC_init
</UL>

<P><STRONG><a name="[8f]"></a>LL_GPIO_SetPinOutputType</STRONG> (Thumb, 16 bytes, Stack size 8 bytes, bsp_driver.o(i.LL_GPIO_SetPinOutputType))
<BR><BR>[Stack]<UL><LI>Max Depth = 8<LI>Call Chain = LL_GPIO_SetPinOutputType
</UL>
<BR>[Called By]<UL><LI><a href="#[8d]">&gt;&gt;</a>&nbsp;&nbsp;&nbsp;gpio_init
</UL>

<P><STRONG><a name="[91]"></a>LL_GPIO_SetPinPull</STRONG> (Thumb, 26 bytes, Stack size 12 bytes, bsp_driver.o(i.LL_GPIO_SetPinPull))
<BR><BR>[Stack]<UL><LI>Max Depth = 12<LI>Call Chain = LL_GPIO_SetPinPull
</UL>
<BR>[Called By]<UL><LI><a href="#[8d]">&gt;&gt;</a>&nbsp;&nbsp;&nbsp;gpio_init
</UL>

<P><STRONG><a name="[8e]"></a>LL_GPIO_SetPinSpeed</STRONG> (Thumb, 26 bytes, Stack size 12 bytes, bsp_driver.o(i.LL_GPIO_SetPinSpeed))
<BR><BR>[Stack]<UL><LI>Max Depth = 12<LI>Call Chain = LL_GPIO_SetPinSpeed
</UL>
<BR>[Called By]<UL><LI><a href="#[8d]">&gt;&gt;</a>&nbsp;&nbsp;&nbsp;gpio_init
</UL>

<P><STRONG><a name="[40]"></a>LL_IOP_GRP1_EnableClock</STRONG> (Thumb, 24 bytes, Stack size 8 bytes, bsp_driver.o(i.LL_IOP_GRP1_EnableClock))
<BR><BR>[Stack]<UL><LI>Max Depth = 8<LI>Call Chain = LL_IOP_GRP1_EnableClock
</UL>
<BR>[Called By]<UL><LI><a href="#[95]">&gt;&gt;</a>&nbsp;&nbsp;&nbsp;uart2_init
<LI><a href="#[8d]">&gt;&gt;</a>&nbsp;&nbsp;&nbsp;gpio_init
<LI><a href="#[3f]">&gt;&gt;</a>&nbsp;&nbsp;&nbsp;ADC_init
</UL>

<P><STRONG><a name="[9a]"></a>LL_TIM_EnableCounter</STRONG> (Thumb, 10 bytes, Stack size 0 bytes, bsp_driver.o(i.LL_TIM_EnableCounter))
<BR><BR>[Called By]<UL><LI><a href="#[96]">&gt;&gt;</a>&nbsp;&nbsp;&nbsp;timer1_init
</UL>

<P><STRONG><a name="[46]"></a>NVIC_EnableIRQ</STRONG> (Thumb, 14 bytes, Stack size 0 bytes, bsp_driver.o(i.NVIC_EnableIRQ))
<BR><BR>[Called By]<UL><LI><a href="#[95]">&gt;&gt;</a>&nbsp;&nbsp;&nbsp;uart2_init
<LI><a href="#[96]">&gt;&gt;</a>&nbsp;&nbsp;&nbsp;timer1_init
<LI><a href="#[8d]">&gt;&gt;</a>&nbsp;&nbsp;&nbsp;gpio_init
<LI><a href="#[3f]">&gt;&gt;</a>&nbsp;&nbsp;&nbsp;ADC_init
</UL>

<P><STRONG><a name="[45]"></a>NVIC_SetPriority</STRONG> (Thumb, 110 bytes, Stack size 8 bytes, bsp_driver.o(i.NVIC_SetPriority))
<BR><BR>[Stack]<UL><LI>Max Depth = 8<LI>Call Chain = NVIC_SetPriority
</UL>
<BR>[Called By]<UL><LI><a href="#[95]">&gt;&gt;</a>&nbsp;&nbsp;&nbsp;uart2_init
<LI><a href="#[96]">&gt;&gt;</a>&nbsp;&nbsp;&nbsp;timer1_init
<LI><a href="#[8d]">&gt;&gt;</a>&nbsp;&nbsp;&nbsp;gpio_init
<LI><a href="#[3f]">&gt;&gt;</a>&nbsp;&nbsp;&nbsp;ADC_init
</UL>

<P><STRONG><a name="[89]"></a>UpdateCRC16</STRONG> (Thumb, 58 bytes, Stack size 8 bytes, ymodem.o(i.UpdateCRC16))
<BR><BR>[Stack]<UL><LI>Max Depth = 8<LI>Call Chain = UpdateCRC16
</UL>
<BR>[Called By]<UL><LI><a href="#[88]">&gt;&gt;</a>&nbsp;&nbsp;&nbsp;YmodemCRC
</UL>

<P><STRONG><a name="[88]"></a>YmodemCRC</STRONG> (Thumb, 52 bytes, Stack size 24 bytes, ymodem.o(i.YmodemCRC))
<BR><BR>[Stack]<UL><LI>Max Depth = 32<LI>Call Chain = YmodemCRC &rArr; UpdateCRC16
</UL>
<BR>[Calls]<UL><LI><a href="#[89]">&gt;&gt;</a>&nbsp;&nbsp;&nbsp;UpdateCRC16
</UL>
<BR>[Called By]<UL><LI><a href="#[9d]">&gt;&gt;</a>&nbsp;&nbsp;&nbsp;ymodem_packet_analysis
</UL>

<P><STRONG><a name="[5f]"></a>LL_EXTI_DisableEvent</STRONG> (Thumb, 12 bytes, Stack size 0 bytes, xl32f0xx_ll_exti.o(i.LL_EXTI_DisableEvent))
<BR><BR>[Called By]<UL><LI><a href="#[5e]">&gt;&gt;</a>&nbsp;&nbsp;&nbsp;LL_EXTI_Init
</UL>

<P><STRONG><a name="[61]"></a>LL_EXTI_DisableIT</STRONG> (Thumb, 12 bytes, Stack size 0 bytes, xl32f0xx_ll_exti.o(i.LL_EXTI_DisableIT))
<BR><BR>[Called By]<UL><LI><a href="#[5e]">&gt;&gt;</a>&nbsp;&nbsp;&nbsp;LL_EXTI_Init
</UL>

<P><STRONG><a name="[62]"></a>LL_EXTI_EnableEvent</STRONG> (Thumb, 12 bytes, Stack size 0 bytes, xl32f0xx_ll_exti.o(i.LL_EXTI_EnableEvent))
<BR><BR>[Called By]<UL><LI><a href="#[5e]">&gt;&gt;</a>&nbsp;&nbsp;&nbsp;LL_EXTI_Init
</UL>

<P><STRONG><a name="[64]"></a>LL_EXTI_EnableFallingTrig</STRONG> (Thumb, 12 bytes, Stack size 0 bytes, xl32f0xx_ll_exti.o(i.LL_EXTI_EnableFallingTrig))
<BR><BR>[Called By]<UL><LI><a href="#[5e]">&gt;&gt;</a>&nbsp;&nbsp;&nbsp;LL_EXTI_Init
</UL>

<P><STRONG><a name="[60]"></a>LL_EXTI_EnableIT</STRONG> (Thumb, 12 bytes, Stack size 0 bytes, xl32f0xx_ll_exti.o(i.LL_EXTI_EnableIT))
<BR><BR>[Called By]<UL><LI><a href="#[5e]">&gt;&gt;</a>&nbsp;&nbsp;&nbsp;LL_EXTI_Init
</UL>

<P><STRONG><a name="[63]"></a>LL_EXTI_EnableRisingTrig</STRONG> (Thumb, 12 bytes, Stack size 0 bytes, xl32f0xx_ll_exti.o(i.LL_EXTI_EnableRisingTrig))
<BR><BR>[Called By]<UL><LI><a href="#[5e]">&gt;&gt;</a>&nbsp;&nbsp;&nbsp;LL_EXTI_Init
</UL>

<P><STRONG><a name="[7c]"></a>LL_RCC_GetSysClkSource</STRONG> (Thumb, 10 bytes, Stack size 0 bytes, xl32f0xx_ll_rcc.o(i.LL_RCC_GetSysClkSource))
<BR><BR>[Called By]<UL><LI><a href="#[67]">&gt;&gt;</a>&nbsp;&nbsp;&nbsp;RCC_GetSystemClockFreq
</UL>

<P><STRONG><a name="[72]"></a>LL_TIM_OC_SetCompareCH2</STRONG> (Thumb, 4 bytes, Stack size 0 bytes, xl32f0xx_ll_tim.o(i.LL_TIM_OC_SetCompareCH2))
<BR><BR>[Called By]<UL><LI><a href="#[6c]">&gt;&gt;</a>&nbsp;&nbsp;&nbsp;OC2Config
</UL>

<P><STRONG><a name="[6b]"></a>OC1Config</STRONG> (Thumb, 148 bytes, Stack size 16 bytes, xl32f0xx_ll_tim.o(i.OC1Config))
<BR><BR>[Stack]<UL><LI>Max Depth = 16<LI>Call Chain = OC1Config
</UL>
<BR>[Called By]<UL><LI><a href="#[6a]">&gt;&gt;</a>&nbsp;&nbsp;&nbsp;LL_TIM_OC_Init
</UL>

<P><STRONG><a name="[6c]"></a>OC2Config</STRONG> (Thumb, 174 bytes, Stack size 24 bytes, xl32f0xx_ll_tim.o(i.OC2Config))
<BR><BR>[Stack]<UL><LI>Max Depth = 24<LI>Call Chain = OC2Config
</UL>
<BR>[Calls]<UL><LI><a href="#[72]">&gt;&gt;</a>&nbsp;&nbsp;&nbsp;LL_TIM_OC_SetCompareCH2
</UL>
<BR>[Called By]<UL><LI><a href="#[6a]">&gt;&gt;</a>&nbsp;&nbsp;&nbsp;LL_TIM_OC_Init
</UL>

<P><STRONG><a name="[6d]"></a>OC3Config</STRONG> (Thumb, 166 bytes, Stack size 16 bytes, xl32f0xx_ll_tim.o(i.OC3Config))
<BR><BR>[Stack]<UL><LI>Max Depth = 16<LI>Call Chain = OC3Config
</UL>
<BR>[Called By]<UL><LI><a href="#[6a]">&gt;&gt;</a>&nbsp;&nbsp;&nbsp;LL_TIM_OC_Init
</UL>

<P><STRONG><a name="[6e]"></a>OC4Config</STRONG> (Thumb, 128 bytes, Stack size 16 bytes, xl32f0xx_ll_tim.o(i.OC4Config))
<BR><BR>[Stack]<UL><LI>Max Depth = 16<LI>Call Chain = OC4Config
</UL>
<BR>[Called By]<UL><LI><a href="#[6a]">&gt;&gt;</a>&nbsp;&nbsp;&nbsp;LL_TIM_OC_Init
</UL>

<P><STRONG><a name="[70]"></a>LL_USART_IsEnabled</STRONG> (Thumb, 14 bytes, Stack size 0 bytes, xl32f0xx_ll_usart.o(i.LL_USART_IsEnabled))
<BR><BR>[Called By]<UL><LI><a href="#[6f]">&gt;&gt;</a>&nbsp;&nbsp;&nbsp;LL_USART_Init
</UL>

<P><STRONG><a name="[71]"></a>LL_USART_SetBaudRate</STRONG> (Thumb, 306 bytes, Stack size 48 bytes, xl32f0xx_ll_usart.o(i.LL_USART_SetBaudRate))
<BR><BR>[Stack]<UL><LI>Max Depth = 60<LI>Call Chain = LL_USART_SetBaudRate &rArr; __aeabi_uidivmod
</UL>
<BR>[Calls]<UL><LI><a href="#[2b]">&gt;&gt;</a>&nbsp;&nbsp;&nbsp;__aeabi_uidivmod
</UL>
<BR>[Called By]<UL><LI><a href="#[6f]">&gt;&gt;</a>&nbsp;&nbsp;&nbsp;LL_USART_Init
</UL>

<P><STRONG><a name="[4e]"></a>Check_M1</STRONG> (Thumb, 52 bytes, Stack size 8 bytes, app.o(i.Check_M1))
<BR><BR>[Stack]<UL><LI>Max Depth = 320<LI>Call Chain = Check_M1 &rArr; CmdSend &rArr; mb_crc16
</UL>
<BR>[Calls]<UL><LI><a href="#[50]">&gt;&gt;</a>&nbsp;&nbsp;&nbsp;CmdSend
<LI><a href="#[4f]">&gt;&gt;</a>&nbsp;&nbsp;&nbsp;PCD_DP1322ES_TypeA_GetUID
</UL>
<BR>[Called By]<UL><LI><a href="#[83]">&gt;&gt;</a>&nbsp;&nbsp;&nbsp;Task3_100ms_process
</UL>

<P><STRONG><a name="[87]"></a>NVIC_SystemReset</STRONG> (Thumb, 44 bytes, Stack size 0 bytes, app.o(i.NVIC_SystemReset))
<BR><BR>[Called By]<UL><LI><a href="#[86]">&gt;&gt;</a>&nbsp;&nbsp;&nbsp;ymodem_timeout_process
<LI><a href="#[83]">&gt;&gt;</a>&nbsp;&nbsp;&nbsp;Task3_100ms_process
</UL>

<P><STRONG><a name="[81]"></a>Task1_idcard_process</STRONG> (Thumb, 98 bytes, Stack size 8 bytes, app.o(i.Task1_idcard_process))
<BR><BR>[Stack]<UL><LI>Max Depth = 320<LI>Call Chain = Task1_idcard_process &rArr; CmdSend &rArr; mb_crc16
</UL>
<BR>[Calls]<UL><LI><a href="#[50]">&gt;&gt;</a>&nbsp;&nbsp;&nbsp;CmdSend
<LI><a href="#[2c]">&gt;&gt;</a>&nbsp;&nbsp;&nbsp;__aeabi_memclr
</UL>
<BR>[Called By]<UL><LI><a href="#[80]">&gt;&gt;</a>&nbsp;&nbsp;&nbsp;System_Run
</UL>

<P><STRONG><a name="[82]"></a>Task2_uart_process</STRONG> (Thumb, 74 bytes, Stack size 8 bytes, app.o(i.Task2_uart_process))
<BR><BR>[Stack]<UL><LI>Max Depth = 344<LI>Call Chain = Task2_uart_process &rArr; CmdProcess &rArr; CmdSend &rArr; mb_crc16
</UL>
<BR>[Calls]<UL><LI><a href="#[51]">&gt;&gt;</a>&nbsp;&nbsp;&nbsp;CmdProcess
<LI><a href="#[85]">&gt;&gt;</a>&nbsp;&nbsp;&nbsp;ymodem_data_process
</UL>
<BR>[Called By]<UL><LI><a href="#[80]">&gt;&gt;</a>&nbsp;&nbsp;&nbsp;System_Run
</UL>

<P><STRONG><a name="[83]"></a>Task3_100ms_process</STRONG> (Thumb, 212 bytes, Stack size 16 bytes, app.o(i.Task3_100ms_process))
<BR><BR>[Stack]<UL><LI>Max Depth = 336<LI>Call Chain = Task3_100ms_process &rArr; Check_M1 &rArr; CmdSend &rArr; mb_crc16
</UL>
<BR>[Calls]<UL><LI><a href="#[50]">&gt;&gt;</a>&nbsp;&nbsp;&nbsp;CmdSend
<LI><a href="#[47]">&gt;&gt;</a>&nbsp;&nbsp;&nbsp;ADC_start
<LI><a href="#[58]">&gt;&gt;</a>&nbsp;&nbsp;&nbsp;millis
<LI><a href="#[39]">&gt;&gt;</a>&nbsp;&nbsp;&nbsp;__aeabi_d2uiz
<LI><a href="#[86]">&gt;&gt;</a>&nbsp;&nbsp;&nbsp;ymodem_timeout_process
<LI><a href="#[87]">&gt;&gt;</a>&nbsp;&nbsp;&nbsp;NVIC_SystemReset
<LI><a href="#[4e]">&gt;&gt;</a>&nbsp;&nbsp;&nbsp;Check_M1
<LI><a href="#[2b]">&gt;&gt;</a>&nbsp;&nbsp;&nbsp;__aeabi_uidivmod
</UL>
<BR>[Called By]<UL><LI><a href="#[80]">&gt;&gt;</a>&nbsp;&nbsp;&nbsp;System_Run
</UL>

<P><STRONG><a name="[84]"></a>Task4_rf433_process</STRONG> (Thumb, 186 bytes, Stack size 16 bytes, app.o(i.Task4_rf433_process))
<BR><BR>[Stack]<UL><LI>Max Depth = 328<LI>Call Chain = Task4_rf433_process &rArr; CmdSend &rArr; mb_crc16
</UL>
<BR>[Calls]<UL><LI><a href="#[50]">&gt;&gt;</a>&nbsp;&nbsp;&nbsp;CmdSend
<LI><a href="#[26]">&gt;&gt;</a>&nbsp;&nbsp;&nbsp;__aeabi_memcpy
</UL>
<BR>[Called By]<UL><LI><a href="#[80]">&gt;&gt;</a>&nbsp;&nbsp;&nbsp;System_Run
</UL>

<P><STRONG><a name="[85]"></a>ymodem_data_process</STRONG> (Thumb, 96 bytes, Stack size 16 bytes, app.o(i.ymodem_data_process))
<BR><BR>[Stack]<UL><LI>Max Depth = 112<LI>Call Chain = ymodem_data_process &rArr; ymodem_packet_analysis &rArr; flash_program_bytes &rArr; flash_write_page &rArr; FLASH_WaitForLastOperation
</UL>
<BR>[Calls]<UL><LI><a href="#[9d]">&gt;&gt;</a>&nbsp;&nbsp;&nbsp;ymodem_packet_analysis
<LI><a href="#[54]">&gt;&gt;</a>&nbsp;&nbsp;&nbsp;uart_send_data
<LI><a href="#[8a]">&gt;&gt;</a>&nbsp;&nbsp;&nbsp;LL_mDelay
</UL>
<BR>[Called By]<UL><LI><a href="#[82]">&gt;&gt;</a>&nbsp;&nbsp;&nbsp;Task2_uart_process
</UL>

<P><STRONG><a name="[86]"></a>ymodem_timeout_process</STRONG> (Thumb, 88 bytes, Stack size 8 bytes, app.o(i.ymodem_timeout_process))
<BR><BR>[Stack]<UL><LI>Max Depth = 16<LI>Call Chain = ymodem_timeout_process &rArr; uart_send_data
</UL>
<BR>[Calls]<UL><LI><a href="#[54]">&gt;&gt;</a>&nbsp;&nbsp;&nbsp;uart_send_data
<LI><a href="#[87]">&gt;&gt;</a>&nbsp;&nbsp;&nbsp;NVIC_SystemReset
<LI><a href="#[97]">&gt;&gt;</a>&nbsp;&nbsp;&nbsp;__aeabi_memclr4
</UL>
<BR>[Called By]<UL><LI><a href="#[83]">&gt;&gt;</a>&nbsp;&nbsp;&nbsp;Task3_100ms_process
</UL>

<P><STRONG><a name="[5b]"></a>LL_GPIO_ResetOutputPin</STRONG> (Thumb, 4 bytes, Stack size 0 bytes, card_m1.o(i.LL_GPIO_ResetOutputPin))
<BR><BR>[Called By]<UL><LI><a href="#[93]">&gt;&gt;</a>&nbsp;&nbsp;&nbsp;m1_init
<LI><a href="#[4b]">&gt;&gt;</a>&nbsp;&nbsp;&nbsp;I_DP1322ES_IO_Write
<LI><a href="#[4d]">&gt;&gt;</a>&nbsp;&nbsp;&nbsp;I_DP1322ES_IO_Read
<LI><a href="#[74]">&gt;&gt;</a>&nbsp;&nbsp;&nbsp;auto_reset
<LI><a href="#[5c]">&gt;&gt;</a>&nbsp;&nbsp;&nbsp;SPI_RW_Data
</UL>

<P><STRONG><a name="[5d]"></a>LL_GPIO_SetOutputPin</STRONG> (Thumb, 4 bytes, Stack size 0 bytes, card_m1.o(i.LL_GPIO_SetOutputPin))
<BR><BR>[Called By]<UL><LI><a href="#[93]">&gt;&gt;</a>&nbsp;&nbsp;&nbsp;m1_init
<LI><a href="#[4b]">&gt;&gt;</a>&nbsp;&nbsp;&nbsp;I_DP1322ES_IO_Write
<LI><a href="#[4d]">&gt;&gt;</a>&nbsp;&nbsp;&nbsp;I_DP1322ES_IO_Read
<LI><a href="#[74]">&gt;&gt;</a>&nbsp;&nbsp;&nbsp;auto_reset
<LI><a href="#[5c]">&gt;&gt;</a>&nbsp;&nbsp;&nbsp;SPI_RW_Data
</UL>
<P>
<H3>
Undefined Global Symbols
</H3>
<P><STRONG><a name="[22]"></a>__arm_fini_</STRONG> (Unknown, 0 bytes, Stack size 0 bytes, UNDEFINED)
<BR><BR>[Called By]<UL><LI><a href="#[21]">&gt;&gt;</a>&nbsp;&nbsp;&nbsp;__rt_lib_shutdown_fini
</UL>
<HR></body></html>
