<html>
<body>
<pre>
<h1>µVision Build Log</h1>
<h2>Tool Versions:</h2>
IDE-Version: ¦ÌVision V5.36.0.0
Copyright (C) 2021 ARM Ltd and ARM Germany GmbH. All rights reserved.
License Information: 123 ºÎÇ¬ºÀ, 123123, LIC=ZB4EI-T291H-9U94U-S9BEL-0IQFX-SE5UR
 
Tool Versions:
Toolchain:       MDK-ARM Plus  Version: 5.36.0.0
Toolchain Path:  E:\Software\MDK5.27\ARM\ARMCC\Bin
C Compiler:      Armcc.exe V5.06 update 7 (build 960)
Assembler:       Armasm.exe V5.06 update 7 (build 960)
Linker/Locator:  ArmLink.exe V5.06 update 7 (build 960)
Library Manager: ArmAr.exe V5.06 update 7 (build 960)
Hex Converter:   FromElf.exe V5.06 update 7 (build 960)
CPU DLL:         SARMCM3.DLL V5.36.0.0
Dialog DLL:      DARMCM1.DLL V1.19.4.0
Target DLL:      STLink\ST-LINKIII-KEIL_SWO.dll V3.0.9.0
Dialog DLL:      TARMCM1.DLL V1.14.4.0
 
<h2>Project:</h2>
E:\work\Z9 Module\A133_ID_M1\without mbs\MDK-ARM\Project.uvprojx
Project File Date:  01/14/2024

<h2>Output:</h2>
*** Using Compiler 'V5.06 update 7 (build 960)', folder: 'E:\Software\MDK5.27\ARM\ARMCC\Bin'
Rebuild target 'Target'
assembling startup_xl32f003x6.s...
compiling Modbus_CRC.c...
compiling xl32f0xx_ll_rcc.c...
compiling xl32f0xx_ll_gpio.c...
compiling xl32f0xx_ll_utils.c...
compiling xl32f0xx_ll_exti.c...
compiling xl32f0xx_ll_tim.c...
compiling system_xl32f0xx.c...
compiling xl32f0xx_it.c...
compiling xl32f0xx_ll_usart.c...
compiling xl32f003xx_ll_Start_Kit.c...
compiling main.c...
compiling app.c...
compiling ymodem.c...
..\ymodem\ymodem.c(99): warning:  #111-D: statement is unreachable
              break;
..\ymodem\ymodem.c(146): warning:  #111-D: statement is unreachable
              break;
..\ymodem\ymodem.c: 2 warnings, 0 errors
compiling flash_driver.c...
compiling bsp_driver.c...
compiling card_m1.c...
..\APP\card_m1.c(604): warning:  #550-D: variable "LastIdM1"  was set but never used
      static unsigned char LastIdM1[5];
..\APP\card_m1.c(614): warning:  #177-D: variable "tv_check"  was declared but never referenced
      long tv_check = 0;
..\APP\card_m1.c(615): warning:  #177-D: variable "i"  was declared but never referenced
      int i, j, k, x1, x2;
..\APP\card_m1.c(615): warning:  #177-D: variable "j"  was declared but never referenced
      int i, j, k, x1, x2;
..\APP\card_m1.c(616): warning:  #177-D: variable "xxx"  was declared but never referenced
      int xxx;
..\APP\card_m1.c(619): warning:  #177-D: variable "timeout"  was declared but never referenced
      int timeout = 200000; // 200ms
..\APP\card_m1.c: 6 warnings, 0 errors
linking...
Program Size: Code=14224 RO-data=1060 RW-data=292 ZI-data=2020  
FromELF: creating hex file...
".\Objects\Target.axf" - 0 Error(s), 8 Warning(s).

<h2>Software Packages used:</h2>

Package Vendor: ARMM0
                http://www.keil.com/pack/ARMM0.ARM32F0xx_DFP.0.0.6.pack
                ARMM0.ARM32F0xx_DFP.0.0.6
                ARMM0 ARM32F0 Series Device Support

<h2>Collection of Component include folders:</h2>
  E:\Software\Document\MDK\ARMM0\ARM32F0xx_DFP\0.0.6\Device\Include

<h2>Collection of Component Files used:</h2>
Build Time Elapsed:  00:00:01
</pre>
</body>
</html>
